******************************************************************************
                  TI ARM Linker PC v5.1.6                      
******************************************************************************
>> Linked Sat Oct 25 14:53:14 2014

OUTPUT FILE NAME:   <EPI_demo.out>
ENTRY POINT SYMBOL: "_c_int00"  address: 00000c19


MEMORY CONFIGURATION

         name            origin    length      used     unused   attr    fill
----------------------  --------  ---------  --------  --------  ----  --------
  FLASH                 00000000   00100000  00001136  000feeca  R  X
  SRAM                  20000000   00040000  0000022e  0003fdd2  RW X


SEGMENT ALLOCATION MAP

run origin  load origin   length   init length attrs members
----------  ----------- ---------- ----------- ----- -------
00000000    00000000    00001138   00001138    r-x
  00000000    00000000    00000208   00000208    r-- .intvecs
  00000208    00000208    00000c32   00000c32    r-x .text
  00000e3c    00000e3c    000002c4   000002c4    r-- .const
  00001100    00001100    00000038   00000038    r-- .cinit
20000000    20000000    0000022e   00000000    rw-
  20000000    20000000    00000200   00000000    rw- .stack
  20000200    20000200    00000018   00000000    rw- .data
  20000218    20000218    00000016   00000000    rw- .bss


SECTION ALLOCATION MAP

 output                                  attributes/
section   page    origin      length       input sections
--------  ----  ----------  ----------   ----------------
.intvecs   0    00000000    00000208     
                  00000000    00000208     tm4c1294ncpdt_startup_ccs.obj (.intvecs)

.init_array 
*          0    00000000    00000000     UNINITIALIZED

.text      0    00000208    00000c32     
                  00000208    00000408     main.obj (.text)
                  00000610    000001fc     driverlib.lib : sysctl.obj (.text:SysCtlClockFreqSet)
                  0000080c    00000130                   : gpio.obj (.text:GPIOPadConfigSet)
                  0000093c    0000009c     rtsv7M4_T_le_v4SPD16_eabi.lib : memcpy_t2.obj (.text)
                  000009d8    00000094                                   : auto_init.obj (.text)
                  00000a6c    00000060     driverlib.lib : interrupt.obj (.text:IntEnable)
                  00000acc    0000005e     rtsv7M4_T_le_v4SPD16_eabi.lib : copy_decompress_rle.obj (.text)
                  00000b2a    00000002     --HOLE-- [fill = 0]
                  00000b2c    0000005c     driverlib.lib : timer.obj (.text:TimerConfigure)
                  00000b88    00000048                   : gpio.obj (.text:GPIOPinConfigure)
                  00000bd0    00000048                   : sysctl.obj (.text:_SysCtlFrequencyGet)
                  00000c18    00000048     rtsv7M4_T_le_v4SPD16_eabi.lib : boot.obj (.text)
                  00000c60    00000044                                   : cpy_tbl.obj (.text)
                  00000ca4    00000044                                   : exit.obj (.text)
                  00000ce8    00000034     driverlib.lib : sysctl.obj (.text:SysCtlPeripheralEnable)
                  00000d1c    0000002a                   : gpio.obj (.text:GPIODirModeSet)
                  00000d46    00000002     --HOLE-- [fill = 0]
                  00000d48    0000001c                   : sysctl.obj (.text:_SysCtlMemTimingGet)
                  00000d64    00000018                   : gpio.obj (.text:GPIOPinTypeGPIOOutput)
                  00000d7c    00000018     rtsv7M4_T_le_v4SPD16_eabi.lib : args_main.obj (.text)
                  00000d94    00000014                                   : _lock.obj (.text)
                  00000da8    00000012     driverlib.lib : gpio.obj (.text:GPIOPinTypeEPI)
                  00000dba    00000012                   : timer.obj (.text:TimerLoadSet)
                  00000dcc    00000012     rtsv7M4_T_le_v4SPD16_eabi.lib : copy_zero_init.obj (.text:decompress:ZI)
                  00000dde    0000000e     driverlib.lib : timer.obj (.text:TimerEnable)
                  00000dec    0000000e     rtsv7M4_T_le_v4SPD16_eabi.lib : copy_decompress_none.obj (.text:decompress:none)
                  00000dfa    0000000c     driverlib.lib : cpu.obj (.text:CPUcpsie)
                  00000e06    0000000c     tm4c1294ncpdt_startup_ccs.obj (.text)
                  00000e12    0000000a     driverlib.lib : interrupt.obj (.text:IntMasterEnable)
                  00000e1c    00000008                   : timer.obj (.text:TimerIntEnable)
                  00000e24    00000006                   : gpio.obj (.text:GPIOPinRead)
                  00000e2a    00000006                   : gpio.obj (.text:GPIOPinWrite)
                  00000e30    00000006     rtsv7M4_T_le_v4SPD16_eabi.lib : copy_decompress_rle.obj (.text:decompress:rle24)
                  00000e36    00000004     driverlib.lib : timer.obj (.text:TimerIntClear)

.const     0    00000e3c    000002c4     
                  00000e3c    00000120     driverlib.lib : sysctl.obj (.const:g_pppui32XTALtoVCO)
                  00000f5c    00000090                   : gpio.obj (.const:g_pui32GPIOBaseAddrs)
                  00000fec    00000070                   : interrupt.obj (.const)
                  0000105c    0000006c                   : sysctl.obj (.const:g_pui32Xtals)
                  000010c8    00000030                   : sysctl.obj (.const:g_sXTALtoMEMTIM)
                  000010f8    00000008                   : sysctl.obj (.const)

.cinit     0    00001100    00000038     
                  00001100    0000000f     (.cinit..data.load) [load image, compression = rle]
                  0000110f    00000001     --HOLE-- [fill = 0]
                  00001110    0000000c     (__TI_handler_table)
                  0000111c    00000004     --HOLE-- [fill = 0]
                  00001120    00000008     (.cinit..bss.load) [load image, compression = zero_init]
                  00001128    00000010     (__TI_cinit_table)

.stack     0    20000000    00000200     UNINITIALIZED
                  20000000    00000200     --HOLE--

.data      0    20000200    00000018     UNINITIALIZED
                  20000200    00000008     rtsv7M4_T_le_v4SPD16_eabi.lib : _lock.obj (.data)
                  20000208    00000008                                   : exit.obj (.data)
                  20000210    00000004     main.obj (.data)
                  20000214    00000004     rtsv7M4_T_le_v4SPD16_eabi.lib : stkdepth_vars.obj (.data)

.bss       0    20000218    00000016     UNINITIALIZED
                  20000218    0000000c     (.common:rand)
                  20000224    00000001     (.common:F1)
                  20000225    00000001     (.common:F2)
                  20000226    00000001     (.common:F3)
                  20000227    00000001     (.common:G0)
                  20000228    00000001     (.common:L0)
                  20000229    00000001     (.common:L1)
                  2000022a    00000001     (.common:L2)
                  2000022b    00000001     (.common:L3)
                  2000022c    00000001     (.common:L4)
                  2000022d    00000001     (.common:L5)


LINKER GENERATED COPY TABLES

__TI_cinit_table @ 00001128 records: 2, size/record: 8, table size: 16
	.data: load addr=00001100, load size=0000000f bytes, run addr=20000200, run size=00000018 bytes, compression=rle
	.bss: load addr=00001120, load size=00000008 bytes, run addr=20000218, run size=00000016 bytes, compression=zero_init


LINKER GENERATED HANDLER TABLE

__TI_handler_table @ 00001110 records: 3, size/record: 4, table size: 12
	index: 0, handler: __TI_decompress_rle24
	index: 1, handler: __TI_decompress_none
	index: 2, handler: __TI_zero_init


GLOBAL SYMBOLS: SORTED ALPHABETICALLY BY Name 

address    name
--------   ----
00000ca5   C$$EXIT
00000dfb   CPUcpsie
00000209   ConfigureEPI
20000224   F1
20000225   F2
20000226   F3
20000227   G0
00000d1d   GPIODirModeSet
0000080d   GPIOPadConfigSet
00000b89   GPIOPinConfigure
00000e25   GPIOPinRead
00000da9   GPIOPinTypeEPI
00000d65   GPIOPinTypeGPIOOutput
00000e2b   GPIOPinWrite
00000a6d   IntEnable
00000e13   IntMasterEnable
20000228   L0
20000229   L1
2000022a   L2
2000022b   L3
2000022c   L4
2000022d   L5
00000e07   ResetISR
UNDEFED    SHT$$INIT_ARRAY$$Base
UNDEFED    SHT$$INIT_ARRAY$$Limit
00000611   SysCtlClockFreqSet
00000ce9   SysCtlPeripheralEnable
00000325   Timer0IntHandler
00000b2d   TimerConfigure
00000ddf   TimerEnable
00000e37   TimerIntClear
00000e1d   TimerIntEnable
00000dbb   TimerLoadSet
20000200   __STACK_END
00000200   __STACK_SIZE
20000200   __STACK_TOP
00001128   __TI_CINIT_Base
00001138   __TI_CINIT_Limit
00001110   __TI_Handler_Table_Base
0000111c   __TI_Handler_Table_Limit
00000001   __TI_args_main
000009d9   __TI_auto_init
20000208   __TI_cleanup_ptr
00000ded   __TI_decompress_none
00000e31   __TI_decompress_rle24
2000020c   __TI_dtors_ptr
00000000   __TI_static_base__
00000dcd   __TI_zero_init
0000093d   __aeabi_memcpy
0000093d   __aeabi_memcpy4
0000093d   __aeabi_memcpy8
ffffffff   __binit__
ffffffff   __c_args__
20000000   __stack
00000d7d   _args_main
00000c19   _c_int00
20000200   _lock
00000da3   _nop
00000d9b   _register_lock
00000d95   _register_unlock
20000204   _unlock
00000ca9   abort
ffffffff   binit
00000c61   copy_in
00000cb1   exit
00000000   g_pfnVectors
20000210   i
0000020b   main
20000214   main_func_sp
0000093d   memcpy
20000218   rand


GLOBAL SYMBOLS: SORTED BY Symbol Address 

address    name
--------   ----
00000000   __TI_static_base__
00000000   g_pfnVectors
00000001   __TI_args_main
00000200   __STACK_SIZE
00000209   ConfigureEPI
0000020b   main
00000325   Timer0IntHandler
00000611   SysCtlClockFreqSet
0000080d   GPIOPadConfigSet
0000093d   __aeabi_memcpy
0000093d   __aeabi_memcpy4
0000093d   __aeabi_memcpy8
0000093d   memcpy
000009d9   __TI_auto_init
00000a6d   IntEnable
00000b2d   TimerConfigure
00000b89   GPIOPinConfigure
00000c19   _c_int00
00000c61   copy_in
00000ca5   C$$EXIT
00000ca9   abort
00000cb1   exit
00000ce9   SysCtlPeripheralEnable
00000d1d   GPIODirModeSet
00000d65   GPIOPinTypeGPIOOutput
00000d7d   _args_main
00000d95   _register_unlock
00000d9b   _register_lock
00000da3   _nop
00000da9   GPIOPinTypeEPI
00000dbb   TimerLoadSet
00000dcd   __TI_zero_init
00000ddf   TimerEnable
00000ded   __TI_decompress_none
00000dfb   CPUcpsie
00000e07   ResetISR
00000e13   IntMasterEnable
00000e1d   TimerIntEnable
00000e25   GPIOPinRead
00000e2b   GPIOPinWrite
00000e31   __TI_decompress_rle24
00000e37   TimerIntClear
00001110   __TI_Handler_Table_Base
0000111c   __TI_Handler_Table_Limit
00001128   __TI_CINIT_Base
00001138   __TI_CINIT_Limit
20000000   __stack
20000200   __STACK_END
20000200   __STACK_TOP
20000200   _lock
20000204   _unlock
20000208   __TI_cleanup_ptr
2000020c   __TI_dtors_ptr
20000210   i
20000214   main_func_sp
20000218   rand
20000224   F1
20000225   F2
20000226   F3
20000227   G0
20000228   L0
20000229   L1
2000022a   L2
2000022b   L3
2000022c   L4
2000022d   L5
ffffffff   __binit__
ffffffff   __c_args__
ffffffff   binit
UNDEFED    SHT$$INIT_ARRAY$$Base
UNDEFED    SHT$$INIT_ARRAY$$Limit

[71 symbols]
