<?xml version="1.0"?>
<link_info>
   <banner>TI ARM Linker PC v5.1.6</banner>
   <copyright>Copyright (c) 1996-2014 Texas Instruments Incorporated</copyright>
   <link_time>0x544bf19a</link_time>
   <link_errors>0x0</link_errors>
   <output_file>EPI_demo.out</output_file>
   <entry_point>
      <name>_c_int00</name>
      <address>0xc19</address>
   </entry_point>
   <input_file_list>
      <input_file id="fl-2">
         <path>.\</path>
         <kind>object</kind>
         <file>main.obj</file>
         <name>main.obj</name>
      </input_file>
      <input_file id="fl-3">
         <path>.\</path>
         <kind>object</kind>
         <file>tm4c1294ncpdt_startup_ccs.obj</file>
         <name>tm4c1294ncpdt_startup_ccs.obj</name>
      </input_file>
      <input_file id="fl-8">
         <path>C:\ti\TivaWare_C_Series-2.1.0.12573\driverlib\ccs\Debug\</path>
         <kind>archive</kind>
         <file>driverlib.lib</file>
         <name>timer.obj</name>
      </input_file>
      <input_file id="fl-9">
         <path>C:\ti\TivaWare_C_Series-2.1.0.12573\driverlib\ccs\Debug\</path>
         <kind>archive</kind>
         <file>driverlib.lib</file>
         <name>sysctl.obj</name>
      </input_file>
      <input_file id="fl-a">
         <path>C:\ti\TivaWare_C_Series-2.1.0.12573\driverlib\ccs\Debug\</path>
         <kind>archive</kind>
         <file>driverlib.lib</file>
         <name>interrupt.obj</name>
      </input_file>
      <input_file id="fl-b">
         <path>C:\ti\TivaWare_C_Series-2.1.0.12573\driverlib\ccs\Debug\</path>
         <kind>archive</kind>
         <file>driverlib.lib</file>
         <name>gpio.obj</name>
      </input_file>
      <input_file id="fl-c">
         <path>C:\ti\TivaWare_C_Series-2.1.0.12573\driverlib\ccs\Debug\</path>
         <kind>archive</kind>
         <file>driverlib.lib</file>
         <name>cpu.obj</name>
      </input_file>
      <input_file id="fl-136">
         <path>c:\ti\ccsv6\tools\compiler\arm_5.1.6\lib\</path>
         <kind>archive</kind>
         <file>rtsv7M4_T_le_v4SPD16_eabi.lib</file>
         <name>boot.obj</name>
      </input_file>
      <input_file id="fl-137">
         <path>c:\ti\ccsv6\tools\compiler\arm_5.1.6\lib\</path>
         <kind>archive</kind>
         <file>rtsv7M4_T_le_v4SPD16_eabi.lib</file>
         <name>copy_decompress_none.obj</name>
      </input_file>
      <input_file id="fl-138">
         <path>c:\ti\ccsv6\tools\compiler\arm_5.1.6\lib\</path>
         <kind>archive</kind>
         <file>rtsv7M4_T_le_v4SPD16_eabi.lib</file>
         <name>copy_decompress_rle.obj</name>
      </input_file>
      <input_file id="fl-139">
         <path>c:\ti\ccsv6\tools\compiler\arm_5.1.6\lib\</path>
         <kind>archive</kind>
         <file>rtsv7M4_T_le_v4SPD16_eabi.lib</file>
         <name>copy_zero_init.obj</name>
      </input_file>
      <input_file id="fl-13a">
         <path>c:\ti\ccsv6\tools\compiler\arm_5.1.6\lib\</path>
         <kind>archive</kind>
         <file>rtsv7M4_T_le_v4SPD16_eabi.lib</file>
         <name>exit.obj</name>
      </input_file>
      <input_file id="fl-13b">
         <path>c:\ti\ccsv6\tools\compiler\arm_5.1.6\lib\</path>
         <kind>archive</kind>
         <file>rtsv7M4_T_le_v4SPD16_eabi.lib</file>
         <name>memcpy_t2.obj</name>
      </input_file>
      <input_file id="fl-13c">
         <path>c:\ti\ccsv6\tools\compiler\arm_5.1.6\lib\</path>
         <kind>archive</kind>
         <file>rtsv7M4_T_le_v4SPD16_eabi.lib</file>
         <name>stkdepth_vars.obj</name>
      </input_file>
      <input_file id="fl-13d">
         <path>c:\ti\ccsv6\tools\compiler\arm_5.1.6\lib\</path>
         <kind>archive</kind>
         <file>rtsv7M4_T_le_v4SPD16_eabi.lib</file>
         <name>_lock.obj</name>
      </input_file>
      <input_file id="fl-13e">
         <path>c:\ti\ccsv6\tools\compiler\arm_5.1.6\lib\</path>
         <kind>archive</kind>
         <file>rtsv7M4_T_le_v4SPD16_eabi.lib</file>
         <name>args_main.obj</name>
      </input_file>
      <input_file id="fl-13f">
         <path>c:\ti\ccsv6\tools\compiler\arm_5.1.6\lib\</path>
         <kind>archive</kind>
         <file>rtsv7M4_T_le_v4SPD16_eabi.lib</file>
         <name>auto_init.obj</name>
      </input_file>
      <input_file id="fl-140">
         <path>c:\ti\ccsv6\tools\compiler\arm_5.1.6\lib\</path>
         <kind>archive</kind>
         <file>rtsv7M4_T_le_v4SPD16_eabi.lib</file>
         <name>cpy_tbl.obj</name>
      </input_file>
   </input_file_list>
   <object_component_list>
      <object_component id="oc-e">
         <name>.intvecs</name>
         <load_address>0x0</load_address>
         <run_address>0x0</run_address>
         <size>0x208</size>
         <input_file_ref idref="fl-3"/>
      </object_component>
      <object_component id="oc-2f">
         <name>.text</name>
         <load_address>0x208</load_address>
         <run_address>0x208</run_address>
         <size>0x408</size>
         <input_file_ref idref="fl-2"/>
      </object_component>
      <object_component id="oc-6e">
         <name>.text:SysCtlClockFreqSet</name>
         <load_address>0x610</load_address>
         <run_address>0x610</run_address>
         <size>0x1fc</size>
         <input_file_ref idref="fl-9"/>
      </object_component>
      <object_component id="oc-135">
         <name>.text:GPIOPadConfigSet</name>
         <load_address>0x80c</load_address>
         <run_address>0x80c</run_address>
         <size>0x130</size>
         <input_file_ref idref="fl-b"/>
      </object_component>
      <object_component id="oc-4d">
         <name>.text</name>
         <load_address>0x93c</load_address>
         <run_address>0x93c</run_address>
         <size>0x9c</size>
         <input_file_ref idref="fl-13b"/>
      </object_component>
      <object_component id="oc-38">
         <name>.text</name>
         <load_address>0x9d8</load_address>
         <run_address>0x9d8</run_address>
         <size>0x94</size>
         <input_file_ref idref="fl-13f"/>
      </object_component>
      <object_component id="oc-9e">
         <name>.text:IntEnable</name>
         <load_address>0xa6c</load_address>
         <run_address>0xa6c</run_address>
         <size>0x60</size>
         <input_file_ref idref="fl-a"/>
      </object_component>
      <object_component id="oc-60">
         <name>.text</name>
         <load_address>0xacc</load_address>
         <run_address>0xacc</run_address>
         <size>0x5e</size>
         <input_file_ref idref="fl-138"/>
      </object_component>
      <object_component id="oc-80">
         <name>.text:TimerConfigure</name>
         <load_address>0xb2c</load_address>
         <run_address>0xb2c</run_address>
         <size>0x5c</size>
         <input_file_ref idref="fl-8"/>
      </object_component>
      <object_component id="oc-86">
         <name>.text:GPIOPinConfigure</name>
         <load_address>0xb88</load_address>
         <run_address>0xb88</run_address>
         <size>0x48</size>
         <input_file_ref idref="fl-b"/>
      </object_component>
      <object_component id="oc-119">
         <name>.text:_SysCtlFrequencyGet</name>
         <load_address>0xbd0</load_address>
         <run_address>0xbd0</run_address>
         <size>0x48</size>
         <input_file_ref idref="fl-9"/>
      </object_component>
      <object_component id="oc-11">
         <name>.text</name>
         <load_address>0xc18</load_address>
         <run_address>0xc18</run_address>
         <size>0x48</size>
         <input_file_ref idref="fl-136"/>
      </object_component>
      <object_component id="oc-ed">
         <name>.text</name>
         <load_address>0xc60</load_address>
         <run_address>0xc60</run_address>
         <size>0x44</size>
         <input_file_ref idref="fl-140"/>
      </object_component>
      <object_component id="oc-43">
         <name>.text</name>
         <load_address>0xca4</load_address>
         <run_address>0xca4</run_address>
         <size>0x44</size>
         <input_file_ref idref="fl-13a"/>
      </object_component>
      <object_component id="oc-74">
         <name>.text:SysCtlPeripheralEnable</name>
         <load_address>0xce8</load_address>
         <run_address>0xce8</run_address>
         <size>0x34</size>
         <input_file_ref idref="fl-9"/>
      </object_component>
      <object_component id="oc-13b">
         <name>.text:GPIODirModeSet</name>
         <load_address>0xd1c</load_address>
         <run_address>0xd1c</run_address>
         <size>0x2a</size>
         <input_file_ref idref="fl-b"/>
      </object_component>
      <object_component id="oc-113">
         <name>.text:_SysCtlMemTimingGet</name>
         <load_address>0xd48</load_address>
         <run_address>0xd48</run_address>
         <size>0x1c</size>
         <input_file_ref idref="fl-9"/>
      </object_component>
      <object_component id="oc-7a">
         <name>.text:GPIOPinTypeGPIOOutput</name>
         <load_address>0xd64</load_address>
         <run_address>0xd64</run_address>
         <size>0x18</size>
         <input_file_ref idref="fl-b"/>
      </object_component>
      <object_component id="oc-3d">
         <name>.text</name>
         <load_address>0xd7c</load_address>
         <run_address>0xd7c</run_address>
         <size>0x18</size>
         <input_file_ref idref="fl-13e"/>
      </object_component>
      <object_component id="oc-169">
         <name>.text</name>
         <load_address>0xd94</load_address>
         <run_address>0xd94</run_address>
         <size>0x14</size>
         <input_file_ref idref="fl-13d"/>
      </object_component>
      <object_component id="oc-8c">
         <name>.text:GPIOPinTypeEPI</name>
         <load_address>0xda8</load_address>
         <run_address>0xda8</run_address>
         <size>0x12</size>
         <input_file_ref idref="fl-b"/>
      </object_component>
      <object_component id="oc-92">
         <name>.text:TimerLoadSet</name>
         <load_address>0xdba</load_address>
         <run_address>0xdba</run_address>
         <size>0x12</size>
         <input_file_ref idref="fl-8"/>
      </object_component>
      <object_component id="oc-1c">
         <name>.text:decompress:ZI</name>
         <load_address>0xdcc</load_address>
         <run_address>0xdcc</run_address>
         <size>0x12</size>
         <input_file_ref idref="fl-139"/>
      </object_component>
      <object_component id="oc-b0">
         <name>.text:TimerEnable</name>
         <load_address>0xdde</load_address>
         <run_address>0xdde</run_address>
         <size>0xe</size>
         <input_file_ref idref="fl-8"/>
      </object_component>
      <object_component id="oc-16">
         <name>.text:decompress:none</name>
         <load_address>0xdec</load_address>
         <run_address>0xdec</run_address>
         <size>0xe</size>
         <input_file_ref idref="fl-137"/>
      </object_component>
      <object_component id="oc-152">
         <name>.text:CPUcpsie</name>
         <load_address>0xdfa</load_address>
         <run_address>0xdfa</run_address>
         <size>0xc</size>
         <input_file_ref idref="fl-c"/>
      </object_component>
      <object_component id="oc-29">
         <name>.text</name>
         <load_address>0xe06</load_address>
         <run_address>0xe06</run_address>
         <size>0xc</size>
         <input_file_ref idref="fl-3"/>
      </object_component>
      <object_component id="oc-aa">
         <name>.text:IntMasterEnable</name>
         <load_address>0xe12</load_address>
         <run_address>0xe12</run_address>
         <size>0xa</size>
         <input_file_ref idref="fl-a"/>
      </object_component>
      <object_component id="oc-a4">
         <name>.text:TimerIntEnable</name>
         <load_address>0xe1c</load_address>
         <run_address>0xe1c</run_address>
         <size>0x8</size>
         <input_file_ref idref="fl-8"/>
      </object_component>
      <object_component id="oc-bc">
         <name>.text:GPIOPinRead</name>
         <load_address>0xe24</load_address>
         <run_address>0xe24</run_address>
         <size>0x6</size>
         <input_file_ref idref="fl-b"/>
      </object_component>
      <object_component id="oc-98">
         <name>.text:GPIOPinWrite</name>
         <load_address>0xe2a</load_address>
         <run_address>0xe2a</run_address>
         <size>0x6</size>
         <input_file_ref idref="fl-b"/>
      </object_component>
      <object_component id="oc-22">
         <name>.text:decompress:rle24</name>
         <load_address>0xe30</load_address>
         <run_address>0xe30</run_address>
         <size>0x6</size>
         <input_file_ref idref="fl-138"/>
      </object_component>
      <object_component id="oc-b6">
         <name>.text:TimerIntClear</name>
         <load_address>0xe36</load_address>
         <run_address>0xe36</run_address>
         <size>0x4</size>
         <input_file_ref idref="fl-8"/>
      </object_component>
      <object_component id="oc-122">
         <name>.const:g_pppui32XTALtoVCO</name>
         <load_address>0xe3c</load_address>
         <run_address>0xe3c</run_address>
         <size>0x120</size>
         <input_file_ref idref="fl-9"/>
      </object_component>
      <object_component id="oc-144">
         <name>.const:g_pui32GPIOBaseAddrs</name>
         <load_address>0xf5c</load_address>
         <run_address>0xf5c</run_address>
         <size>0x90</size>
         <input_file_ref idref="fl-b"/>
      </object_component>
      <object_component id="oc-14c">
         <name>.const</name>
         <load_address>0xfec</load_address>
         <run_address>0xfec</run_address>
         <size>0x70</size>
         <input_file_ref idref="fl-a"/>
      </object_component>
      <object_component id="oc-11f">
         <name>.const:g_pui32Xtals</name>
         <load_address>0x105c</load_address>
         <run_address>0x105c</run_address>
         <size>0x6c</size>
         <input_file_ref idref="fl-9"/>
      </object_component>
      <object_component id="oc-177">
         <name>.const:g_sXTALtoMEMTIM</name>
         <load_address>0x10c8</load_address>
         <run_address>0x10c8</run_address>
         <size>0x30</size>
         <input_file_ref idref="fl-9"/>
      </object_component>
      <object_component id="oc-125">
         <name>.const</name>
         <load_address>0x10f8</load_address>
         <run_address>0x10f8</run_address>
         <size>0x8</size>
         <input_file_ref idref="fl-9"/>
      </object_component>
      <object_component id="oc-1c0">
         <name>.cinit..data.load</name>
         <load_address>0x1100</load_address>
         <run_address>0x1100</run_address>
         <size>0xf</size>
      </object_component>
      <object_component id="oc-1be">
         <name>__TI_handler_table</name>
         <load_address>0x1110</load_address>
         <run_address>0x1110</run_address>
         <size>0xc</size>
      </object_component>
      <object_component id="oc-1c1">
         <name>.cinit..bss.load</name>
         <load_address>0x1120</load_address>
         <run_address>0x1120</run_address>
         <size>0x8</size>
      </object_component>
      <object_component id="oc-1bf">
         <name>__TI_cinit_table</name>
         <load_address>0x1128</load_address>
         <run_address>0x1128</run_address>
         <size>0x10</size>
      </object_component>
      <object_component id="oc-49">
         <name>.data</name>
         <load_address>0x20000214</load_address>
         <run_address>0x20000214</run_address>
         <size>0x4</size>
         <input_file_ref idref="fl-13c"/>
      </object_component>
      <object_component id="oc-c2">
         <name>.data</name>
         <load_address>0x20000210</load_address>
         <run_address>0x20000210</run_address>
         <size>0x4</size>
         <input_file_ref idref="fl-2"/>
      </object_component>
      <object_component id="oc-f6">
         <name>.data</name>
         <load_address>0x20000200</load_address>
         <run_address>0x20000200</run_address>
         <size>0x8</size>
         <input_file_ref idref="fl-13d"/>
      </object_component>
      <object_component id="oc-f9">
         <name>.data</name>
         <load_address>0x20000208</load_address>
         <run_address>0x20000208</run_address>
         <size>0x8</size>
         <input_file_ref idref="fl-13a"/>
      </object_component>
      <object_component id="oc-da">
         <name>.common:rand</name>
         <uninitialized>true</uninitialized>
         <run_address>0x20000218</run_address>
         <size>0xc</size>
      </object_component>
      <object_component id="oc-c5">
         <name>.common:F1</name>
         <uninitialized>true</uninitialized>
         <run_address>0x20000224</run_address>
         <size>0x1</size>
      </object_component>
      <object_component id="oc-c8">
         <name>.common:F2</name>
         <uninitialized>true</uninitialized>
         <run_address>0x20000225</run_address>
         <size>0x1</size>
      </object_component>
      <object_component id="oc-c9">
         <name>.common:F3</name>
         <uninitialized>true</uninitialized>
         <run_address>0x20000226</run_address>
         <size>0x1</size>
      </object_component>
      <object_component id="oc-ca">
         <name>.common:G0</name>
         <uninitialized>true</uninitialized>
         <run_address>0x20000227</run_address>
         <size>0x1</size>
      </object_component>
      <object_component id="oc-cb">
         <name>.common:L4</name>
         <uninitialized>true</uninitialized>
         <run_address>0x2000022c</run_address>
         <size>0x1</size>
      </object_component>
      <object_component id="oc-cc">
         <name>.common:L5</name>
         <uninitialized>true</uninitialized>
         <run_address>0x2000022d</run_address>
         <size>0x1</size>
      </object_component>
      <object_component id="oc-cd">
         <name>.common:L0</name>
         <uninitialized>true</uninitialized>
         <run_address>0x20000228</run_address>
         <size>0x1</size>
      </object_component>
      <object_component id="oc-ce">
         <name>.common:L1</name>
         <uninitialized>true</uninitialized>
         <run_address>0x20000229</run_address>
         <size>0x1</size>
      </object_component>
      <object_component id="oc-cf">
         <name>.common:L2</name>
         <uninitialized>true</uninitialized>
         <run_address>0x2000022a</run_address>
         <size>0x1</size>
      </object_component>
      <object_component id="oc-d0">
         <name>.common:L3</name>
         <uninitialized>true</uninitialized>
         <run_address>0x2000022b</run_address>
         <size>0x1</size>
      </object_component>
      <object_component id="oc-28">
         <name>.stack</name>
         <uninitialized>true</uninitialized>
         <run_address>0x20000000</run_address>
         <size>0x0</size>
         <input_file_ref idref="fl-136"/>
      </object_component>
      <object_component id="oc-1c2">
         <name>.stack</name>
         <uninitialized>true</uninitialized>
         <run_address>0x20000000</run_address>
         <size>0x0</size>
      </object_component>
      <object_component id="oc-f">
         <name>.debug_info</name>
         <load_address>0x0</load_address>
         <run_address>0x0</run_address>
         <size>0xec</size>
         <input_file_ref idref="fl-3"/>
      </object_component>
      <object_component id="oc-14">
         <name>.debug_info</name>
         <load_address>0xec</load_address>
         <run_address>0xec</run_address>
         <size>0xf3</size>
         <input_file_ref idref="fl-136"/>
      </object_component>
      <object_component id="oc-1a">
         <name>.debug_info</name>
         <load_address>0x1df</load_address>
         <run_address>0x1df</run_address>
         <size>0x194</size>
         <input_file_ref idref="fl-137"/>
      </object_component>
      <object_component id="oc-1e">
         <name>.debug_info</name>
         <load_address>0x373</load_address>
         <run_address>0x373</run_address>
         <size>0x16a</size>
         <input_file_ref idref="fl-139"/>
      </object_component>
      <object_component id="oc-23">
         <name>.debug_info</name>
         <load_address>0x4dd</load_address>
         <run_address>0x4dd</run_address>
         <size>0x18e</size>
         <input_file_ref idref="fl-138"/>
      </object_component>
      <object_component id="oc-2a">
         <name>.debug_info</name>
         <load_address>0x66b</load_address>
         <run_address>0x66b</run_address>
         <size>0x26b</size>
         <input_file_ref idref="fl-3"/>
      </object_component>
      <object_component id="oc-30">
         <name>.debug_info</name>
         <load_address>0x8d6</load_address>
         <run_address>0x8d6</run_address>
         <size>0x6f4</size>
         <input_file_ref idref="fl-2"/>
      </object_component>
      <object_component id="oc-37">
         <name>.debug_info</name>
         <load_address>0xfca</load_address>
         <run_address>0xfca</run_address>
         <size>0x12f</size>
         <input_file_ref idref="fl-3"/>
      </object_component>
      <object_component id="oc-3a">
         <name>.debug_info</name>
         <load_address>0x10f9</load_address>
         <run_address>0x10f9</run_address>
         <size>0x13d</size>
         <input_file_ref idref="fl-13f"/>
      </object_component>
      <object_component id="oc-3e">
         <name>.debug_info</name>
         <load_address>0x1236</load_address>
         <run_address>0x1236</run_address>
         <size>0x11c</size>
         <input_file_ref idref="fl-13e"/>
      </object_component>
      <object_component id="oc-44">
         <name>.debug_info</name>
         <load_address>0x1352</load_address>
         <run_address>0x1352</run_address>
         <size>0x1c2</size>
         <input_file_ref idref="fl-13a"/>
      </object_component>
      <object_component id="oc-4a">
         <name>.debug_info</name>
         <load_address>0x1514</load_address>
         <run_address>0x1514</run_address>
         <size>0xbe</size>
         <input_file_ref idref="fl-13c"/>
      </object_component>
      <object_component id="oc-4f">
         <name>.debug_info</name>
         <load_address>0x15d2</load_address>
         <run_address>0x15d2</run_address>
         <size>0xcc</size>
         <input_file_ref idref="fl-13b"/>
      </object_component>
      <object_component id="oc-53">
         <name>.debug_info</name>
         <load_address>0x169e</load_address>
         <run_address>0x169e</run_address>
         <size>0x46</size>
         <input_file_ref idref="fl-137"/>
      </object_component>
      <object_component id="oc-58">
         <name>.debug_info</name>
         <load_address>0x16e4</load_address>
         <run_address>0x16e4</run_address>
         <size>0xf2</size>
         <input_file_ref idref="fl-137"/>
      </object_component>
      <object_component id="oc-5a">
         <name>.debug_info</name>
         <load_address>0x17d6</load_address>
         <run_address>0x17d6</run_address>
         <size>0x46</size>
         <input_file_ref idref="fl-139"/>
      </object_component>
      <object_component id="oc-5f">
         <name>.debug_info</name>
         <load_address>0x181c</load_address>
         <run_address>0x181c</run_address>
         <size>0xad</size>
         <input_file_ref idref="fl-139"/>
      </object_component>
      <object_component id="oc-61">
         <name>.debug_info</name>
         <load_address>0x18c9</load_address>
         <run_address>0x18c9</run_address>
         <size>0x1ef</size>
         <input_file_ref idref="fl-138"/>
      </object_component>
      <object_component id="oc-67">
         <name>.debug_info</name>
         <load_address>0x1ab8</load_address>
         <run_address>0x1ab8</run_address>
         <size>0xb7</size>
         <input_file_ref idref="fl-138"/>
      </object_component>
      <object_component id="oc-68">
         <name>.debug_info</name>
         <load_address>0x1b6f</load_address>
         <run_address>0x1b6f</run_address>
         <size>0x39</size>
         <input_file_ref idref="fl-138"/>
      </object_component>
      <object_component id="oc-6f">
         <name>.debug_info</name>
         <load_address>0x1ba8</load_address>
         <run_address>0x1ba8</run_address>
         <size>0x4c5</size>
         <input_file_ref idref="fl-9"/>
      </object_component>
      <object_component id="oc-75">
         <name>.debug_info</name>
         <load_address>0x206d</load_address>
         <run_address>0x206d</run_address>
         <size>0x1e1</size>
         <input_file_ref idref="fl-9"/>
      </object_component>
      <object_component id="oc-7b">
         <name>.debug_info</name>
         <load_address>0x224e</load_address>
         <run_address>0x224e</run_address>
         <size>0x1eb</size>
         <input_file_ref idref="fl-b"/>
      </object_component>
      <object_component id="oc-81">
         <name>.debug_info</name>
         <load_address>0x2439</load_address>
         <run_address>0x2439</run_address>
         <size>0x1f0</size>
         <input_file_ref idref="fl-8"/>
      </object_component>
      <object_component id="oc-87">
         <name>.debug_info</name>
         <load_address>0x2629</load_address>
         <run_address>0x2629</run_address>
         <size>0x1e4</size>
         <input_file_ref idref="fl-b"/>
      </object_component>
      <object_component id="oc-8d">
         <name>.debug_info</name>
         <load_address>0x280d</load_address>
         <run_address>0x280d</run_address>
         <size>0x1dd</size>
         <input_file_ref idref="fl-b"/>
      </object_component>
      <object_component id="oc-93">
         <name>.debug_info</name>
         <load_address>0x29ea</load_address>
         <run_address>0x29ea</run_address>
         <size>0x21e</size>
         <input_file_ref idref="fl-8"/>
      </object_component>
      <object_component id="oc-99">
         <name>.debug_info</name>
         <load_address>0x2c08</load_address>
         <run_address>0x2c08</run_address>
         <size>0x207</size>
         <input_file_ref idref="fl-b"/>
      </object_component>
      <object_component id="oc-a0">
         <name>.debug_info</name>
         <load_address>0x2e0f</load_address>
         <run_address>0x2e0f</run_address>
         <size>0x1cc</size>
         <input_file_ref idref="fl-a"/>
      </object_component>
      <object_component id="oc-a5">
         <name>.debug_info</name>
         <load_address>0x2fdb</load_address>
         <run_address>0x2fdb</run_address>
         <size>0x1f8</size>
         <input_file_ref idref="fl-8"/>
      </object_component>
      <object_component id="oc-ac">
         <name>.debug_info</name>
         <load_address>0x31d3</load_address>
         <run_address>0x31d3</run_address>
         <size>0x1a2</size>
         <input_file_ref idref="fl-a"/>
      </object_component>
      <object_component id="oc-b1">
         <name>.debug_info</name>
         <load_address>0x3375</load_address>
         <run_address>0x3375</run_address>
         <size>0x1e3</size>
         <input_file_ref idref="fl-8"/>
      </object_component>
      <object_component id="oc-b7">
         <name>.debug_info</name>
         <load_address>0x3558</load_address>
         <run_address>0x3558</run_address>
         <size>0x1f6</size>
         <input_file_ref idref="fl-8"/>
      </object_component>
      <object_component id="oc-bd">
         <name>.debug_info</name>
         <load_address>0x374e</load_address>
         <run_address>0x374e</run_address>
         <size>0x1df</size>
         <input_file_ref idref="fl-b"/>
      </object_component>
      <object_component id="oc-c3">
         <name>.debug_info</name>
         <load_address>0x392d</load_address>
         <run_address>0x392d</run_address>
         <size>0xc1</size>
         <input_file_ref idref="fl-2"/>
      </object_component>
      <object_component id="oc-c6">
         <name>.debug_info</name>
         <load_address>0x39ee</load_address>
         <run_address>0x39ee</run_address>
         <size>0x486</size>
         <input_file_ref idref="fl-2"/>
      </object_component>
      <object_component id="oc-dc">
         <name>.debug_info</name>
         <load_address>0x3e74</load_address>
         <run_address>0x3e74</run_address>
         <size>0x8b</size>
         <input_file_ref idref="fl-2"/>
      </object_component>
      <object_component id="oc-e1">
         <name>.debug_info</name>
         <load_address>0x3eff</load_address>
         <run_address>0x3eff</run_address>
         <size>0x18b</size>
         <input_file_ref idref="fl-2"/>
      </object_component>
      <object_component id="oc-e8">
         <name>.debug_info</name>
         <load_address>0x408a</load_address>
         <run_address>0x408a</run_address>
         <size>0x84</size>
         <input_file_ref idref="fl-3"/>
      </object_component>
      <object_component id="oc-ee">
         <name>.debug_info</name>
         <load_address>0x410e</load_address>
         <run_address>0x410e</run_address>
         <size>0x14b</size>
         <input_file_ref idref="fl-140"/>
      </object_component>
      <object_component id="oc-f5">
         <name>.debug_info</name>
         <load_address>0x4259</load_address>
         <run_address>0x4259</run_address>
         <size>0x11b</size>
         <input_file_ref idref="fl-13e"/>
      </object_component>
      <object_component id="oc-f7">
         <name>.debug_info</name>
         <load_address>0x4374</load_address>
         <run_address>0x4374</run_address>
         <size>0xc8</size>
         <input_file_ref idref="fl-13d"/>
      </object_component>
      <object_component id="oc-fa">
         <name>.debug_info</name>
         <load_address>0x443c</load_address>
         <run_address>0x443c</run_address>
         <size>0xeb</size>
         <input_file_ref idref="fl-13a"/>
      </object_component>
      <object_component id="oc-fd">
         <name>.debug_info</name>
         <load_address>0x4527</load_address>
         <run_address>0x4527</run_address>
         <size>0x146</size>
         <input_file_ref idref="fl-13a"/>
      </object_component>
      <object_component id="oc-102">
         <name>.debug_info</name>
         <load_address>0x466d</load_address>
         <run_address>0x466d</run_address>
         <size>0x2c</size>
         <input_file_ref idref="fl-137"/>
      </object_component>
      <object_component id="oc-109">
         <name>.debug_info</name>
         <load_address>0x4699</load_address>
         <run_address>0x4699</run_address>
         <size>0x2c</size>
         <input_file_ref idref="fl-139"/>
      </object_component>
      <object_component id="oc-114">
         <name>.debug_info</name>
         <load_address>0x46c5</load_address>
         <run_address>0x46c5</run_address>
         <size>0x264</size>
         <input_file_ref idref="fl-9"/>
      </object_component>
      <object_component id="oc-11a">
         <name>.debug_info</name>
         <load_address>0x4929</load_address>
         <run_address>0x4929</run_address>
         <size>0x21e</size>
         <input_file_ref idref="fl-9"/>
      </object_component>
      <object_component id="oc-120">
         <name>.debug_info</name>
         <load_address>0x4b47</load_address>
         <run_address>0x4b47</run_address>
         <size>0xff</size>
         <input_file_ref idref="fl-9"/>
      </object_component>
      <object_component id="oc-123">
         <name>.debug_info</name>
         <load_address>0x4c46</load_address>
         <run_address>0x4c46</run_address>
         <size>0x10b</size>
         <input_file_ref idref="fl-9"/>
      </object_component>
      <object_component id="oc-126">
         <name>.debug_info</name>
         <load_address>0x4d51</load_address>
         <run_address>0x4d51</run_address>
         <size>0x112</size>
         <input_file_ref idref="fl-9"/>
      </object_component>
      <object_component id="oc-129">
         <name>.debug_info</name>
         <load_address>0x4e63</load_address>
         <run_address>0x4e63</run_address>
         <size>0x18b</size>
         <input_file_ref idref="fl-8"/>
      </object_component>
      <object_component id="oc-12e">
         <name>.debug_info</name>
         <load_address>0x4fee</load_address>
         <run_address>0x4fee</run_address>
         <size>0x90</size>
         <input_file_ref idref="fl-8"/>
      </object_component>
      <object_component id="oc-133">
         <name>.debug_info</name>
         <load_address>0x507e</load_address>
         <run_address>0x507e</run_address>
         <size>0x226</size>
         <input_file_ref idref="fl-9"/>
      </object_component>
      <object_component id="oc-137">
         <name>.debug_info</name>
         <load_address>0x52a4</load_address>
         <run_address>0x52a4</run_address>
         <size>0x312</size>
         <input_file_ref idref="fl-b"/>
      </object_component>
      <object_component id="oc-13c">
         <name>.debug_info</name>
         <load_address>0x55b6</load_address>
         <run_address>0x55b6</run_address>
         <size>0x217</size>
         <input_file_ref idref="fl-b"/>
      </object_component>
      <object_component id="oc-143">
         <name>.debug_info</name>
         <load_address>0x57cd</load_address>
         <run_address>0x57cd</run_address>
         <size>0x1cf</size>
         <input_file_ref idref="fl-8"/>
      </object_component>
      <object_component id="oc-145">
         <name>.debug_info</name>
         <load_address>0x599c</load_address>
         <run_address>0x599c</run_address>
         <size>0x10d</size>
         <input_file_ref idref="fl-b"/>
      </object_component>
      <object_component id="oc-148">
         <name>.debug_info</name>
         <load_address>0x5aa9</load_address>
         <run_address>0x5aa9</run_address>
         <size>0x1d7</size>
         <input_file_ref idref="fl-b"/>
      </object_component>
      <object_component id="oc-14d">
         <name>.debug_info</name>
         <load_address>0x5c80</load_address>
         <run_address>0x5c80</run_address>
         <size>0x1c2</size>
         <input_file_ref idref="fl-a"/>
      </object_component>
      <object_component id="oc-150">
         <name>.debug_info</name>
         <load_address>0x5e42</load_address>
         <run_address>0x5e42</run_address>
         <size>0x1ba</size>
         <input_file_ref idref="fl-a"/>
      </object_component>
      <object_component id="oc-155">
         <name>.debug_info</name>
         <load_address>0x5ffc</load_address>
         <run_address>0x5ffc</run_address>
         <size>0x176</size>
         <input_file_ref idref="fl-c"/>
      </object_component>
      <object_component id="oc-161">
         <name>.debug_info</name>
         <load_address>0x6172</load_address>
         <run_address>0x6172</run_address>
         <size>0x148</size>
         <input_file_ref idref="fl-140"/>
      </object_component>
      <object_component id="oc-164">
         <name>.debug_info</name>
         <load_address>0x62ba</load_address>
         <run_address>0x62ba</run_address>
         <size>0x5e</size>
         <input_file_ref idref="fl-13e"/>
      </object_component>
      <object_component id="oc-16a">
         <name>.debug_info</name>
         <load_address>0x6318</load_address>
         <run_address>0x6318</run_address>
         <size>0x1d4</size>
         <input_file_ref idref="fl-13d"/>
      </object_component>
      <object_component id="oc-171">
         <name>.debug_info</name>
         <load_address>0x64ec</load_address>
         <run_address>0x64ec</run_address>
         <size>0xd9</size>
         <input_file_ref idref="fl-13d"/>
      </object_component>
      <object_component id="oc-178">
         <name>.debug_info</name>
         <load_address>0x65c5</load_address>
         <run_address>0x65c5</run_address>
         <size>0x105</size>
         <input_file_ref idref="fl-9"/>
      </object_component>
      <object_component id="oc-184">
         <name>.debug_info</name>
         <load_address>0x66ca</load_address>
         <run_address>0x66ca</run_address>
         <size>0x5f</size>
         <input_file_ref idref="fl-9"/>
      </object_component>
      <object_component id="oc-198">
         <name>.debug_info</name>
         <load_address>0x6729</load_address>
         <run_address>0x6729</run_address>
         <size>0xcd</size>
         <input_file_ref idref="fl-140"/>
      </object_component>
      <object_component id="oc-1c3">
         <name>.debug_info</name>
         <load_address>0x67f6</load_address>
         <run_address>0x67f6</run_address>
         <size>0xa5</size>
      </object_component>
      <object_component id="oc-10">
         <name>.debug_pubnames</name>
         <load_address>0x0</load_address>
         <run_address>0x0</run_address>
         <size>0x23</size>
         <input_file_ref idref="fl-3"/>
      </object_component>
      <object_component id="oc-15">
         <name>.debug_pubnames</name>
         <load_address>0x23</load_address>
         <run_address>0x23</run_address>
         <size>0x1f</size>
         <input_file_ref idref="fl-136"/>
      </object_component>
      <object_component id="oc-1b">
         <name>.debug_pubnames</name>
         <load_address>0x42</load_address>
         <run_address>0x42</run_address>
         <size>0x2b</size>
         <input_file_ref idref="fl-137"/>
      </object_component>
      <object_component id="oc-20">
         <name>.debug_pubnames</name>
         <load_address>0x6d</load_address>
         <run_address>0x6d</run_address>
         <size>0x25</size>
         <input_file_ref idref="fl-139"/>
      </object_component>
      <object_component id="oc-25">
         <name>.debug_pubnames</name>
         <load_address>0x92</load_address>
         <run_address>0x92</run_address>
         <size>0x2c</size>
         <input_file_ref idref="fl-138"/>
      </object_component>
      <object_component id="oc-2c">
         <name>.debug_pubnames</name>
         <load_address>0xbe</load_address>
         <run_address>0xbe</run_address>
         <size>0x4c</size>
         <input_file_ref idref="fl-3"/>
      </object_component>
      <object_component id="oc-32">
         <name>.debug_pubnames</name>
         <load_address>0x10a</load_address>
         <run_address>0x10a</run_address>
         <size>0x41</size>
         <input_file_ref idref="fl-2"/>
      </object_component>
      <object_component id="oc-3c">
         <name>.debug_pubnames</name>
         <load_address>0x14b</load_address>
         <run_address>0x14b</run_address>
         <size>0x37</size>
         <input_file_ref idref="fl-13f"/>
      </object_component>
      <object_component id="oc-40">
         <name>.debug_pubnames</name>
         <load_address>0x182</load_address>
         <run_address>0x182</run_address>
         <size>0x21</size>
         <input_file_ref idref="fl-13e"/>
      </object_component>
      <object_component id="oc-46">
         <name>.debug_pubnames</name>
         <load_address>0x1a3</load_address>
         <run_address>0x1a3</run_address>
         <size>0x35</size>
         <input_file_ref idref="fl-13a"/>
      </object_component>
      <object_component id="oc-4b">
         <name>.debug_pubnames</name>
         <load_address>0x1d8</load_address>
         <run_address>0x1d8</run_address>
         <size>0x23</size>
         <input_file_ref idref="fl-13c"/>
      </object_component>
      <object_component id="oc-51">
         <name>.debug_pubnames</name>
         <load_address>0x1fb</load_address>
         <run_address>0x1fb</run_address>
         <size>0x1d</size>
         <input_file_ref idref="fl-13b"/>
      </object_component>
      <object_component id="oc-63">
         <name>.debug_pubnames</name>
         <load_address>0x218</load_address>
         <run_address>0x218</run_address>
         <size>0x2f</size>
         <input_file_ref idref="fl-138"/>
      </object_component>
      <object_component id="oc-71">
         <name>.debug_pubnames</name>
         <load_address>0x247</load_address>
         <run_address>0x247</run_address>
         <size>0x29</size>
         <input_file_ref idref="fl-9"/>
      </object_component>
      <object_component id="oc-77">
         <name>.debug_pubnames</name>
         <load_address>0x270</load_address>
         <run_address>0x270</run_address>
         <size>0x2d</size>
         <input_file_ref idref="fl-9"/>
      </object_component>
      <object_component id="oc-7d">
         <name>.debug_pubnames</name>
         <load_address>0x29d</load_address>
         <run_address>0x29d</run_address>
         <size>0x2c</size>
         <input_file_ref idref="fl-b"/>
      </object_component>
      <object_component id="oc-83">
         <name>.debug_pubnames</name>
         <load_address>0x2c9</load_address>
         <run_address>0x2c9</run_address>
         <size>0x25</size>
         <input_file_ref idref="fl-8"/>
      </object_component>
      <object_component id="oc-89">
         <name>.debug_pubnames</name>
         <load_address>0x2ee</load_address>
         <run_address>0x2ee</run_address>
         <size>0x27</size>
         <input_file_ref idref="fl-b"/>
      </object_component>
      <object_component id="oc-8f">
         <name>.debug_pubnames</name>
         <load_address>0x315</load_address>
         <run_address>0x315</run_address>
         <size>0x25</size>
         <input_file_ref idref="fl-b"/>
      </object_component>
      <object_component id="oc-95">
         <name>.debug_pubnames</name>
         <load_address>0x33a</load_address>
         <run_address>0x33a</run_address>
         <size>0x23</size>
         <input_file_ref idref="fl-8"/>
      </object_component>
      <object_component id="oc-9b">
         <name>.debug_pubnames</name>
         <load_address>0x35d</load_address>
         <run_address>0x35d</run_address>
         <size>0x23</size>
         <input_file_ref idref="fl-b"/>
      </object_component>
      <object_component id="oc-a2">
         <name>.debug_pubnames</name>
         <load_address>0x380</load_address>
         <run_address>0x380</run_address>
         <size>0x20</size>
         <input_file_ref idref="fl-a"/>
      </object_component>
      <object_component id="oc-a7">
         <name>.debug_pubnames</name>
         <load_address>0x3a0</load_address>
         <run_address>0x3a0</run_address>
         <size>0x25</size>
         <input_file_ref idref="fl-8"/>
      </object_component>
      <object_component id="oc-ae">
         <name>.debug_pubnames</name>
         <load_address>0x3c5</load_address>
         <run_address>0x3c5</run_address>
         <size>0x26</size>
         <input_file_ref idref="fl-a"/>
      </object_component>
      <object_component id="oc-b3">
         <name>.debug_pubnames</name>
         <load_address>0x3eb</load_address>
         <run_address>0x3eb</run_address>
         <size>0x22</size>
         <input_file_ref idref="fl-8"/>
      </object_component>
      <object_component id="oc-b9">
         <name>.debug_pubnames</name>
         <load_address>0x40d</load_address>
         <run_address>0x40d</run_address>
         <size>0x24</size>
         <input_file_ref idref="fl-8"/>
      </object_component>
      <object_component id="oc-bf">
         <name>.debug_pubnames</name>
         <load_address>0x431</load_address>
         <run_address>0x431</run_address>
         <size>0x22</size>
         <input_file_ref idref="fl-b"/>
      </object_component>
      <object_component id="oc-c4">
         <name>.debug_pubnames</name>
         <load_address>0x453</load_address>
         <run_address>0x453</run_address>
         <size>0x18</size>
         <input_file_ref idref="fl-2"/>
      </object_component>
      <object_component id="oc-c7">
         <name>.debug_pubnames</name>
         <load_address>0x46b</load_address>
         <run_address>0x46b</run_address>
         <size>0x61</size>
         <input_file_ref idref="fl-2"/>
      </object_component>
      <object_component id="oc-f0">
         <name>.debug_pubnames</name>
         <load_address>0x4cc</load_address>
         <run_address>0x4cc</run_address>
         <size>0x1e</size>
         <input_file_ref idref="fl-140"/>
      </object_component>
      <object_component id="oc-f8">
         <name>.debug_pubnames</name>
         <load_address>0x4ea</load_address>
         <run_address>0x4ea</run_address>
         <size>0x28</size>
         <input_file_ref idref="fl-13d"/>
      </object_component>
      <object_component id="oc-fb">
         <name>.debug_pubnames</name>
         <load_address>0x512</load_address>
         <run_address>0x512</run_address>
         <size>0x3a</size>
         <input_file_ref idref="fl-13a"/>
      </object_component>
      <object_component id="oc-116">
         <name>.debug_pubnames</name>
         <load_address>0x54c</load_address>
         <run_address>0x54c</run_address>
         <size>0x2a</size>
         <input_file_ref idref="fl-9"/>
      </object_component>
      <object_component id="oc-11c">
         <name>.debug_pubnames</name>
         <load_address>0x576</load_address>
         <run_address>0x576</run_address>
         <size>0x2a</size>
         <input_file_ref idref="fl-9"/>
      </object_component>
      <object_component id="oc-121">
         <name>.debug_pubnames</name>
         <load_address>0x5a0</load_address>
         <run_address>0x5a0</run_address>
         <size>0x23</size>
         <input_file_ref idref="fl-9"/>
      </object_component>
      <object_component id="oc-124">
         <name>.debug_pubnames</name>
         <load_address>0x5c3</load_address>
         <run_address>0x5c3</run_address>
         <size>0x29</size>
         <input_file_ref idref="fl-9"/>
      </object_component>
      <object_component id="oc-127">
         <name>.debug_pubnames</name>
         <load_address>0x5ec</load_address>
         <run_address>0x5ec</run_address>
         <size>0x2c</size>
         <input_file_ref idref="fl-9"/>
      </object_component>
      <object_component id="oc-139">
         <name>.debug_pubnames</name>
         <load_address>0x618</load_address>
         <run_address>0x618</run_address>
         <size>0x27</size>
         <input_file_ref idref="fl-b"/>
      </object_component>
      <object_component id="oc-13e">
         <name>.debug_pubnames</name>
         <load_address>0x63f</load_address>
         <run_address>0x63f</run_address>
         <size>0x25</size>
         <input_file_ref idref="fl-b"/>
      </object_component>
      <object_component id="oc-146">
         <name>.debug_pubnames</name>
         <load_address>0x664</load_address>
         <run_address>0x664</run_address>
         <size>0x2b</size>
         <input_file_ref idref="fl-b"/>
      </object_component>
      <object_component id="oc-14e">
         <name>.debug_pubnames</name>
         <load_address>0x68f</load_address>
         <run_address>0x68f</run_address>
         <size>0x77</size>
         <input_file_ref idref="fl-a"/>
      </object_component>
      <object_component id="oc-156">
         <name>.debug_pubnames</name>
         <load_address>0x706</load_address>
         <run_address>0x706</run_address>
         <size>0x1f</size>
         <input_file_ref idref="fl-c"/>
      </object_component>
      <object_component id="oc-16c">
         <name>.debug_pubnames</name>
         <load_address>0x725</load_address>
         <run_address>0x725</run_address>
         <size>0x43</size>
         <input_file_ref idref="fl-13d"/>
      </object_component>
      <object_component id="oc-179">
         <name>.debug_pubnames</name>
         <load_address>0x768</load_address>
         <run_address>0x768</run_address>
         <size>0x26</size>
         <input_file_ref idref="fl-9"/>
      </object_component>
      <object_component id="oc-12">
         <name>.debug_aranges</name>
         <load_address>0x0</load_address>
         <run_address>0x0</run_address>
         <size>0x20</size>
         <input_file_ref idref="fl-136"/>
      </object_component>
      <object_component id="oc-19">
         <name>.debug_aranges</name>
         <load_address>0x20</load_address>
         <run_address>0x20</run_address>
         <size>0x20</size>
         <input_file_ref idref="fl-137"/>
      </object_component>
      <object_component id="oc-1f">
         <name>.debug_aranges</name>
         <load_address>0x40</load_address>
         <run_address>0x40</run_address>
         <size>0x20</size>
         <input_file_ref idref="fl-139"/>
      </object_component>
      <object_component id="oc-24">
         <name>.debug_aranges</name>
         <load_address>0x60</load_address>
         <run_address>0x60</run_address>
         <size>0x20</size>
         <input_file_ref idref="fl-138"/>
      </object_component>
      <object_component id="oc-2b">
         <name>.debug_aranges</name>
         <load_address>0x80</load_address>
         <run_address>0x80</run_address>
         <size>0x38</size>
         <input_file_ref idref="fl-3"/>
      </object_component>
      <object_component id="oc-31">
         <name>.debug_aranges</name>
         <load_address>0xb8</load_address>
         <run_address>0xb8</run_address>
         <size>0x30</size>
         <input_file_ref idref="fl-2"/>
      </object_component>
      <object_component id="oc-3b">
         <name>.debug_aranges</name>
         <load_address>0xe8</load_address>
         <run_address>0xe8</run_address>
         <size>0x28</size>
         <input_file_ref idref="fl-13f"/>
      </object_component>
      <object_component id="oc-3f">
         <name>.debug_aranges</name>
         <load_address>0x110</load_address>
         <run_address>0x110</run_address>
         <size>0x20</size>
         <input_file_ref idref="fl-13e"/>
      </object_component>
      <object_component id="oc-45">
         <name>.debug_aranges</name>
         <load_address>0x130</load_address>
         <run_address>0x130</run_address>
         <size>0x30</size>
         <input_file_ref idref="fl-13a"/>
      </object_component>
      <object_component id="oc-50">
         <name>.debug_aranges</name>
         <load_address>0x160</load_address>
         <run_address>0x160</run_address>
         <size>0x20</size>
         <input_file_ref idref="fl-13b"/>
      </object_component>
      <object_component id="oc-62">
         <name>.debug_aranges</name>
         <load_address>0x180</load_address>
         <run_address>0x180</run_address>
         <size>0x20</size>
         <input_file_ref idref="fl-138"/>
      </object_component>
      <object_component id="oc-70">
         <name>.debug_aranges</name>
         <load_address>0x1a0</load_address>
         <run_address>0x1a0</run_address>
         <size>0x20</size>
         <input_file_ref idref="fl-9"/>
      </object_component>
      <object_component id="oc-76">
         <name>.debug_aranges</name>
         <load_address>0x1c0</load_address>
         <run_address>0x1c0</run_address>
         <size>0x20</size>
         <input_file_ref idref="fl-9"/>
      </object_component>
      <object_component id="oc-7c">
         <name>.debug_aranges</name>
         <load_address>0x1e0</load_address>
         <run_address>0x1e0</run_address>
         <size>0x20</size>
         <input_file_ref idref="fl-b"/>
      </object_component>
      <object_component id="oc-82">
         <name>.debug_aranges</name>
         <load_address>0x200</load_address>
         <run_address>0x200</run_address>
         <size>0x20</size>
         <input_file_ref idref="fl-8"/>
      </object_component>
      <object_component id="oc-88">
         <name>.debug_aranges</name>
         <load_address>0x220</load_address>
         <run_address>0x220</run_address>
         <size>0x20</size>
         <input_file_ref idref="fl-b"/>
      </object_component>
      <object_component id="oc-8e">
         <name>.debug_aranges</name>
         <load_address>0x240</load_address>
         <run_address>0x240</run_address>
         <size>0x20</size>
         <input_file_ref idref="fl-b"/>
      </object_component>
      <object_component id="oc-94">
         <name>.debug_aranges</name>
         <load_address>0x260</load_address>
         <run_address>0x260</run_address>
         <size>0x20</size>
         <input_file_ref idref="fl-8"/>
      </object_component>
      <object_component id="oc-9a">
         <name>.debug_aranges</name>
         <load_address>0x280</load_address>
         <run_address>0x280</run_address>
         <size>0x20</size>
         <input_file_ref idref="fl-b"/>
      </object_component>
      <object_component id="oc-a1">
         <name>.debug_aranges</name>
         <load_address>0x2a0</load_address>
         <run_address>0x2a0</run_address>
         <size>0x20</size>
         <input_file_ref idref="fl-a"/>
      </object_component>
      <object_component id="oc-a6">
         <name>.debug_aranges</name>
         <load_address>0x2c0</load_address>
         <run_address>0x2c0</run_address>
         <size>0x20</size>
         <input_file_ref idref="fl-8"/>
      </object_component>
      <object_component id="oc-ad">
         <name>.debug_aranges</name>
         <load_address>0x2e0</load_address>
         <run_address>0x2e0</run_address>
         <size>0x20</size>
         <input_file_ref idref="fl-a"/>
      </object_component>
      <object_component id="oc-b2">
         <name>.debug_aranges</name>
         <load_address>0x300</load_address>
         <run_address>0x300</run_address>
         <size>0x20</size>
         <input_file_ref idref="fl-8"/>
      </object_component>
      <object_component id="oc-b8">
         <name>.debug_aranges</name>
         <load_address>0x320</load_address>
         <run_address>0x320</run_address>
         <size>0x20</size>
         <input_file_ref idref="fl-8"/>
      </object_component>
      <object_component id="oc-be">
         <name>.debug_aranges</name>
         <load_address>0x340</load_address>
         <run_address>0x340</run_address>
         <size>0x20</size>
         <input_file_ref idref="fl-b"/>
      </object_component>
      <object_component id="oc-ef">
         <name>.debug_aranges</name>
         <load_address>0x360</load_address>
         <run_address>0x360</run_address>
         <size>0x20</size>
         <input_file_ref idref="fl-140"/>
      </object_component>
      <object_component id="oc-115">
         <name>.debug_aranges</name>
         <load_address>0x380</load_address>
         <run_address>0x380</run_address>
         <size>0x20</size>
         <input_file_ref idref="fl-9"/>
      </object_component>
      <object_component id="oc-11b">
         <name>.debug_aranges</name>
         <load_address>0x3a0</load_address>
         <run_address>0x3a0</run_address>
         <size>0x20</size>
         <input_file_ref idref="fl-9"/>
      </object_component>
      <object_component id="oc-138">
         <name>.debug_aranges</name>
         <load_address>0x3c0</load_address>
         <run_address>0x3c0</run_address>
         <size>0x20</size>
         <input_file_ref idref="fl-b"/>
      </object_component>
      <object_component id="oc-13d">
         <name>.debug_aranges</name>
         <load_address>0x3e0</load_address>
         <run_address>0x3e0</run_address>
         <size>0x20</size>
         <input_file_ref idref="fl-b"/>
      </object_component>
      <object_component id="oc-154">
         <name>.debug_aranges</name>
         <load_address>0x400</load_address>
         <run_address>0x400</run_address>
         <size>0x20</size>
         <input_file_ref idref="fl-c"/>
      </object_component>
      <object_component id="oc-16b">
         <name>.debug_aranges</name>
         <load_address>0x420</load_address>
         <run_address>0x420</run_address>
         <size>0x30</size>
         <input_file_ref idref="fl-13d"/>
      </object_component>
      <object_component id="oc-13">
         <name>.debug_line</name>
         <load_address>0x0</load_address>
         <run_address>0x0</run_address>
         <size>0x4f</size>
         <input_file_ref idref="fl-136"/>
      </object_component>
      <object_component id="oc-17">
         <name>.debug_line</name>
         <load_address>0x4f</load_address>
         <run_address>0x4f</run_address>
         <size>0x55</size>
         <input_file_ref idref="fl-137"/>
      </object_component>
      <object_component id="oc-21">
         <name>.debug_line</name>
         <load_address>0xa4</load_address>
         <run_address>0xa4</run_address>
         <size>0x4c</size>
         <input_file_ref idref="fl-139"/>
      </object_component>
      <object_component id="oc-26">
         <name>.debug_line</name>
         <load_address>0xf0</load_address>
         <run_address>0xf0</run_address>
         <size>0x4b</size>
         <input_file_ref idref="fl-138"/>
      </object_component>
      <object_component id="oc-2d">
         <name>.debug_line</name>
         <load_address>0x13b</load_address>
         <run_address>0x13b</run_address>
         <size>0xa2</size>
         <input_file_ref idref="fl-3"/>
      </object_component>
      <object_component id="oc-33">
         <name>.debug_line</name>
         <load_address>0x1dd</load_address>
         <run_address>0x1dd</run_address>
         <size>0x145</size>
         <input_file_ref idref="fl-2"/>
      </object_component>
      <object_component id="oc-36">
         <name>.debug_line</name>
         <load_address>0x322</load_address>
         <run_address>0x322</run_address>
         <size>0x42</size>
         <input_file_ref idref="fl-3"/>
      </object_component>
      <object_component id="oc-39">
         <name>.debug_line</name>
         <load_address>0x364</load_address>
         <run_address>0x364</run_address>
         <size>0x87</size>
         <input_file_ref idref="fl-13f"/>
      </object_component>
      <object_component id="oc-41">
         <name>.debug_line</name>
         <load_address>0x3eb</load_address>
         <run_address>0x3eb</run_address>
         <size>0x50</size>
         <input_file_ref idref="fl-13e"/>
      </object_component>
      <object_component id="oc-47">
         <name>.debug_line</name>
         <load_address>0x43b</load_address>
         <run_address>0x43b</run_address>
         <size>0x7a</size>
         <input_file_ref idref="fl-13a"/>
      </object_component>
      <object_component id="oc-4e">
         <name>.debug_line</name>
         <load_address>0x4b5</load_address>
         <run_address>0x4b5</run_address>
         <size>0x88</size>
         <input_file_ref idref="fl-13b"/>
      </object_component>
      <object_component id="oc-56">
         <name>.debug_line</name>
         <load_address>0x53d</load_address>
         <run_address>0x53d</run_address>
         <size>0x3a</size>
         <input_file_ref idref="fl-137"/>
      </object_component>
      <object_component id="oc-5d">
         <name>.debug_line</name>
         <load_address>0x577</load_address>
         <run_address>0x577</run_address>
         <size>0x34</size>
         <input_file_ref idref="fl-139"/>
      </object_component>
      <object_component id="oc-64">
         <name>.debug_line</name>
         <load_address>0x5ab</load_address>
         <run_address>0x5ab</run_address>
         <size>0x8c</size>
         <input_file_ref idref="fl-138"/>
      </object_component>
      <object_component id="oc-6b">
         <name>.debug_line</name>
         <load_address>0x637</load_address>
         <run_address>0x637</run_address>
         <size>0x39</size>
         <input_file_ref idref="fl-138"/>
      </object_component>
      <object_component id="oc-72">
         <name>.debug_line</name>
         <load_address>0x670</load_address>
         <run_address>0x670</run_address>
         <size>0x155</size>
         <input_file_ref idref="fl-9"/>
      </object_component>
      <object_component id="oc-78">
         <name>.debug_line</name>
         <load_address>0x7c5</load_address>
         <run_address>0x7c5</run_address>
         <size>0x6d</size>
         <input_file_ref idref="fl-9"/>
      </object_component>
      <object_component id="oc-7e">
         <name>.debug_line</name>
         <load_address>0x832</load_address>
         <run_address>0x832</run_address>
         <size>0x72</size>
         <input_file_ref idref="fl-b"/>
      </object_component>
      <object_component id="oc-84">
         <name>.debug_line</name>
         <load_address>0x8a4</load_address>
         <run_address>0x8a4</run_address>
         <size>0x80</size>
         <input_file_ref idref="fl-8"/>
      </object_component>
      <object_component id="oc-8a">
         <name>.debug_line</name>
         <load_address>0x924</load_address>
         <run_address>0x924</run_address>
         <size>0x80</size>
         <input_file_ref idref="fl-b"/>
      </object_component>
      <object_component id="oc-90">
         <name>.debug_line</name>
         <load_address>0x9a4</load_address>
         <run_address>0x9a4</run_address>
         <size>0x6c</size>
         <input_file_ref idref="fl-b"/>
      </object_component>
      <object_component id="oc-96">
         <name>.debug_line</name>
         <load_address>0xa10</load_address>
         <run_address>0xa10</run_address>
         <size>0x75</size>
         <input_file_ref idref="fl-8"/>
      </object_component>
      <object_component id="oc-9c">
         <name>.debug_line</name>
         <load_address>0xa85</load_address>
         <run_address>0xa85</run_address>
         <size>0x6b</size>
         <input_file_ref idref="fl-b"/>
      </object_component>
      <object_component id="oc-a3">
         <name>.debug_line</name>
         <load_address>0xaf0</load_address>
         <run_address>0xaf0</run_address>
         <size>0x99</size>
         <input_file_ref idref="fl-a"/>
      </object_component>
      <object_component id="oc-a8">
         <name>.debug_line</name>
         <load_address>0xb89</load_address>
         <run_address>0xb89</run_address>
         <size>0x6c</size>
         <input_file_ref idref="fl-8"/>
      </object_component>
      <object_component id="oc-af">
         <name>.debug_line</name>
         <load_address>0xbf5</load_address>
         <run_address>0xbf5</run_address>
         <size>0x70</size>
         <input_file_ref idref="fl-a"/>
      </object_component>
      <object_component id="oc-b4">
         <name>.debug_line</name>
         <load_address>0xc65</load_address>
         <run_address>0xc65</run_address>
         <size>0x6c</size>
         <input_file_ref idref="fl-8"/>
      </object_component>
      <object_component id="oc-ba">
         <name>.debug_line</name>
         <load_address>0xcd1</load_address>
         <run_address>0xcd1</run_address>
         <size>0x6c</size>
         <input_file_ref idref="fl-8"/>
      </object_component>
      <object_component id="oc-c0">
         <name>.debug_line</name>
         <load_address>0xd3d</load_address>
         <run_address>0xd3d</run_address>
         <size>0x6b</size>
         <input_file_ref idref="fl-b"/>
      </object_component>
      <object_component id="oc-df">
         <name>.debug_line</name>
         <load_address>0xda8</load_address>
         <run_address>0xda8</run_address>
         <size>0x20</size>
         <input_file_ref idref="fl-2"/>
      </object_component>
      <object_component id="oc-e4">
         <name>.debug_line</name>
         <load_address>0xdc8</load_address>
         <run_address>0xdc8</run_address>
         <size>0x59</size>
         <input_file_ref idref="fl-2"/>
      </object_component>
      <object_component id="oc-e7">
         <name>.debug_line</name>
         <load_address>0xe21</load_address>
         <run_address>0xe21</run_address>
         <size>0x42</size>
         <input_file_ref idref="fl-3"/>
      </object_component>
      <object_component id="oc-eb">
         <name>.debug_line</name>
         <load_address>0xe63</load_address>
         <run_address>0xe63</run_address>
         <size>0x20</size>
         <input_file_ref idref="fl-3"/>
      </object_component>
      <object_component id="oc-f1">
         <name>.debug_line</name>
         <load_address>0xe83</load_address>
         <run_address>0xe83</run_address>
         <size>0x6d</size>
         <input_file_ref idref="fl-140"/>
      </object_component>
      <object_component id="oc-100">
         <name>.debug_line</name>
         <load_address>0xef0</load_address>
         <run_address>0xef0</run_address>
         <size>0x33</size>
         <input_file_ref idref="fl-13c"/>
      </object_component>
      <object_component id="oc-105">
         <name>.debug_line</name>
         <load_address>0xf23</load_address>
         <run_address>0xf23</run_address>
         <size>0x44</size>
         <input_file_ref idref="fl-137"/>
      </object_component>
      <object_component id="oc-108">
         <name>.debug_line</name>
         <load_address>0xf67</load_address>
         <run_address>0xf67</run_address>
         <size>0x20</size>
         <input_file_ref idref="fl-137"/>
      </object_component>
      <object_component id="oc-10c">
         <name>.debug_line</name>
         <load_address>0xf87</load_address>
         <run_address>0xf87</run_address>
         <size>0x44</size>
         <input_file_ref idref="fl-139"/>
      </object_component>
      <object_component id="oc-10f">
         <name>.debug_line</name>
         <load_address>0xfcb</load_address>
         <run_address>0xfcb</run_address>
         <size>0x20</size>
         <input_file_ref idref="fl-139"/>
      </object_component>
      <object_component id="oc-112">
         <name>.debug_line</name>
         <load_address>0xfeb</load_address>
         <run_address>0xfeb</run_address>
         <size>0x20</size>
         <input_file_ref idref="fl-138"/>
      </object_component>
      <object_component id="oc-117">
         <name>.debug_line</name>
         <load_address>0x100b</load_address>
         <run_address>0x100b</run_address>
         <size>0x78</size>
         <input_file_ref idref="fl-9"/>
      </object_component>
      <object_component id="oc-11d">
         <name>.debug_line</name>
         <load_address>0x1083</load_address>
         <run_address>0x1083</run_address>
         <size>0x79</size>
         <input_file_ref idref="fl-9"/>
      </object_component>
      <object_component id="oc-12c">
         <name>.debug_line</name>
         <load_address>0x10fc</load_address>
         <run_address>0x10fc</run_address>
         <size>0x5e</size>
         <input_file_ref idref="fl-8"/>
      </object_component>
      <object_component id="oc-131">
         <name>.debug_line</name>
         <load_address>0x115a</load_address>
         <run_address>0x115a</run_address>
         <size>0x20</size>
         <input_file_ref idref="fl-8"/>
      </object_component>
      <object_component id="oc-136">
         <name>.debug_line</name>
         <load_address>0x117a</load_address>
         <run_address>0x117a</run_address>
         <size>0xaf</size>
         <input_file_ref idref="fl-b"/>
      </object_component>
      <object_component id="oc-13f">
         <name>.debug_line</name>
         <load_address>0x1229</load_address>
         <run_address>0x1229</run_address>
         <size>0x6e</size>
         <input_file_ref idref="fl-b"/>
      </object_component>
      <object_component id="oc-157">
         <name>.debug_line</name>
         <load_address>0x1297</load_address>
         <run_address>0x1297</run_address>
         <size>0x6a</size>
         <input_file_ref idref="fl-c"/>
      </object_component>
      <object_component id="oc-15d">
         <name>.debug_line</name>
         <load_address>0x1301</load_address>
         <run_address>0x1301</run_address>
         <size>0x2d</size>
         <input_file_ref idref="fl-2"/>
      </object_component>
      <object_component id="oc-15f">
         <name>.debug_line</name>
         <load_address>0x132e</load_address>
         <run_address>0x132e</run_address>
         <size>0x115</size>
         <input_file_ref idref="fl-2"/>
      </object_component>
      <object_component id="oc-163">
         <name>.debug_line</name>
         <load_address>0x1443</load_address>
         <run_address>0x1443</run_address>
         <size>0x2b</size>
         <input_file_ref idref="fl-13e"/>
      </object_component>
      <object_component id="oc-167">
         <name>.debug_line</name>
         <load_address>0x146e</load_address>
         <run_address>0x146e</run_address>
         <size>0x2b</size>
         <input_file_ref idref="fl-13e"/>
      </object_component>
      <object_component id="oc-16d">
         <name>.debug_line</name>
         <load_address>0x1499</load_address>
         <run_address>0x1499</run_address>
         <size>0x66</size>
         <input_file_ref idref="fl-13d"/>
      </object_component>
      <object_component id="oc-170">
         <name>.debug_line</name>
         <load_address>0x14ff</load_address>
         <run_address>0x14ff</run_address>
         <size>0x2b</size>
         <input_file_ref idref="fl-13d"/>
      </object_component>
      <object_component id="oc-174">
         <name>.debug_line</name>
         <load_address>0x152a</load_address>
         <run_address>0x152a</run_address>
         <size>0x2a</size>
         <input_file_ref idref="fl-13a"/>
      </object_component>
      <object_component id="oc-176">
         <name>.debug_line</name>
         <load_address>0x1554</load_address>
         <run_address>0x1554</run_address>
         <size>0x43</size>
         <input_file_ref idref="fl-13a"/>
      </object_component>
      <object_component id="oc-17d">
         <name>.debug_line</name>
         <load_address>0x1597</load_address>
         <run_address>0x1597</run_address>
         <size>0x58</size>
         <input_file_ref idref="fl-9"/>
      </object_component>
      <object_component id="oc-17f">
         <name>.debug_line</name>
         <load_address>0x15ef</load_address>
         <run_address>0x15ef</run_address>
         <size>0x58</size>
         <input_file_ref idref="fl-9"/>
      </object_component>
      <object_component id="oc-181">
         <name>.debug_line</name>
         <load_address>0x1647</load_address>
         <run_address>0x1647</run_address>
         <size>0x58</size>
         <input_file_ref idref="fl-9"/>
      </object_component>
      <object_component id="oc-183">
         <name>.debug_line</name>
         <load_address>0x169f</load_address>
         <run_address>0x169f</run_address>
         <size>0xc8</size>
         <input_file_ref idref="fl-9"/>
      </object_component>
      <object_component id="oc-187">
         <name>.debug_line</name>
         <load_address>0x1767</load_address>
         <run_address>0x1767</run_address>
         <size>0x58</size>
         <input_file_ref idref="fl-9"/>
      </object_component>
      <object_component id="oc-18c">
         <name>.debug_line</name>
         <load_address>0x17bf</load_address>
         <run_address>0x17bf</run_address>
         <size>0x5b</size>
         <input_file_ref idref="fl-8"/>
      </object_component>
      <object_component id="oc-18e">
         <name>.debug_line</name>
         <load_address>0x181a</load_address>
         <run_address>0x181a</run_address>
         <size>0x56</size>
         <input_file_ref idref="fl-b"/>
      </object_component>
      <object_component id="oc-190">
         <name>.debug_line</name>
         <load_address>0x1870</load_address>
         <run_address>0x1870</run_address>
         <size>0x5b</size>
         <input_file_ref idref="fl-b"/>
      </object_component>
      <object_component id="oc-192">
         <name>.debug_line</name>
         <load_address>0x18cb</load_address>
         <run_address>0x18cb</run_address>
         <size>0x5b</size>
         <input_file_ref idref="fl-a"/>
      </object_component>
      <object_component id="oc-194">
         <name>.debug_line</name>
         <load_address>0x1926</load_address>
         <run_address>0x1926</run_address>
         <size>0x55</size>
         <input_file_ref idref="fl-a"/>
      </object_component>
      <object_component id="oc-197">
         <name>.debug_line</name>
         <load_address>0x197b</load_address>
         <run_address>0x197b</run_address>
         <size>0x51</size>
         <input_file_ref idref="fl-140"/>
      </object_component>
      <object_component id="oc-19b">
         <name>.debug_line</name>
         <load_address>0x19cc</load_address>
         <run_address>0x19cc</run_address>
         <size>0x45</size>
         <input_file_ref idref="fl-140"/>
      </object_component>
      <object_component id="oc-19f">
         <name>.debug_line</name>
         <load_address>0x1a11</load_address>
         <run_address>0x1a11</run_address>
         <size>0x20</size>
         <input_file_ref idref="fl-13d"/>
      </object_component>
      <object_component id="oc-1a1">
         <name>.debug_line</name>
         <load_address>0x1a31</load_address>
         <run_address>0x1a31</run_address>
         <size>0x58</size>
         <input_file_ref idref="fl-9"/>
      </object_component>
      <object_component id="oc-18">
         <name>.debug_frame</name>
         <load_address>0x0</load_address>
         <run_address>0x0</run_address>
         <size>0x7f</size>
         <input_file_ref idref="fl-137"/>
      </object_component>
      <object_component id="oc-1d">
         <name>.debug_frame</name>
         <load_address>0x7f</load_address>
         <run_address>0x7f</run_address>
         <size>0x7f</size>
         <input_file_ref idref="fl-139"/>
      </object_component>
      <object_component id="oc-27">
         <name>.debug_frame</name>
         <load_address>0xfe</load_address>
         <run_address>0xfe</run_address>
         <size>0x7f</size>
         <input_file_ref idref="fl-138"/>
      </object_component>
      <object_component id="oc-2e">
         <name>.debug_frame</name>
         <load_address>0x17d</load_address>
         <run_address>0x17d</run_address>
         <size>0xb2</size>
         <input_file_ref idref="fl-3"/>
      </object_component>
      <object_component id="oc-34">
         <name>.debug_frame</name>
         <load_address>0x22f</load_address>
         <run_address>0x22f</run_address>
         <size>0xb6</size>
         <input_file_ref idref="fl-2"/>
      </object_component>
      <object_component id="oc-42">
         <name>.debug_frame</name>
         <load_address>0x2e5</load_address>
         <run_address>0x2e5</run_address>
         <size>0x7f</size>
         <input_file_ref idref="fl-13e"/>
      </object_component>
      <object_component id="oc-48">
         <name>.debug_frame</name>
         <load_address>0x364</load_address>
         <run_address>0x364</run_address>
         <size>0xb3</size>
         <input_file_ref idref="fl-13a"/>
      </object_component>
      <object_component id="oc-65">
         <name>.debug_frame</name>
         <load_address>0x417</load_address>
         <run_address>0x417</run_address>
         <size>0x8a</size>
         <input_file_ref idref="fl-138"/>
      </object_component>
      <object_component id="oc-73">
         <name>.debug_frame</name>
         <load_address>0x4a1</load_address>
         <run_address>0x4a1</run_address>
         <size>0x94</size>
         <input_file_ref idref="fl-9"/>
      </object_component>
      <object_component id="oc-79">
         <name>.debug_frame</name>
         <load_address>0x535</load_address>
         <run_address>0x535</run_address>
         <size>0x7f</size>
         <input_file_ref idref="fl-9"/>
      </object_component>
      <object_component id="oc-7f">
         <name>.debug_frame</name>
         <load_address>0x5b4</load_address>
         <run_address>0x5b4</run_address>
         <size>0x8b</size>
         <input_file_ref idref="fl-b"/>
      </object_component>
      <object_component id="oc-85">
         <name>.debug_frame</name>
         <load_address>0x63f</load_address>
         <run_address>0x63f</run_address>
         <size>0x7f</size>
         <input_file_ref idref="fl-8"/>
      </object_component>
      <object_component id="oc-8b">
         <name>.debug_frame</name>
         <load_address>0x6be</load_address>
         <run_address>0x6be</run_address>
         <size>0x87</size>
         <input_file_ref idref="fl-b"/>
      </object_component>
      <object_component id="oc-91">
         <name>.debug_frame</name>
         <load_address>0x745</load_address>
         <run_address>0x745</run_address>
         <size>0x87</size>
         <input_file_ref idref="fl-b"/>
      </object_component>
      <object_component id="oc-97">
         <name>.debug_frame</name>
         <load_address>0x7cc</load_address>
         <run_address>0x7cc</run_address>
         <size>0x7f</size>
         <input_file_ref idref="fl-8"/>
      </object_component>
      <object_component id="oc-9d">
         <name>.debug_frame</name>
         <load_address>0x84b</load_address>
         <run_address>0x84b</run_address>
         <size>0x7f</size>
         <input_file_ref idref="fl-b"/>
      </object_component>
      <object_component id="oc-9f">
         <name>.debug_frame</name>
         <load_address>0x8ca</load_address>
         <run_address>0x8ca</run_address>
         <size>0x7f</size>
         <input_file_ref idref="fl-a"/>
      </object_component>
      <object_component id="oc-a9">
         <name>.debug_frame</name>
         <load_address>0x949</load_address>
         <run_address>0x949</run_address>
         <size>0x7f</size>
         <input_file_ref idref="fl-8"/>
      </object_component>
      <object_component id="oc-ab">
         <name>.debug_frame</name>
         <load_address>0x9c8</load_address>
         <run_address>0x9c8</run_address>
         <size>0x87</size>
         <input_file_ref idref="fl-a"/>
      </object_component>
      <object_component id="oc-b5">
         <name>.debug_frame</name>
         <load_address>0xa4f</load_address>
         <run_address>0xa4f</run_address>
         <size>0x7f</size>
         <input_file_ref idref="fl-8"/>
      </object_component>
      <object_component id="oc-bb">
         <name>.debug_frame</name>
         <load_address>0xace</load_address>
         <run_address>0xace</run_address>
         <size>0x7f</size>
         <input_file_ref idref="fl-8"/>
      </object_component>
      <object_component id="oc-c1">
         <name>.debug_frame</name>
         <load_address>0xb4d</load_address>
         <run_address>0xb4d</run_address>
         <size>0x7f</size>
         <input_file_ref idref="fl-b"/>
      </object_component>
      <object_component id="oc-f2">
         <name>.debug_frame</name>
         <load_address>0xbcc</load_address>
         <run_address>0xbcc</run_address>
         <size>0x8a</size>
         <input_file_ref idref="fl-140"/>
      </object_component>
      <object_component id="oc-118">
         <name>.debug_frame</name>
         <load_address>0xc56</load_address>
         <run_address>0xc56</run_address>
         <size>0x7f</size>
         <input_file_ref idref="fl-9"/>
      </object_component>
      <object_component id="oc-11e">
         <name>.debug_frame</name>
         <load_address>0xcd5</load_address>
         <run_address>0xcd5</run_address>
         <size>0x8b</size>
         <input_file_ref idref="fl-9"/>
      </object_component>
      <object_component id="oc-13a">
         <name>.debug_frame</name>
         <load_address>0xd60</load_address>
         <run_address>0xd60</run_address>
         <size>0x90</size>
         <input_file_ref idref="fl-b"/>
      </object_component>
      <object_component id="oc-140">
         <name>.debug_frame</name>
         <load_address>0xdf0</load_address>
         <run_address>0xdf0</run_address>
[...]
            <object_component_ref idref="oc-52"/>
            <object_component_ref idref="oc-55"/>
            <object_component_ref idref="oc-59"/>
            <object_component_ref idref="oc-5c"/>
            <object_component_ref idref="oc-66"/>
            <object_component_ref idref="oc-6a"/>
            <object_component_ref idref="oc-6d"/>
            <object_component_ref idref="oc-db"/>
            <object_component_ref idref="oc-de"/>
            <object_component_ref idref="oc-e3"/>
            <object_component_ref idref="oc-e6"/>
            <object_component_ref idref="oc-ea"/>
            <object_component_ref idref="oc-f3"/>
            <object_component_ref idref="oc-f4"/>
            <object_component_ref idref="oc-fc"/>
            <object_component_ref idref="oc-ff"/>
            <object_component_ref idref="oc-101"/>
            <object_component_ref idref="oc-104"/>
            <object_component_ref idref="oc-107"/>
            <object_component_ref idref="oc-10b"/>
            <object_component_ref idref="oc-10e"/>
            <object_component_ref idref="oc-110"/>
            <object_component_ref idref="oc-111"/>
            <object_component_ref idref="oc-128"/>
            <object_component_ref idref="oc-12b"/>
            <object_component_ref idref="oc-130"/>
            <object_component_ref idref="oc-134"/>
            <object_component_ref idref="oc-141"/>
            <object_component_ref idref="oc-142"/>
            <object_component_ref idref="oc-147"/>
            <object_component_ref idref="oc-149"/>
            <object_component_ref idref="oc-14a"/>
            <object_component_ref idref="oc-14b"/>
            <object_component_ref idref="oc-14f"/>
            <object_component_ref idref="oc-151"/>
            <object_component_ref idref="oc-158"/>
            <object_component_ref idref="oc-159"/>
            <object_component_ref idref="oc-15a"/>
            <object_component_ref idref="oc-15b"/>
            <object_component_ref idref="oc-15c"/>
            <object_component_ref idref="oc-15e"/>
            <object_component_ref idref="oc-160"/>
            <object_component_ref idref="oc-162"/>
            <object_component_ref idref="oc-166"/>
            <object_component_ref idref="oc-16f"/>
            <object_component_ref idref="oc-173"/>
            <object_component_ref idref="oc-175"/>
            <object_component_ref idref="oc-17a"/>
            <object_component_ref idref="oc-17b"/>
            <object_component_ref idref="oc-17c"/>
            <object_component_ref idref="oc-17e"/>
            <object_component_ref idref="oc-180"/>
            <object_component_ref idref="oc-182"/>
            <object_component_ref idref="oc-186"/>
            <object_component_ref idref="oc-189"/>
            <object_component_ref idref="oc-18a"/>
            <object_component_ref idref="oc-18b"/>
            <object_component_ref idref="oc-18d"/>
            <object_component_ref idref="oc-18f"/>
            <object_component_ref idref="oc-191"/>
            <object_component_ref idref="oc-193"/>
            <object_component_ref idref="oc-195"/>
            <object_component_ref idref="oc-196"/>
            <object_component_ref idref="oc-19a"/>
            <object_component_ref idref="oc-19d"/>
            <object_component_ref idref="oc-19e"/>
            <object_component_ref idref="oc-1a0"/>
            <object_component_ref idref="oc-1c4"/>
         </contents>
      </logical_group>
      <logical_group id="lg-1ba" display="never" color="cyan">
         <name>.debug_pubtypes</name>
         <load_address>0x0</load_address>
         <run_address>0x0</run_address>
         <size>0x849</size>
         <contents>
            <object_component_ref idref="oc-54"/>
            <object_component_ref idref="oc-5b"/>
            <object_component_ref idref="oc-69"/>
            <object_component_ref idref="oc-dd"/>
            <object_component_ref idref="oc-e2"/>
            <object_component_ref idref="oc-e9"/>
            <object_component_ref idref="oc-fe"/>
            <object_component_ref idref="oc-103"/>
            <object_component_ref idref="oc-10a"/>
            <object_component_ref idref="oc-12a"/>
            <object_component_ref idref="oc-12f"/>
            <object_component_ref idref="oc-165"/>
            <object_component_ref idref="oc-172"/>
            <object_component_ref idref="oc-185"/>
            <object_component_ref idref="oc-199"/>
         </contents>
      </logical_group>
      <logical_group id="lg-1bc" display="never" color="cyan">
         <name>.debug_str</name>
         <load_address>0x0</load_address>
         <run_address>0x0</run_address>
         <size>0xce4</size>
         <contents>
            <object_component_ref idref="oc-57"/>
            <object_component_ref idref="oc-5e"/>
            <object_component_ref idref="oc-6c"/>
            <object_component_ref idref="oc-e0"/>
            <object_component_ref idref="oc-e5"/>
            <object_component_ref idref="oc-ec"/>
            <object_component_ref idref="oc-106"/>
            <object_component_ref idref="oc-10d"/>
            <object_component_ref idref="oc-12d"/>
            <object_component_ref idref="oc-132"/>
            <object_component_ref idref="oc-168"/>
            <object_component_ref idref="oc-188"/>
            <object_component_ref idref="oc-19c"/>
         </contents>
      </logical_group>
      <load_segment id="lg-1c9" display="no" color="cyan">
         <name>SEGMENT_0</name>
         <load_address>0x0</load_address>
         <run_address>0x0</run_address>
         <size>0x1138</size>
         <flags>0x5</flags>
         <contents>
            <logical_group_ref idref="lg-3"/>
            <logical_group_ref idref="lg-4"/>
            <logical_group_ref idref="lg-5"/>
            <logical_group_ref idref="lg-6"/>
         </contents>
      </load_segment>
      <load_segment id="lg-1ca" display="no" color="cyan">
         <name>SEGMENT_1</name>
         <run_address>0x20000000</run_address>
         <size>0x22e</size>
         <flags>0x6</flags>
         <contents>
            <logical_group_ref idref="lg-d"/>
            <logical_group_ref idref="lg-a"/>
            <logical_group_ref idref="lg-b"/>
         </contents>
      </load_segment>
   </logical_group_list>
   <placement_map>
      <memory_area display="yes" color="green">
         <name>FLASH</name>
         <page_id>0x0</page_id>
         <origin>0x0</origin>
         <length>0x100000</length>
         <used_space>0x1136</used_space>
         <unused_space>0xfeeca</unused_space>
         <attributes>RX</attributes>
         <usage_details>
            <allocated_space>
               <start_address>0x0</start_address>
               <size>0x208</size>
               <logical_group_ref idref="lg-3"/>
            </allocated_space>
            <allocated_space>
               <start_address>0x208</start_address>
               <size>0xc32</size>
               <logical_group_ref idref="lg-4"/>
            </allocated_space>
            <available_space>
               <start_address>0xe3a</start_address>
               <size>0x2</size>
            </available_space>
            <allocated_space>
               <start_address>0xe3c</start_address>
               <size>0x2c4</size>
               <logical_group_ref idref="lg-5"/>
            </allocated_space>
            <allocated_space>
               <start_address>0x1100</start_address>
               <size>0x38</size>
               <logical_group_ref idref="lg-6"/>
            </allocated_space>
            <available_space>
               <start_address>0x1138</start_address>
               <size>0xfeec8</size>
            </available_space>
         </usage_details>
      </memory_area>
      <memory_area display="yes" color="green">
         <name>SRAM</name>
         <page_id>0x0</page_id>
         <origin>0x20000000</origin>
         <length>0x40000</length>
         <used_space>0x22e</used_space>
         <unused_space>0x3fdd2</unused_space>
         <attributes>RWX</attributes>
         <usage_details>
            <allocated_space>
               <start_address>0x20000000</start_address>
               <size>0x200</size>
               <logical_group_ref idref="lg-d"/>
            </allocated_space>
            <allocated_space>
               <start_address>0x20000200</start_address>
               <size>0x18</size>
               <logical_group_ref idref="lg-a"/>
            </allocated_space>
            <allocated_space>
               <start_address>0x20000218</start_address>
               <size>0x16</size>
               <logical_group_ref idref="lg-b"/>
            </allocated_space>
            <available_space>
               <start_address>0x2000022e</start_address>
               <size>0x3fdd2</size>
            </available_space>
         </usage_details>
      </memory_area>
   </placement_map>
   <cptbl_list>
      <cptbl>
         <name>__TI_cinit_table</name>
         <cprec>
            <name>.data</name>
            <load_address>0x1100</load_address>
            <load_size>0xf</load_size>
            <run_address>0x20000200</run_address>
            <run_size>0x18</run_size>
            <compression>rle</compression>
         </cprec>
         <cprec>
            <name>.bss</name>
            <load_address>0x1120</load_address>
            <load_size>0x8</load_size>
            <run_address>0x20000218</run_address>
            <run_size>0x16</run_size>
            <compression>zero_init</compression>
         </cprec>
      </cptbl>
   </cptbl_list>
   <handler_table>
      <handler_table_name>__TI_handler_table</handler_table_name>
      <handler>
         <index>0x0</index>
         <name>__TI_decompress_rle24</name>
      </handler>
      <handler>
         <index>0x1</index>
         <name>__TI_decompress_none</name>
      </handler>
      <handler>
         <index>0x2</index>
         <name>__TI_zero_init</name>
      </handler>
   </handler_table>
   <symbol_table>
      <symbol id="sm-1">
         <name>__STACK_TOP</name>
         <value>0x20000200</value>
      </symbol>
      <symbol id="sm-2">
         <name>__TI_CINIT_Base</name>
         <value>0x1128</value>
      </symbol>
      <symbol id="sm-3">
         <name>__TI_CINIT_Limit</name>
         <value>0x1138</value>
      </symbol>
      <symbol id="sm-4">
         <name>__TI_Handler_Table_Base</name>
         <value>0x1110</value>
      </symbol>
      <symbol id="sm-5">
         <name>__TI_Handler_Table_Limit</name>
         <value>0x111c</value>
      </symbol>
      <symbol id="sm-6">
         <name>binit</name>
         <value>0xffffffff</value>
      </symbol>
      <symbol id="sm-7">
         <name>__binit__</name>
         <value>0xffffffff</value>
      </symbol>
      <symbol id="sm-8">
         <name>__STACK_SIZE</name>
         <value>0x200</value>
      </symbol>
      <symbol id="sm-9">
         <name>__STACK_END</name>
         <value>0x20000200</value>
      </symbol>
      <symbol id="sm-a">
         <name>__c_args__</name>
         <value>0xffffffff</value>
      </symbol>
      <symbol id="sm-81">
         <name>rand</name>
         <value>0x20000218</value>
      </symbol>
      <symbol id="sm-82">
         <name>F1</name>
         <value>0x20000224</value>
      </symbol>
      <symbol id="sm-83">
         <name>F2</name>
         <value>0x20000225</value>
      </symbol>
      <symbol id="sm-84">
         <name>F3</name>
         <value>0x20000226</value>
      </symbol>
      <symbol id="sm-85">
         <name>G0</name>
         <value>0x20000227</value>
      </symbol>
      <symbol id="sm-86">
         <name>L4</name>
         <value>0x2000022c</value>
      </symbol>
      <symbol id="sm-87">
         <name>L5</name>
         <value>0x2000022d</value>
      </symbol>
      <symbol id="sm-88">
         <name>L0</name>
         <value>0x20000228</value>
      </symbol>
      <symbol id="sm-89">
         <name>L1</name>
         <value>0x20000229</value>
      </symbol>
      <symbol id="sm-8a">
         <name>L2</name>
         <value>0x2000022a</value>
      </symbol>
      <symbol id="sm-8b">
         <name>L3</name>
         <value>0x2000022b</value>
      </symbol>
      <symbol id="sm-8c">
         <name>i</name>
         <value>0x20000210</value>
         <object_component_ref idref="oc-c2"/>
      </symbol>
      <symbol id="sm-8d">
         <name>main</name>
         <value>0x20b</value>
         <object_component_ref idref="oc-2f"/>
      </symbol>
      <symbol id="sm-8e">
         <name>ConfigureEPI</name>
         <value>0x209</value>
         <object_component_ref idref="oc-2f"/>
      </symbol>
      <symbol id="sm-8f">
         <name>Timer0IntHandler</name>
         <value>0x325</value>
         <object_component_ref idref="oc-2f"/>
      </symbol>
      <symbol id="sm-b0">
         <name>ResetISR</name>
         <value>0xe07</value>
         <object_component_ref idref="oc-29"/>
      </symbol>
      <symbol id="sm-b1">
         <name>g_pfnVectors</name>
         <value>0x0</value>
         <object_component_ref idref="oc-e"/>
      </symbol>
      <symbol id="sm-ee">
         <name>TimerLoadSet</name>
         <value>0xdbb</value>
         <object_component_ref idref="oc-92"/>
      </symbol>
      <symbol id="sm-ef">
         <name>TimerEnable</name>
         <value>0xddf</value>
         <object_component_ref idref="oc-b0"/>
      </symbol>
      <symbol id="sm-f0">
         <name>TimerIntEnable</name>
         <value>0xe1d</value>
         <object_component_ref idref="oc-a4"/>
      </symbol>
      <symbol id="sm-f1">
         <name>TimerConfigure</name>
         <value>0xb2d</value>
         <object_component_ref idref="oc-80"/>
      </symbol>
      <symbol id="sm-f2">
         <name>TimerIntClear</name>
         <value>0xe37</value>
         <object_component_ref idref="oc-b6"/>
      </symbol>
      <symbol id="sm-168">
         <name>SysCtlPeripheralEnable</name>
         <value>0xce9</value>
         <object_component_ref idref="oc-74"/>
      </symbol>
      <symbol id="sm-169">
         <name>SysCtlClockFreqSet</name>
         <value>0x611</value>
         <object_component_ref idref="oc-6e"/>
      </symbol>
      <symbol id="sm-197">
         <name>IntEnable</name>
         <value>0xa6d</value>
         <object_component_ref idref="oc-9e"/>
      </symbol>
      <symbol id="sm-198">
         <name>IntMasterEnable</name>
         <value>0xe13</value>
         <object_component_ref idref="oc-aa"/>
      </symbol>
      <symbol id="sm-1e8">
         <name>GPIOPinConfigure</name>
         <value>0xb89</value>
         <object_component_ref idref="oc-86"/>
      </symbol>
      <symbol id="sm-1e9">
         <name>GPIOPinTypeGPIOOutput</name>
         <value>0xd65</value>
         <object_component_ref idref="oc-7a"/>
      </symbol>
      <symbol id="sm-1ea">
         <name>GPIOPinRead</name>
         <value>0xe25</value>
         <object_component_ref idref="oc-bc"/>
      </symbol>
      <symbol id="sm-1eb">
         <name>GPIODirModeSet</name>
         <value>0xd1d</value>
         <object_component_ref idref="oc-13b"/>
      </symbol>
      <symbol id="sm-1ec">
         <name>GPIOPinWrite</name>
         <value>0xe2b</value>
         <object_component_ref idref="oc-98"/>
      </symbol>
      <symbol id="sm-1ed">
         <name>GPIOPadConfigSet</name>
         <value>0x80d</value>
         <object_component_ref idref="oc-135"/>
      </symbol>
      <symbol id="sm-1ee">
         <name>GPIOPinTypeEPI</name>
         <value>0xda9</value>
         <object_component_ref idref="oc-8c"/>
      </symbol>
      <symbol id="sm-1f8">
         <name>CPUcpsie</name>
         <value>0xdfb</value>
         <object_component_ref idref="oc-152"/>
      </symbol>
      <symbol id="sm-208">
         <name>_c_int00</name>
         <value>0xc19</value>
         <object_component_ref idref="oc-11"/>
      </symbol>
      <symbol id="sm-209">
         <name>__stack</name>
         <value>0x20000000</value>
         <object_component_ref idref="oc-28"/>
      </symbol>
      <symbol id="sm-220">
         <name>__TI_decompress_none</name>
         <value>0xded</value>
         <object_component_ref idref="oc-16"/>
      </symbol>
      <symbol id="sm-244">
         <name>__TI_decompress_rle24</name>
         <value>0xe31</value>
         <object_component_ref idref="oc-22"/>
      </symbol>
      <symbol id="sm-25d">
         <name>__TI_zero_init</name>
         <value>0xdcd</value>
         <object_component_ref idref="oc-1c"/>
      </symbol>
      <symbol id="sm-27c">
         <name>C$$EXIT</name>
         <value>0xca5</value>
         <object_component_ref idref="oc-43"/>
      </symbol>
      <symbol id="sm-27d">
         <name>abort</name>
         <value>0xca9</value>
         <object_component_ref idref="oc-43"/>
      </symbol>
      <symbol id="sm-27e">
         <name>exit</name>
         <value>0xcb1</value>
         <object_component_ref idref="oc-43"/>
      </symbol>
      <symbol id="sm-27f">
         <name>__TI_dtors_ptr</name>
         <value>0x2000020c</value>
         <object_component_ref idref="oc-f9"/>
      </symbol>
      <symbol id="sm-280">
         <name>__TI_cleanup_ptr</name>
         <value>0x20000208</value>
         <object_component_ref idref="oc-f9"/>
      </symbol>
      <symbol id="sm-29b">
         <name>memcpy</name>
         <value>0x93d</value>
         <object_component_ref idref="oc-4d"/>
      </symbol>
      <symbol id="sm-29c">
         <name>__aeabi_memcpy</name>
         <value>0x93d</value>
         <object_component_ref idref="oc-4d"/>
      </symbol>
      <symbol id="sm-29d">
         <name>__aeabi_memcpy8</name>
         <value>0x93d</value>
         <object_component_ref idref="oc-4d"/>
      </symbol>
      <symbol id="sm-29e">
         <name>__aeabi_memcpy4</name>
         <value>0x93d</value>
         <object_component_ref idref="oc-4d"/>
      </symbol>
      <symbol id="sm-2a6">
         <name>main_func_sp</name>
         <value>0x20000214</value>
         <object_component_ref idref="oc-49"/>
      </symbol>
      <symbol id="sm-2bf">
         <name>_nop</name>
         <value>0xda3</value>
         <object_component_ref idref="oc-169"/>
      </symbol>
      <symbol id="sm-2c0">
         <name>_lock</name>
         <value>0x20000200</value>
         <object_component_ref idref="oc-f6"/>
      </symbol>
      <symbol id="sm-2c1">
         <name>_unlock</name>
         <value>0x20000204</value>
         <object_component_ref idref="oc-f6"/>
      </symbol>
      <symbol id="sm-2c2">
         <name>_register_lock</name>
         <value>0xd9b</value>
         <object_component_ref idref="oc-169"/>
      </symbol>
      <symbol id="sm-2c3">
         <name>_register_unlock</name>
         <value>0xd95</value>
         <object_component_ref idref="oc-169"/>
      </symbol>
      <symbol id="sm-2d7">
         <name>_args_main</name>
         <value>0xd7d</value>
         <object_component_ref idref="oc-3d"/>
      </symbol>
      <symbol id="sm-2f4">
         <name>__TI_auto_init</name>
         <value>0x9d9</value>
         <object_component_ref idref="oc-38"/>
      </symbol>
      <symbol id="sm-30d">
         <name>copy_in</name>
         <value>0xc61</value>
         <object_component_ref idref="oc-ed"/>
      </symbol>
      <symbol id="sm-30e">
         <name>__TI_static_base__</name>
         <value>0x0</value>
      </symbol>
      <symbol id="sm-30f">
         <name>__TI_args_main</name>
         <value>0x1</value>
      </symbol>
      <symbol id="sm-310">
         <name>SHT$$INIT_ARRAY$$Limit</name>
         <value>0x0</value>
      </symbol>
      <symbol id="sm-311">
         <name>SHT$$INIT_ARRAY$$Base</name>
         <value>0x0</value>
      </symbol>
   </symbol_table>
   <title>Link successful</title>
</link_info>
