******************************************************************************
                  TI ARM Linker PC v5.1.6                      
******************************************************************************
>> Linked Fri Nov 28 17:40:26 2014

OUTPUT FILE NAME:   <EPI_demo.out>
ENTRY POINT SYMBOL: "_c_int00"  address: 00001179


MEMORY CONFIGURATION

         name            origin    length      used     unused   attr    fill
----------------------  --------  ---------  --------  --------  ----  --------
  FLASH                 00000000   00100000  00001804  000fe7fc  R  X
  SRAM                  20000000   00040000  000036cc  0003c934  RW X


SEGMENT ALLOCATION MAP

run origin  load origin   length   init length attrs members
----------  ----------- ---------- ----------- ----- -------
00000000    00000000    00001808   00001808    r-x
  00000000    00000000    00000208   00000208    r-- .intvecs
  00000208    00000208    000012f8   000012f8    r-x .text
  00001500    00001500    000002c4   000002c4    r-- .const
  000017c8    000017c8    00000040   00000040    r-- .cinit
20000000    20000000    000036cc   00000000    rw-
  20000000    20000000    0000349c   00000000    rw- .bss
  2000349c    2000349c    00000200   00000000    rw- .stack
  2000369c    2000369c    00000030   00000000    rw- .data


SECTION ALLOCATION MAP

 output                                  attributes/
section   page    origin      length       input sections
--------  ----  ----------  ----------   ----------------
.intvecs   0    00000000    00000208     
                  00000000    00000208     tm4c1294ncpdt_startup_ccs.obj (.intvecs)

.init_array 
*          0    00000000    00000000     UNINITIALIZED

.text      0    00000208    000012f8     
                  00000208    000008e8     main.obj (.text)
                  00000af0    000001fc     driverlib.lib : sysctl.obj (.text:SysCtlClockFreqSet)
                  00000cec    00000130                   : gpio.obj (.text:GPIOPadConfigSet)
                  00000e1c    0000009c     rtsv7M4_T_le_v4SPD16_eabi.lib : memcpy_t2.obj (.text)
                  00000eb8    00000094                                   : auto_init.obj (.text)
                  00000f4c    00000080     driverlib.lib : udma.obj (.text:uDMAChannelTransferSet)
                  00000fcc    00000060                   : interrupt.obj (.text:IntEnable)
                  0000102c    0000005e     rtsv7M4_T_le_v4SPD16_eabi.lib : copy_decompress_rle.obj (.text)
                  0000108a    00000002     --HOLE-- [fill = 0]
                  0000108c    0000005c     driverlib.lib : timer.obj (.text:TimerConfigure)
                  000010e8    00000048                   : gpio.obj (.text:GPIOPinConfigure)
                  00001130    00000048                   : sysctl.obj (.text:_SysCtlFrequencyGet)
                  00001178    00000048     rtsv7M4_T_le_v4SPD16_eabi.lib : boot.obj (.text)
                  000011c0    00000048     driverlib.lib : udma.obj (.text:uDMAChannelAttributeDisable)
                  00001208    00000044     rtsv7M4_T_le_v4SPD16_eabi.lib : cpy_tbl.obj (.text)
                  0000124c    00000044                                   : exit.obj (.text)
                  00001290    00000034     driverlib.lib : sysctl.obj (.text:SysCtlPeripheralEnable)
                  000012c4    00000034                   : sysctl.obj (.text:SysCtlPeripheralSleepEnable)
                  000012f8    0000002c                   : udma.obj (.text:uDMAChannelAssign)
                  00001324    0000002a                   : gpio.obj (.text:GPIODirModeSet)
                  0000134e    00000002     --HOLE-- [fill = 0]
                  00001350    00000024                   : udma.obj (.text:uDMAChannelControlSet)
                  00001374    0000001c                   : sysctl.obj (.text:_SysCtlMemTimingGet)
                  00001390    00000018                   : gpio.obj (.text:GPIOPinTypeGPIOOutput)
                  000013a8    00000018     rtsv7M4_T_le_v4SPD16_eabi.lib : args_main.obj (.text)
                  000013c0    00000018     driverlib.lib : udma.obj (.text:uDMAChannelEnable)
                  000013d8    00000014     rtsv7M4_T_le_v4SPD16_eabi.lib : _lock.obj (.text)
                  000013ec    00000012     driverlib.lib : gpio.obj (.text:GPIOPinTypeEPI)
                  000013fe    00000012                   : timer.obj (.text:TimerLoadSet)
                  00001410    00000012     rtsv7M4_T_le_v4SPD16_eabi.lib : copy_zero_init.obj (.text:decompress:ZI)
                  00001422    00000002     --HOLE-- [fill = 0]
                  00001424    00000010     driverlib.lib : udma.obj (.text:uDMAEnable)
                  00001434    0000000e                   : epi.obj (.text:EPIIntStatus)
                  00001442    0000000e                   : timer.obj (.text:TimerEnable)
                  00001450    0000000e     rtsv7M4_T_le_v4SPD16_eabi.lib : copy_decompress_none.obj (.text:decompress:none)
                  0000145e    0000000c     driverlib.lib : cpu.obj (.text:CPUcpsie)
                  0000146a    0000000c                   : epi.obj (.text:EPIConfigGPModeSet)
                  00001476    0000000c                   : epi.obj (.text:EPIIntEnable)
                  00001482    0000000c     tm4c1294ncpdt_startup_ccs.obj (.text)
                  0000148e    00000002     --HOLE-- [fill = 0]
                  00001490    0000000c     driverlib.lib : udma.obj (.text:uDMAControlBaseSet)
                  0000149c    0000000c                   : udma.obj (.text:uDMAErrorStatusClear)
                  000014a8    0000000c                   : udma.obj (.text:uDMAErrorStatusGet)
                  000014b4    0000000a                   : epi.obj (.text:EPINonBlockingReadConfigure)
                  000014be    0000000a                   : interrupt.obj (.text:IntMasterEnable)
                  000014c8    00000008                   : epi.obj (.text:EPINonBlockingReadStart)
                  000014d0    00000008                   : timer.obj (.text:TimerIntEnable)
                  000014d8    00000006                   : epi.obj (.text:EPIFIFOConfig)
                  000014de    00000006                   : gpio.obj (.text:GPIOPinRead)
                  000014e4    00000006                   : gpio.obj (.text:GPIOPinWrite)
                  000014ea    00000006     rtsv7M4_T_le_v4SPD16_eabi.lib : copy_decompress_rle.obj (.text:decompress:rle24)
                  000014f0    00000004     driverlib.lib : epi.obj (.text:EPIAddressMapSet)
                  000014f4    00000004                   : epi.obj (.text:EPIDividerSet)
                  000014f8    00000004                   : epi.obj (.text:EPIModeSet)
                  000014fc    00000004                   : timer.obj (.text:TimerIntClear)

.const     0    00001500    000002c4     
                  00001500    00000120     driverlib.lib : sysctl.obj (.const:g_pppui32XTALtoVCO)
                  00001620    00000090                   : gpio.obj (.const:g_pui32GPIOBaseAddrs)
                  000016b0    00000070                   : interrupt.obj (.const)
                  00001720    0000006c                   : sysctl.obj (.const:g_pui32Xtals)
                  0000178c    00000030                   : sysctl.obj (.const:g_sXTALtoMEMTIM)
                  000017bc    00000008                   : sysctl.obj (.const)

.cinit     0    000017c8    00000040     
                  000017c8    00000016     (.cinit..data.load) [load image, compression = rle]
                  000017de    00000002     --HOLE-- [fill = 0]
                  000017e0    0000000c     (__TI_handler_table)
                  000017ec    00000004     --HOLE-- [fill = 0]
                  000017f0    00000008     (.cinit..bss.load) [load image, compression = zero_init]
                  000017f8    00000010     (__TI_cinit_table)

.bss       0    20000000    0000349c     UNINITIALIZED
                  20000000    00001000     main.obj (.bss:g_ui32DstBuf)
                  20001000    00001000     main.obj (.bss:inputs)
                  20002000    00001000     main.obj (.bss:values)
                  20003000    00000400     main.obj (.bss:pui8ControlTable)
                  20003400    00000030     main.obj (.bss:receive)
                  20003430    00000030     main.obj (.bss:tri)
                  20003460    00000004     (.common:D0)
                  20003464    00000004     (.common:D1)
                  20003468    00000004     (.common:E0)
                  2000346c    00000004     (.common:E1)
                  20003470    00000004     (.common:E2)
                  20003474    00000004     (.common:E3)
                  20003478    00000004     (.common:E4)
                  2000347c    00000004     (.common:EPISource)
                  20003480    00000004     (.common:F1)
                  20003484    00000004     (.common:F2)
                  20003488    00000004     (.common:F3)
                  2000348c    00000004     (.common:H2)
                  20003490    00000004     (.common:H3)
                  20003494    00000004     (.common:total)
                  20003498    00000004     (.common:ui32SysClkFreq)

.stack     0    2000349c    00000200     UNINITIALIZED
                  2000349c    00000200     --HOLE--

.data      0    2000369c    00000030     UNINITIALIZED
                  2000369c    0000001c     main.obj (.data)
                  200036b8    00000008     rtsv7M4_T_le_v4SPD16_eabi.lib : _lock.obj (.data)
                  200036c0    00000008                                   : exit.obj (.data)
                  200036c8    00000004                                   : stkdepth_vars.obj (.data)


LINKER GENERATED COPY TABLES

__TI_cinit_table @ 000017f8 records: 2, size/record: 8, table size: 16
	.data: load addr=000017c8, load size=00000016 bytes, run addr=2000369c, run size=00000030 bytes, compression=rle
	.bss: load addr=000017f0, load size=00000008 bytes, run addr=20000000, run size=0000349c bytes, compression=zero_init


LINKER GENERATED HANDLER TABLE

__TI_handler_table @ 000017e0 records: 3, size/record: 4, table size: 12
	index: 0, handler: __TI_decompress_rle24
	index: 1, handler: __TI_decompress_none
	index: 2, handler: __TI_zero_init


GLOBAL SYMBOLS: SORTED ALPHABETICALLY BY Name 

address    name
--------   ----
0000124d   C$$EXIT
0000145f   CPUcpsie
20003460   D0
20003464   D1
20003468   E0
2000346c   E1
20003470   E2
20003474   E3
20003478   E4
000014f1   EPIAddressMapSet
0000146b   EPIConfigGPModeSet
000014f5   EPIDividerSet
000014d9   EPIFIFOConfig
00001477   EPIIntEnable
00000223   EPIIntHandler
00001435   EPIIntStatus
000014f9   EPIModeSet
000014b5   EPINonBlockingReadConfigure
000014c9   EPINonBlockingReadStart
2000347c   EPISource
20003480   F1
20003484   F2
20003488   F3
00001325   GPIODirModeSet
00000ced   GPIOPadConfigSet
000010e9   GPIOPinConfigure
000014df   GPIOPinRead
000013ed   GPIOPinTypeEPI
00001391   GPIOPinTypeGPIOOutput
000014e5   GPIOPinWrite
2000348c   H2
20003490   H3
00000419   InitSWTransfer
00000fcd   IntEnable
000014bf   IntMasterEnable
00001483   ResetISR
UNDEFED    SHT$$INIT_ARRAY$$Base
UNDEFED    SHT$$INIT_ARRAY$$Limit
2000369c   Start
00000af1   SysCtlClockFreqSet
00001291   SysCtlPeripheralEnable
000012c5   SysCtlPeripheralSleepEnable
00000755   Timer0IntHandler
0000108d   TimerConfigure
00001443   TimerEnable
000014fd   TimerIntClear
000014d1   TimerIntEnable
000013ff   TimerLoadSet
2000369c   __STACK_END
00000200   __STACK_SIZE
2000369c   __STACK_TOP
000017f8   __TI_CINIT_Base
00001808   __TI_CINIT_Limit
000017e0   __TI_Handler_Table_Base
000017ec   __TI_Handler_Table_Limit
00000001   __TI_args_main
00000eb9   __TI_auto_init
200036c0   __TI_cleanup_ptr
00001451   __TI_decompress_none
000014eb   __TI_decompress_rle24
200036c4   __TI_dtors_ptr
00000000   __TI_static_base__
00001411   __TI_zero_init
00000e1d   __aeabi_memcpy
00000e1d   __aeabi_memcpy4
00000e1d   __aeabi_memcpy8
ffffffff   __binit__
ffffffff   __c_args__
2000349c   __stack
000013a9   _args_main
00001179   _c_int00
200036b8   _lock
000013e7   _nop
000013df   _register_lock
000013d9   _register_unlock
200036bc   _unlock
00001251   abort
ffffffff   binit
00001209   copy_in
00001259   exit
200036a8   f
00000000   g_pfnVectors
200036a0   i
20001000   inputs
200036a4   j
00000489   main
200036c8   main_func_sp
00000e1d   memcpy
20003000   pui8ControlTable
20003400   receive
20003494   total
20003430   tri
000012f9   uDMAChannelAssign
000011c1   uDMAChannelAttributeDisable
00001351   uDMAChannelControlSet
000013c1   uDMAChannelEnable
00000f4d   uDMAChannelTransferSet
00001491   uDMAControlBaseSet
00001425   uDMAEnable
00000209   uDMAErrorHandler
0000149d   uDMAErrorStatusClear
000014a9   uDMAErrorStatusGet
20003498   ui32SysClkFreq
20002000   values


GLOBAL SYMBOLS: SORTED BY Symbol Address 

address    name
--------   ----
00000000   __TI_static_base__
00000000   g_pfnVectors
00000001   __TI_args_main
00000200   __STACK_SIZE
00000209   uDMAErrorHandler
00000223   EPIIntHandler
00000419   InitSWTransfer
00000489   main
00000755   Timer0IntHandler
00000af1   SysCtlClockFreqSet
00000ced   GPIOPadConfigSet
00000e1d   __aeabi_memcpy
00000e1d   __aeabi_memcpy4
00000e1d   __aeabi_memcpy8
00000e1d   memcpy
00000eb9   __TI_auto_init
00000f4d   uDMAChannelTransferSet
00000fcd   IntEnable
0000108d   TimerConfigure
000010e9   GPIOPinConfigure
00001179   _c_int00
000011c1   uDMAChannelAttributeDisable
00001209   copy_in
0000124d   C$$EXIT
00001251   abort
00001259   exit
00001291   SysCtlPeripheralEnable
000012c5   SysCtlPeripheralSleepEnable
000012f9   uDMAChannelAssign
00001325   GPIODirModeSet
00001351   uDMAChannelControlSet
00001391   GPIOPinTypeGPIOOutput
000013a9   _args_main
000013c1   uDMAChannelEnable
000013d9   _register_unlock
000013df   _register_lock
000013e7   _nop
000013ed   GPIOPinTypeEPI
000013ff   TimerLoadSet
00001411   __TI_zero_init
00001425   uDMAEnable
00001435   EPIIntStatus
00001443   TimerEnable
00001451   __TI_decompress_none
0000145f   CPUcpsie
0000146b   EPIConfigGPModeSet
00001477   EPIIntEnable
00001483   ResetISR
00001491   uDMAControlBaseSet
0000149d   uDMAErrorStatusClear
000014a9   uDMAErrorStatusGet
000014b5   EPINonBlockingReadConfigure
000014bf   IntMasterEnable
000014c9   EPINonBlockingReadStart
000014d1   TimerIntEnable
000014d9   EPIFIFOConfig
000014df   GPIOPinRead
000014e5   GPIOPinWrite
000014eb   __TI_decompress_rle24
000014f1   EPIAddressMapSet
000014f5   EPIDividerSet
000014f9   EPIModeSet
000014fd   TimerIntClear
000017e0   __TI_Handler_Table_Base
000017ec   __TI_Handler_Table_Limit
000017f8   __TI_CINIT_Base
00001808   __TI_CINIT_Limit
20001000   inputs
20002000   values
20003000   pui8ControlTable
20003400   receive
20003430   tri
20003460   D0
20003464   D1
20003468   E0
2000346c   E1
20003470   E2
20003474   E3
20003478   E4
2000347c   EPISource
20003480   F1
20003484   F2
20003488   F3
2000348c   H2
20003490   H3
20003494   total
20003498   ui32SysClkFreq
2000349c   __stack
2000369c   Start
2000369c   __STACK_END
2000369c   __STACK_TOP
200036a0   i
200036a4   j
200036a8   f
200036b8   _lock
200036bc   _unlock
200036c0   __TI_cleanup_ptr
200036c4   __TI_dtors_ptr
200036c8   main_func_sp
ffffffff   __binit__
ffffffff   __c_args__
ffffffff   binit
UNDEFED    SHT$$INIT_ARRAY$$Base
UNDEFED    SHT$$INIT_ARRAY$$Limit

[104 symbols]
