******************************************************************************
                  TI ARM Linker PC v5.2.4                      
******************************************************************************
>> Linked Thu May 14 20:11:57 2015

OUTPUT FILE NAME:   <Oscilloscope.out>
ENTRY POINT SYMBOL: "_c_int00"  address: 000136fd


MEMORY CONFIGURATION

         name            origin    length      used     unused   attr    fill
----------------------  --------  ---------  --------  --------  ----  --------
  FLASH                 00000000   00100000  000150f4  000eaf0c  R  X
  SRAM                  20000000   00040000  0001b682  0002497e  RW X


SEGMENT ALLOCATION MAP

run origin  load origin   length   init length attrs members
----------  ----------- ---------- ----------- ----- -------
00000000    00000000    000150f8   000150f8    r-x
  00000000    00000000    00000200   00000200    r-- .intvecs
  00000200    00000200    0000c5b4   0000c5b4    r-- .const
  0000c7b4    0000c7b4    00007b68   00007b68    r-x .text
  00014320    00014320    00000dd8   00000dd8    r-- .cinit
20000000    20000000    0001b684   00000000    rw-
  20000000    20000000    0001a086   00000000    rw- .bss
  2001a088    2001a088    000011fc   00000000    rw- .data
  2001b284    2001b284    00000400   00000000    rw- .stack


SECTION ALLOCATION MAP

 output                                  attributes/
section   page    origin      length       input sections
--------  ----  ----------  ----------   ----------------
.intvecs   0    00000000    00000200     
                  00000000    00000200     tm4c1294ncpdt_startup_ccs.obj (.intvecs)

.const     0    00000200    0000c5b4     
                  00000200    000072b1     ti.obj (.const:.string:g_pui9Image)
                  000074b1    000022e9     rose.obj (.const:.string:g_pui8Image)
                  0000979a    00000002     --HOLE-- [fill = 0]
                  0000979c    0000095e     grlib.lib : fontcm20.obj (.const:.string:g_pui8Cm20Data)
                  0000a0fa    00000002     --HOLE-- [fill = 0]
                  0000a0fc    00000759               : fontcm16.obj (.const:.string:g_pui8Cm16Data)
                  0000a855    00000003     --HOLE-- [fill = 0]
                  0000a858    0000065a               : fontcm14.obj (.const:.string:g_pui8Cm14Data)
                  0000aeb2    00000002     --HOLE-- [fill = 0]
                  0000aeb4    00000609               : fontcmss14.obj (.const:.string:g_pui8Cmss14Data)
                  0000b4bd    00000003     --HOLE-- [fill = 0]
                  0000b4c0    0000055f               : fontcm12.obj (.const:.string:g_pui8Cm12Data)
                  0000ba1f    00000001     --HOLE-- [fill = 0]
                  0000ba20    00000514               : fontcmss12.obj (.const:.string:g_pui8Cmss12Data)
                  0000bf34    00000120     driverlib.lib : sysctl.obj (.const:g_pppui32XTALtoVCO)
                  0000c054    000000c8     grlib.lib : fontcm12.obj (.const:g_sFontCm12)
                  0000c11c    000000c8               : fontcm14.obj (.const:g_sFontCm14)
                  0000c1e4    000000c8               : fontcm16.obj (.const:g_sFontCm16)
                  0000c2ac    000000c8               : fontcm20.obj (.const:g_sFontCm20)
                  0000c374    000000c8               : fontcmss12.obj (.const:g_sFontCmss12)
                  0000c43c    000000c8               : fontcmss14.obj (.const:g_sFontCmss14)
                  0000c504    000000b8     main.obj (.const:.string)
                  0000c5bc    00000090     driverlib.lib : gpio.obj (.const:g_pui32GPIOBaseAddrs)
                  0000c64c    00000070                   : interrupt.obj (.const)
                  0000c6bc    0000006c                   : sysctl.obj (.const:g_pui32Xtals)
                  0000c728    00000030                   : sysctl.obj (.const:g_sXTALtoMEMTIM)
                  0000c758    00000028     Kentec320x240x16_ssd2119_8bit.obj (.const:g_sKentec320x240x16_SSD2119)
                  0000c780    0000001c     touch.obj (.const)
                  0000c79c    00000010     grlib.lib : context.obj (.const)
                  0000c7ac    00000008     driverlib.lib : sysctl.obj (.const)

.text      0    0000c7b4    00007b68     
                  0000c7b4    00000dc4     main.obj (.text:UpdateMeasurements)
                  0000d578    000007fc     main.obj (.text:PixelsCalculation)
                  0000dd74    000006b4     main.obj (.text:setup)
                  0000e428    0000065c     main.obj (.text:DWaveForm)
                  0000ea84    00000394     main.obj (.text:SetupVoltageDivision)
                  0000ee18    0000038c     grlib.lib : image.obj (.text:InternalImageDraw)
                  0000f1a4    000002ce               : image.obj (.text:PixelTransparentDraw)
                  0000f472    000002be               : slider.obj (.text:SliderPaint)
                  0000f730    00000268     Kentec320x240x16_ssd2119_8bit.obj (.text:Kentec320x240x16_SSD2119Init)
                  0000f998    00000266     grlib.lib : string.obj (.text:GrFontGlyphRender)
                  0000fbfe    00000002     tm4c1294ncpdt_startup_ccs.obj (.text:FaultISR)
                  0000fc00    000001fc     driverlib.lib : sysctl.obj (.text:SysCtlClockFreqSet)
                  0000fdfc    000001fa     grlib.lib : circle.obj (.text:GrCircleDraw)
                  0000fff6    000001f4     rtsv7M4_T_le_v4SPD16_eabi.lib : ull_div_t2.obj (.text)
                  000101ea    00000002     tm4c1294ncpdt_startup_ccs.obj (.text:IntDefaultHandler)
                  000101ec    000001b8     main.obj (.text:main)
                  000103a4    000001b2     grlib.lib : radiobutton.obj (.text:RadioButtonPaint)
                  00010556    00000188               : canvas.obj (.text:CanvasPaint)
                  000106de    00000002     Kentec320x240x16_ssd2119_8bit.obj (.text:Kentec320x240x16_SSD2119Flush)
                  000106e0    00000180     touch.obj (.text:TouchScreenDebouncer)
                  00010860    0000017c     Kentec320x240x16_ssd2119_8bit.obj (.text:Kentec320x240x16_SSD2119PixelDrawMultiple)
                  000109dc    00000170     Kentec320x240x16_ssd2119_8bit.obj (.text:InitGPIOLCDInterface)
                  00010b4c    0000016e     grlib.lib : pushbutton.obj (.text:RectangularButtonPaint)
                  00010cba    00000146               : circle.obj (.text:GrCircleFill)
                  00010e00    00000144               : container.obj (.text:ContainerPaint)
                  00010f44    00000144     main.obj (.text:MinusMagDivC2)
                  00011088    00000140     main.obj (.text:MinusMagDivC1)
                  000111c8    00000130     driverlib.lib : gpio.obj (.text:GPIOPadConfigSet)
                  000112f8    00000130     touch.obj (.text:TouchScreenIntHandler)
                  00011428    0000012c     main.obj (.text:AddMagDivC2)
                  00011554    00000128     main.obj (.text:AddMagDivC1)
                  0001167c    00000124     touch.obj (.text:TouchScreenInit)
                  000117a0    00000114     Kentec320x240x16_ssd2119_8bit.obj (.text:Kentec320x240x16_SSD2119RectFill)
                  000118b4    0000010c     main.obj (.text:CalibrateOffset)
                  000119c0    00000100     grlib.lib : line.obj (.text:GrLineDraw)
                  00011ac0    000000fc     rtsv7M4_T_le_v4SPD16_eabi.lib : fd_mul_t2.obj (.text)
                  00011bbc    000000f8     main.obj (.text:MinusTimeDiv)
                  00011cb4    000000f0     main.obj (.text:EPIIntHandler)
                  00011da4    000000f0     grlib.lib : widget.obj (.text:WidgetMessageQueueAdd)
                  00011e94    000000ec     main.obj (.text:AddTimeDiv)
                  00011f80    000000ec     grlib.lib : pushbutton.obj (.text:RectangularButtonClick)
                  0001206c    000000e0     main.obj (.text:TriggerSelectRadioBtns)
                  0001214c    000000dc     main.obj (.text:SetupTimeDivision)
                  00012228    000000d0     main.obj (.text:ChannelSelectRadioBtns)
                  000122f8    000000d0     grlib.lib : slider.obj (.text:SliderClick)
                  000123c8    000000d0     Kentec320x240x16_ssd2119_8bit.obj (.text:WriteDataGPIO)
                  00012498    000000ca     grlib.lib : string.obj (.text:GrDefaultStringRenderer)
                  00012562    00000002     tm4c1294ncpdt_startup_ccs.obj (.text:NmiSR)
                  00012564    000000c8     Kentec320x240x16_ssd2119_8bit.obj (.text:WriteCommandGPIO)
                  0001262c    000000bc     main.obj (.text:ClrMyWidget)
                  000126e8    000000bc     grlib.lib : line.obj (.text:GrLineClip)
                  000127a4    000000b0               : widget.obj (.text:WidgetMessageSendPostOrder)
                  00012854    000000ac               : slider.obj (.text:SliderValueToPosition)
                  00012900    0000009c     rtsv7M4_T_le_v4SPD16_eabi.lib : memcpy_t2.obj (.text)
                  0001299c    0000008c     grlib.lib : radiobutton.obj (.text:RadioButtonClick)
                  00012a28    00000086               : rectangle.obj (.text:GrRectFill)
                  00012aae    00000086     rtsv7M4_T_le_v4SPD16_eabi.lib : fd_cmp_t2.obj (.text:__aeabi_cdcmple)
                  00012b34    00000086                                   : fd_cmp_t2.obj (.text:__aeabi_cdrcmple)
                  00012bba    00000084     grlib.lib : rectangle.obj (.text:GrRectIntersectGet)
                  00012c3e    00000080     driverlib.lib : adc.obj (.text:ADCSequenceStepConfigure)
                  00012cbe    00000002     --HOLE-- [fill = 0]
                  00012cc0    00000080     Kentec320x240x16_ssd2119_8bit.obj (.text:Kentec320x240x16_SSD2119LineDrawH)
                  00012d40    00000080     driverlib.lib : udma.obj (.text:uDMAChannelTransferSet)
                  00012dc0    0000007c     Kentec320x240x16_ssd2119_8bit.obj (.text:Kentec320x240x16_SSD2119LineDrawV)
                  00012e3c    0000007a     rtsv7M4_T_le_v4SPD16_eabi.lib : memset_t2.obj (.text)
                  00012eb6    00000002     --HOLE-- [fill = 0]
                  00012eb8    00000074     main.obj (.text:AddMinusFunctionC1)
                  00012f2c    0000006c     main.obj (.text:AddMinusFunctionC2)
                  00012f98    0000006c     main.obj (.text:AddMinusFunctionTime)
                  00013004    0000006c     main.obj (.text:DRadioAcquire)
                  00013070    0000006c     main.obj (.text:DRadioChannels)
                  000130dc    0000006c     main.obj (.text:TriggerFunction)
                  00013148    0000006c     rtsv7M4_T_le_v4SPD16_eabi.lib : autoinit.obj (.text)
                  000131b4    0000006a     grlib.lib : string.obj (.text:GrStringWidthGet)
                  0001321e    0000006a     rtsv7M4_T_le_v4SPD16_eabi.lib : copy_decompress_rle.obj (.text)
                  00013288    00000068     main.obj (.text:SetupDMA)
                  000132f0    00000066     grlib.lib : rectangle.obj (.text:GrRectDraw)
                  00013356    00000002     --HOLE-- [fill = 0]
                  00013358    00000064               : context.obj (.text:GrContextInit)
                  000133bc    00000064               : widget.obj (.text:WidgetMessageQueueProcess)
                  00013420    00000062               : context.obj (.text:GrContextClipRegionSet)
                  00013482    00000002     --HOLE-- [fill = 0]
                  00013484    00000060     driverlib.lib : interrupt.obj (.text:IntEnable)
                  000134e4    0000005c     grlib.lib : string.obj (.text:FontWideGlyphDataGet)
                  00013540    0000005c     driverlib.lib : timer.obj (.text:TimerConfigure)
                  0001359c    00000058     Kentec320x240x16_ssd2119_8bit.obj (.text:Kentec320x240x16_SSD2119PixelDraw)
                  000135f4    00000058     grlib.lib : slider.obj (.text:SliderPositionToValue)
                  0001364c    00000058     driverlib.lib : timer.obj (.text:TimerControlTrigger)
                  000136a4    00000056     grlib.lib : widget.obj (.text:WidgetMessageSendPreOrder)
                  000136fa    00000002     --HOLE-- [fill = 0]
                  000136fc    00000050     rtsv7M4_T_le_v4SPD16_eabi.lib : boot.obj (.text)
                  0001374c    0000004c     grlib.lib : widget.obj (.text:WidgetRemove)
                  00013798    0000004c     rtsv7M4_T_le_v4SPD16_eabi.lib : cpy_tbl.obj (.text)
                  000137e4    0000004a     grlib.lib : string.obj (.text:UpdateContextCharMapping)
                  0001382e    00000002     --HOLE-- [fill = 0]
                  00013830    00000048     driverlib.lib : gpio.obj (.text:GPIOPinConfigure)
                  00013878    00000048                   : sysctl.obj (.text:_SysCtlFrequencyGet)
                  000138c0    00000048                   : udma.obj (.text:uDMAChannelAttributeDisable)
                  00013908    00000048                   : udma.obj (.text:uDMAChannelAttributeEnable)
                  00013950    00000046     grlib.lib : line.obj (.text:GrLineDrawH)
                  00013996    00000046               : line.obj (.text:GrLineDrawV)
                  000139dc    00000044     main.obj (.text:OnSliderChangeC1)
                  00013a20    00000044     main.obj (.text:OnSliderChangeC2)
                  00013a64    00000044     rtsv7M4_T_le_v4SPD16_eabi.lib : exit.obj (.text)
                  00013aa8    0000003e     driverlib.lib : adc.obj (.text:ADCSequenceConfigure)
                  00013ae6    00000002     --HOLE-- [fill = 0]
                  00013ae8    0000003c     main.obj (.text:ClrScreen)
                  00013b24    0000003a     grlib.lib : string.obj (.text:FontGlyphDataGet)
                  00013b5e    00000038               : rectangle.obj (.text:GrRectOverlapCheck)
                  00013b96    00000038     rtsv7M4_T_le_v4SPD16_eabi.lib : fs_tod_t2.obj (.text)
                  00013bce    00000036     grlib.lib : line.obj (.text:GrClipCodeGet)
                  00013c04    00000034     main.obj (.text:AcquireSelectRadioBtns)
                  00013c38    00000034     driverlib.lib : sysctl.obj (.text:SysCtlPeripheralEnable)
                  00013c6c    00000034                   : sysctl.obj (.text:SysCtlPeripheralSleepEnable)
                  00013ca0    00000034     main.obj (.text:TriggerModeSelect)
                  00013cd4    00000034     main.obj (.text:TriggerSourceSelect)
                  00013d08    0000002c     grlib.lib : slider.obj (.text:SliderMsgProc)
                  00013d34    0000002c     driverlib.lib : udma.obj (.text:uDMAChannelAssign)
                  00013d60    0000002a                   : gpio.obj (.text:GPIODirModeSet)
                  00013d8a    0000002a     grlib.lib : string.obj (.text:GrFontBaselineGet)
                  00013db4    0000002a               : string.obj (.text:GrFontHeightGet)
                  00013dde    0000002a               : string.obj (.text:GrStringNextCharGet)
                  00013e08    0000002a               : widget.obj (.text:WidgetIsInTree)
                  00013e32    00000026               : string.obj (.text:GrFontInfoGet)
                  00013e58    00000024               : radiobutton.obj (.text:RadioButtonMsgProc)
                  00013e7c    00000024               : widget.obj (.text:WidgetAdd)
                  00013ea0    00000024     driverlib.lib : udma.obj (.text:uDMAChannelControlSet)
                  00013ec4    00000022     grlib.lib : string.obj (.text:GrFontGlyphDataGet)
                  00013ee6    00000022     driverlib.lib : pwm.obj (.text:PWMGenConfigure)
                  00013f08    00000022     grlib.lib : pushbutton.obj (.text:RectangularButtonMsgProc)
                  00013f2a    00000020     rtsv7M4_T_le_v4SPD16_eabi.lib : u_tofd_t2.obj (.text)
                  00013f4a    0000001e     grlib.lib : string.obj (.text:GrFontCodepageGet)
                  00013f68    0000001e     driverlib.lib : pwm.obj (.text:PWMPulseWidthSet)
                  00013f86    00000002     --HOLE-- [fill = 0]
                  00013f88    0000001c                   : sysctl.obj (.text:SysCtlGPIOAHBEnable)
                  00013fa4    0000001c     grlib.lib : widget.obj (.text:WidgetPointerMessage)
                  00013fc0    0000001c     driverlib.lib : sysctl.obj (.text:_SysCtlMemTimingGet)
                  00013fdc    00000018     main.obj (.text:DRadioFreMagnitudeC1)
                  00013ff4    00000018     main.obj (.text:DRadioFreMagnitudeC2)
                  0001400c    00000018     main.obj (.text:DRadioVolMagnitudeC1)
                  00014024    00000018     main.obj (.text:DRadioVolMagnitudeC2)
                  0001403c    00000018     driverlib.lib : gpio.obj (.text:GPIOPinTypeGPIOOutput)
                  00014054    00000018     main.obj (.text:OnSliderChangeVertical)
                  0001406c    00000018     rtsv7M4_T_le_v4SPD16_eabi.lib : args_main.obj (.text)
                  00014084    00000018     driverlib.lib : udma.obj (.text:uDMAChannelEnable)
                  0001409c    00000016     Kentec320x240x16_ssd2119_8bit.obj (.text:Kentec320x240x16_SSD2119ColorTranslate)
                  000140b2    00000014     grlib.lib : canvas.obj (.text:CanvasMsgProc)
                  000140c6    00000014               : container.obj (.text:ContainerMsgProc)
                  000140da    00000002     --HOLE-- [fill = 0]
                  000140dc    00000014     main.obj (.text:RunStop)
                  000140f0    00000014     driverlib.lib : sysctl.obj (.text:SysCtlPWMClockSet)
                  00014104    00000014     grlib.lib : widget.obj (.text:WidgetMutexGet)
                  00014118    00000014     rtsv7M4_T_le_v4SPD16_eabi.lib : _lock.obj (.text)
                  0001412c    00000012     driverlib.lib : adc.obj (.text:ADCHardwareOversampleConfigure)
                  0001413e    00000012                   : gpio.obj (.text:GPIOPinTypeEPI)
                  00014150    00000012                   : gpio.obj (.text:GPIOPinTypeGPIOInput)
                  00014162    00000012                   : gpio.obj (.text:GPIOPinTypePWM)
                  00014174    00000012     grlib.lib : string.obj (.text:GrStringDraw)
                  00014186    00000012     driverlib.lib : pwm.obj (.text:PWMOutputState)
                  00014198    00000012                   : timer.obj (.text:TimerLoadSet)
                  000141aa    00000010                   : adc.obj (.text:ADCIntEnable)
                  000141ba    00000002     --HOLE-- [fill = 0]
                  000141bc    00000010                   : fpu.obj (.text:FPUEnable)
                  000141cc    00000010                   : fpu.obj (.text:FPULazyStackingEnable)
                  000141dc    00000010                   : pwm.obj (.text:PWMGenPeriodSet)
                  000141ec    00000010                   : udma.obj (.text:uDMAEnable)
                  000141fc    0000000e                   : adc.obj (.text:ADCSequenceEnable)
                  0001420a    0000000e                   : epi.obj (.text:EPIIntStatus)
                  00014218    0000000e     grlib.lib : image.obj (.text:GrImageDraw)
                  00014226    0000000e     driverlib.lib : timer.obj (.text:TimerEnable)
                  00014234    0000000e     rtsv7M4_T_le_v4SPD16_eabi.lib : copy_decompress_none.obj (.text:decompress:none)
                  00014242    0000000c     driverlib.lib : cpu.obj (.text:CPUcpsie)
                  0001424e    0000000c                   : epi.obj (.text:EPIConfigGPModeSet)
                  0001425a    0000000c                   : epi.obj (.text:EPIIntEnable)
                  00014266    00000002     --HOLE-- [fill = 0]
                  00014268    0000000c     main.obj (.text:OnSliderChangeHorizontal)
                  00014274    0000000c     driverlib.lib : pwm.obj (.text:PWMGenEnable)
                  00014280    0000000c     touch.obj (.text:TouchScreenCallbackSet)
                  0001428c    0000000c     rtsv7M4_T_le_v4SPD16_eabi.lib : copy_zero_init.obj (.text:decompress:ZI)
                  00014298    0000000c     driverlib.lib : udma.obj (.text:uDMAControlBaseSet)
                  000142a4    0000000c                   : udma.obj (.text:uDMAIntClear)
                  000142b0    0000000a                   : epi.obj (.text:EPINonBlockingReadConfigure)
                  000142ba    0000000a                   : interrupt.obj (.text:IntMasterEnable)
                  000142c4    00000008                   : epi.obj (.text:EPINonBlockingReadStart)
                  000142cc    00000008     grlib.lib : charmap.obj (.text:GrMapISO8859_1_Unicode)
                  000142d4    00000006     driverlib.lib : epi.obj (.text:EPIFIFOConfig)
                  000142da    00000006                   : epi.obj (.text:EPIIntErrorClear)
                  000142e0    00000006                   : gpio.obj (.text:GPIOPinWrite)
                  000142e6    00000006     grlib.lib : string.obj (.text:GrContextFontSet)
                  000142ec    00000006     tm4c1294ncpdt_startup_ccs.obj (.text:ResetISR)
                  000142f2    00000006     driverlib.lib : sysctl.obj (.text:SysCtlDelay)
                  000142f8    00000006     grlib.lib : widget.obj (.text:WidgetMutexPut)
                  000142fe    00000006     rtsv7M4_T_le_v4SPD16_eabi.lib : copy_decompress_rle.obj (.text:decompress:rle24)
                  00014304    00000004     driverlib.lib : epi.obj (.text:EPIAddressMapSet)
                  00014308    00000004                   : epi.obj (.text:EPIDividerSet)
                  0001430c    00000004                   : epi.obj (.text:EPIModeSet)
                  00014310    00000004     main.obj (.text:OffSet)
                  00014314    00000004     grlib.lib : widget.obj (.text:WidgetDefaultMsgProc)
                  00014318    00000004     rtsv7M4_T_le_v4SPD16_eabi.lib : pre_init.obj (.text)

.cinit     0    00014320    00000dd8     
                  00014320    00000db2     (.cinit..data.load) [load image, compression = rle]
                  000150d2    00000002     --HOLE-- [fill = 0]
                  000150d4    0000000c     (__TI_handler_table)
                  000150e0    00000008     (.cinit..bss.load) [load image, compression = zero_init]
                  000150e8    00000010     (__TI_cinit_table)

.init_array 
*          0    00000000    00000000     UNINITIALIZED

.bss       0    20000000    0001a086     UNINITIALIZED
                  20000000    0000a000     main.obj (.bss:values2)
                  2000a000    0000a000     main.obj (.bss:values)
                  20014000    00001000     main.obj (.bss:g_ui32DstBuf2)
                  20015000    00001000     main.obj (.bss:g_ui32DstBuf)
                  20016000    00001000     main.obj (.bss:inputs2)
                  20017000    00001000     main.obj (.bss:inputs)
                  20018000    000004fc     main.obj (.bss:totalsA)
                  200184fc    000004fc     main.obj (.bss:totalsB)
                  200189f8    00000140     grlib.lib : widget.obj (.bss:g_psMQ)
                  20018b38    00000074     main.obj (.bss:secpixel)
                  20018bac    00000038     main.obj (.bss:mvpixel)
                  20018be4    00000010     (.common:g_pi16Samples)
                  20018bf4    0000000c     (.common:FreqDisplay1)
                  20018c00    00000400     main.obj (.bss:pui8ControlTable)
                  20019000    00000280     main.obj (.bss:old1)
                  20019280    00000280     main.obj (.bss:old2)
                  20019500    00000280     main.obj (.bss:pixels2)
                  20019780    00000280     main.obj (.bss:pixels)
                  20019a00    00000280     main.obj (.bss:t1)
                  20019c80    00000280     main.obj (.bss:t2)
                  20019f00    00000060     main.obj (.bss:receive)
                  20019f60    0000002c     main.obj (.bss:sContext)
                  20019f8c    00000028     main.obj (.bss:Freq1)
                  20019fb4    00000028     main.obj (.bss:Freq2)
                  20019fdc    00000020     grlib.lib : image.obj (.bss)
                  20019ffc    0000000c     (.common:FreqDisplay2)
                  2001a008    00000008     (.common:Amp1)
                  2001a010    00000008     (.common:Amp2)
                  2001a018    00000008     (.common:MagDisplay1)
                  2001a020    00000008     (.common:MagDisplay2)
                  2001a028    00000008     (.common:sRect)
                  2001a030    00000004               : context.obj (.bss)
                  2001a034    00000004     (.common:EPIMode)
                  2001a038    00000004     (.common:EPISource)
                  2001a03c    00000004     (.common:Frequency2)
                  2001a040    00000004     (.common:PTriggerLevel)
                  2001a044    00000004     (.common:g_pfnTSHandler)
                  2001a048    00000004     (.common:g_pi32ParmSet)
                  2001a04c    00000004     (.common:g_ui32TSState)
                  2001a050    00000004     (.common:plevel1)
                  2001a054    00000004     (.common:plevel2)
                  2001a058    00000004     (.common:t1Avg)
                  2001a05c    00000004     (.common:t2Avg)
                  2001a060    00000004     (.common:tempMagVolDivC1)
                  2001a064    00000004     (.common:tempMagVolDivC2)
                  2001a068    00000004     (.common:tempTimVolDivC1)
                  2001a06c    00000004     (.common:ui32SysClkFreq)
                  2001a070    00000004     (.common:x)
                  2001a074    00000004     (.common:y)
                  2001a078    00000002     (.common:g_i16TouchX)
                  2001a07a    00000002     (.common:g_i16TouchY)
                  2001a07c    00000002     (.common:midlevel1)
                  2001a07e    00000002     (.common:midlevel2)
                  2001a080    00000002     (.common:totalA)
                  2001a082    00000002     (.common:totalB)
                  2001a084    00000001     (.common:alt)
                  2001a085    00000001     (.common:pri)

.data      0    2001a088    000011fc     UNINITIALIZED
                  2001a088    000001e0     main.obj (.data:g_psBotButtons)
                  2001a268    000001e0     main.obj (.data:g_psTopButtons)
                  2001a448    00000100     main.obj (.data:g_psRadioBtnTriggers)
                  2001a548    000000c0     main.obj (.data:g_psRadioBtnChannels)
                  2001a608    000000c0     main.obj (.data:g_psRadioBtnFreqMagC1)
                  2001a6c8    000000c0     main.obj (.data:g_psRadioBtnFreqMagC2)
                  2001a788    000000c0     main.obj (.data:g_psRadioBtnVolMagC1)
                  2001a848    000000c0     main.obj (.data:g_psRadioBtnVolMagC2)
                  2001a908    000000a3     main.obj (.data)
                  2001a9ab    00000001     --HOLE--
                  2001a9ac    00000080     main.obj (.data:g_psRadioBtnAcquire)
                  2001aa2c    00000080     main.obj (.data:g_psRadioBtnSource)
                  2001aaac    00000080     main.obj (.data:g_psRadioBtnTriggerMode)
                  2001ab2c    0000005c     main.obj (.data:g_sC1Slider)
                  2001ab88    0000005c     main.obj (.data:g_sC2Slider)
                  2001abe4    0000005c     main.obj (.data:g_sTriggerSliderHorizontal)
                  2001ac40    0000005c     main.obj (.data:g_sTriggerSliderVertical)
                  2001ac9c    00000050     main.obj (.data:g_sPushBtnAddC1)
                  2001acec    00000050     main.obj (.data:g_sPushBtnAddC2)
                  2001ad3c    00000050     main.obj (.data:g_sPushBtnAddTime)
                  2001ad8c    00000050     main.obj (.data:g_sPushBtnMinusC1)
                  2001addc    00000050     main.obj (.data:g_sPushBtnMinusC2)
                  2001ae2c    00000050     main.obj (.data:g_sPushBtnMinusTime)
                  2001ae7c    00000040     main.obj (.data:g_sAddMinusC1)
                  2001aebc    00000040     main.obj (.data:g_sAddMinusC2)
                  2001aefc    00000040     main.obj (.data:g_sAddMinusTime)
                  2001af3c    00000040     main.obj (.data:g_sBackground)
                  2001af7c    00000040     main.obj (.data:g_sBottom)
                  2001afbc    00000040     main.obj (.data:g_sTop)
                  2001affc    00000040     main.obj (.data:g_sWaveform)
                  2001b03c    00000038     main.obj (.data:g_sContainerAcquire)
                  2001b074    00000038     main.obj (.data:g_sContainerChannels)
                  2001b0ac    00000038     main.obj (.data:g_sContainerFreMagnitudeC1)
                  2001b0e4    00000038     main.obj (.data:g_sContainerFreMagnitudeC2)
                  2001b11c    00000038     main.obj (.data:g_sContainerTriggerMode)
                  2001b154    00000038     main.obj (.data:g_sContainerTriggerSource)
                  2001b18c    00000038     main.obj (.data:g_sContainerTriggers)
                  2001b1c4    00000038     main.obj (.data:g_sContainerVolMagnitudeC1)
                  2001b1fc    00000038     main.obj (.data:g_sContainerVolMagnitudeC2)
                  2001b234    0000002d     grlib.lib : widget.obj (.data)
                  2001b261    00000003     --HOLE--
                  2001b264    00000008     Kentec320x240x16_ssd2119_8bit.obj (.data)
                  2001b26c    00000008     rtsv7M4_T_le_v4SPD16_eabi.lib : _lock.obj (.data)
                  2001b274    00000008                                   : exit.obj (.data)
                  2001b27c    00000004                                   : stkdepth_vars.obj (.data)
                  2001b280    00000004     touch.obj (.data)

.TI.noinit 
*          0    20000000    00000000     UNINITIALIZED

.TI.persistent 
*          0    2001a088    00000000     UNINITIALIZED

.stack     0    2001b284    00000400     UNINITIALIZED
                  2001b284    00000400     --HOLE--


LINKER GENERATED COPY TABLES

__TI_cinit_table @ 000150e8 records: 2, size/record: 8, table size: 16
	.data: load addr=00014320, load size=00000db2 bytes, run addr=2001a088, run size=000011fc bytes, compression=rle
	.bss: load addr=000150e0, load size=00000008 bytes, run addr=20000000, run size=0001a086 bytes, compression=zero_init


LINKER GENERATED HANDLER TABLE

__TI_handler_table @ 000150d4 records: 3, size/record: 4, table size: 12
	index: 0, handler: __TI_decompress_rle24
	index: 1, handler: __TI_decompress_none
	index: 2, handler: __TI_zero_init


GLOBAL SYMBOLS: SORTED ALPHABETICALLY BY Name 

address   name                          
-------   ----                          
0001412d  ADCHardwareOversampleConfigure
000141ab  ADCIntEnable                  
00013aa9  ADCSequenceConfigure          
000141fd  ADCSequenceEnable             
00012c3f  ADCSequenceStepConfigure      
00013c05  AcquireSelectRadioBtns        
00011555  AddMagDivC1                   
00011429  AddMagDivC2                   
00012eb9  AddMinusFunctionC1            
00012f2d  AddMinusFunctionC2            
00012f99  AddMinusFunctionTime          
00011e95  AddTimeDiv                    
2001a008  Amp1                          
2001a010  Amp2                          
2001a9aa  ButtonTF                      
00013a65  C$$EXIT                       
00014243  CPUcpsie                      
000118b5  CalibrateOffset               
000140b3  CanvasMsgProc                 
2001a95f  CaptureMode                   
2001a973  Ch1off                        
2001a971  Ch1on                         
2001a974  Ch2off                        
2001a972  Ch2on                         
00012229  ChannelSelectRadioBtns        
0001262d  ClrMyWidget                   
00013ae9  ClrScreen                     
000140c7  ContainerMsgProc              
2001a958  CountSize                     
00013005  DRadioAcquire                 
00013071  DRadioChannels                
00013fdd  DRadioFreMagnitudeC1          
00013ff5  DRadioFreMagnitudeC2          
0001400d  DRadioVolMagnitudeC1          
00014025  DRadioVolMagnitudeC2          
0000e429  DWaveForm                     
00014305  EPIAddressMapSet              
0001424f  EPIConfigGPModeSet            
2001a924  EPIDivide                     
00014309  EPIDividerSet                 
000142d5  EPIFIFOConfig                 
0001425b  EPIIntEnable                  
000142db  EPIIntErrorClear              
00011cb5  EPIIntHandler                 
0001420b  EPIIntStatus                  
2001a034  EPIMode                       
0001430d  EPIModeSet                    
000142b1  EPINonBlockingReadConfigure   
000142c5  EPINonBlockingReadStart       
2001a038  EPISource                     
000141bd  FPUEnable                     
000141cd  FPULazyStackingEnable         
20019f8c  Freq1                         
20019fb4  Freq2                         
20018bf4  FreqDisplay1                  
20019ffc  FreqDisplay2                  
2001a93c  Frequency1                    
2001a940  Frequency1Total               
2001a03c  Frequency2                    
2001a948  Frequency2Total               
00013d61  GPIODirModeSet                
000111c9  GPIOPadConfigSet              
00013831  GPIOPinConfigure              
0001413f  GPIOPinTypeEPI                
00014151  GPIOPinTypeGPIOInput          
0001403d  GPIOPinTypeGPIOOutput         
00014163  GPIOPinTypePWM                
000142e1  GPIOPinWrite                  
2001a95e  GoThrough                     
0000fdfd  GrCircleDraw                  
00010cbb  GrCircleFill                  
00013421  GrContextClipRegionSet        
000142e7  GrContextFontSet              
00013359  GrContextInit                 
00012499  GrDefaultStringRenderer       
00013d8b  GrFontBaselineGet             
00013f4b  GrFontCodepageGet             
00013ec5  GrFontGlyphDataGet            
0000f999  GrFontGlyphRender             
00013db5  GrFontHeightGet               
00013e33  GrFontInfoGet                 
00014219  GrImageDraw                   
000119c1  GrLineDraw                    
00013951  GrLineDrawH                   
00013997  GrLineDrawV                   
000142cd  GrMapISO8859_1_Unicode        
000132f1  GrRectDraw                    
00012a29  GrRectFill                    
00012bbb  GrRectIntersectGet            
00013b5f  GrRectOverlapCheck            
00014175  GrStringDraw                  
00013ddf  GrStringNextCharGet           
000131b5  GrStringWidthGet              
00013485  IntEnable                     
000142bb  IntMasterEnable               
0000f731  Kentec320x240x16_SSD2119Init  
2001a975  Mag1                          
2001a976  Mag2                          
2001a018  MagDisplay1                   
2001a020  MagDisplay2                   
00011089  MinusMagDivC1                 
00010f45  MinusMagDivC2                 
00011bbd  MinusTimeDiv                  
2001a952  NumAvg                        
2001a938  NumAvgt1                      
2001a93a  NumAvgt2                      
2001a950  NumFreqs1                     
2001a951  NumFreqs2                     
2001a964  NumSkip                       
00014311  OffSet                        
000139dd  OnSliderChangeC1              
00013a21  OnSliderChangeC2              
00014269  OnSliderChangeHorizontal      
00014055  OnSliderChangeVertical        
2001a040  PTriggerLevel                 
00013ee7  PWMGenConfigure               
00014275  PWMGenEnable                  
000141dd  PWMGenPeriodSet               
00014187  PWMOutputState                
00013f69  PWMPulseWidthSet              
0000d579  PixelsCalculation             
00013e59  RadioButtonMsgProc            
00013f09  RectangularButtonMsgProc      
000142ed  ResetISR                      
000140dd  RunStop                       
UNDEFED   SHT$$INIT_ARRAY$$Base         
UNDEFED   SHT$$INIT_ARRAY$$Limit        
00013289  SetupDMA                      
0001214d  SetupTimeDivision             
0000ea85  SetupVoltageDivision          
00013d09  SliderMsgProc                 
0000fc01  SysCtlClockFreqSet            
000142f3  SysCtlDelay                   
00013f89  SysCtlGPIOAHBEnable           
000140f1  SysCtlPWMClockSet             
00013c39  SysCtlPeripheralEnable        
00013c6d  SysCtlPeripheralSleepEnable   
2001a977  Time                          
00013541  TimerConfigure                
0001364d  TimerControlTrigger           
00014227  TimerEnable                   
00014199  TimerLoadSet                  
00014281  TouchScreenCallbackSet        
0001167d  TouchScreenInit               
000112f9  TouchScreenIntHandler         
2001a95d  Trigger                       
000130dd  TriggerFunction               
2001a954  TriggerLevel                  
2001a960  TriggerMode                   
00013ca1  TriggerModeSelect             
2001a966  TriggerPosition               
0001206d  TriggerSelectRadioBtns        
2001a962  TriggerSource                 
00013cd5  TriggerSourceSelect           
2001a95c  TriggerStart                  
0000c7b5  UpdateMeasurements            
00013e7d  WidgetAdd                     
00014315  WidgetDefaultMsgProc          
00011da5  WidgetMessageQueueAdd         
000133bd  WidgetMessageQueueProcess     
000127a5  WidgetMessageSendPostOrder    
000136a5  WidgetMessageSendPreOrder     
00014105  WidgetMutexGet                
000142f9  WidgetMutexPut                
00013fa5  WidgetPointerMessage          
0001374d  WidgetRemove                  
2001b268  WriteCommand                  
2001b264  WriteData                     
2001b684  __STACK_END                   
00000400  __STACK_SIZE                  
2001b484  __STACK_TOP                   
000150e8  __TI_CINIT_Base               
000150f8  __TI_CINIT_Limit              
000150d4  __TI_Handler_Table_Base       
000150e0  __TI_Handler_Table_Limit      
00013149  __TI_auto_init                
2001b274  __TI_cleanup_ptr              
00014235  __TI_decompress_none          
000142ff  __TI_decompress_rle24         
2001b278  __TI_dtors_ptr                
00000000  __TI_static_base__            
0001428d  __TI_zero_init                
00012aaf  __aeabi_cdcmpeq               
00012aaf  __aeabi_cdcmple               
00012b35  __aeabi_cdrcmple              
00011ac1  __aeabi_dmul                  
00013b97  __aeabi_f2d                   
00012e3d  __aeabi_memclr                
00012e3d  __aeabi_memclr4               
00012e3d  __aeabi_memclr8               
00012901  __aeabi_memcpy                
00012901  __aeabi_memcpy4               
00012901  __aeabi_memcpy8               
00012e3f  __aeabi_memset                
00012e3f  __aeabi_memset4               
00012e3f  __aeabi_memset8               
00013f2b  __aeabi_ui2d                  
0000fff7  __aeabi_uldivmod              
ffffffff  __binit__                     
ffffffff  __c_args__                    
2001b284  __stack                       
0001406d  _args_main                    
000136fd  _c_int00                      
2001b26c  _lock                         
00014127  _nop                          
0001411f  _register_lock                
00014119  _register_unlock              
00014319  _system_pre_init              
2001b270  _unlock                       
00013a69  abort                         
2001a084  alt                           
2001a961  begin                         
ffffffff  binit                         
00013799  copy_in                       
2001a96c  desiredlevel1                 
2001a96e  desiredlevel2                 
00013a71  exit                          
2001a918  f                             
2001a928  freqref1                      
2001a92a  freqref2                      
2001a92e  freqstart1                    
2001a92c  freqstart2                    
2001a92f  freqstop1                     
2001a92d  freqstop2                     
2001b280  g_i16TouchMin                 
2001a078  g_i16TouchX                   
2001a07a  g_i16TouchY                   
00000000  g_pfnVectors                  
2001a048  g_pi32ParmSet                 
0000c780  g_pi32TouchParameters         
2001a088  g_psBotButtons                
0000c79c  g_psDefaultCodePointMapTable  
2001a9ac  g_psRadioBtnAcquire           
2001a548  g_psRadioBtnChannels          
2001a608  g_psRadioBtnFreqMagC1         
2001a6c8  g_psRadioBtnFreqMagC2         
2001aa2c  g_psRadioBtnSource            
2001aaac  g_psRadioBtnTriggerMode       
2001a448  g_psRadioBtnTriggers          
2001a788  g_psRadioBtnVolMagC1          
2001a848  g_psRadioBtnVolMagC2          
2001a268  g_psTopButtons                
000074b1  g_pui8Image                   
00000200  g_pui9Image                   
2001ae7c  g_sAddMinusC1                 
2001aebc  g_sAddMinusC2                 
2001aefc  g_sAddMinusTime               
2001af3c  g_sBackground                 
2001af7c  g_sBottom                     
2001ab2c  g_sC1Slider                   
2001ab88  g_sC2Slider                   
2001b03c  g_sContainerAcquire           
2001b074  g_sContainerChannels          
2001b0ac  g_sContainerFreMagnitudeC1    
2001b0e4  g_sContainerFreMagnitudeC2    
2001b11c  g_sContainerTriggerMode       
2001b154  g_sContainerTriggerSource     
2001b18c  g_sContainerTriggers          
2001b1c4  g_sContainerVolMagnitudeC1    
2001b1fc  g_sContainerVolMagnitudeC2    
0000c054  g_sFontCm12                   
0000c11c  g_sFontCm14                   
0000c1e4  g_sFontCm16                   
0000c2ac  g_sFontCm20                   
0000c374  g_sFontCmss12                 
0000c43c  g_sFontCmss14                 
0000c758  g_sKentec320x240x16_SSD2119   
2001ac9c  g_sPushBtnAddC1               
2001acec  g_sPushBtnAddC2               
2001ad3c  g_sPushBtnAddTime             
2001ad8c  g_sPushBtnMinusC1             
2001addc  g_sPushBtnMinusC2             
2001ae2c  g_sPushBtnMinusTime           
2001b234  g_sRoot                       
2001afbc  g_sTop                        
2001abe4  g_sTriggerSliderHorizontal    
2001ac40  g_sTriggerSliderVertical      
2001affc  g_sWaveform                   
2001a910  i                             
20017000  inputs                        
20016000  inputs2                       
2001a914  j                             
2001a91c  k                             
2001a908  l1                            
2001a90a  l2                            
2001a968  level1                        
2001a96a  level2                        
2001a920  m                             
2001a996  magVolDivC1                   
2001a98c  magVolDivC2                   
000101ed  main                          
2001b27c  main_func_sp                  
2001a90c  measnum                       
00012901  memcpy                        
00012e45  memset                        
2001a07c  midlevel1                     
2001a07e  midlevel2                     
2001a97a  minusabove1                   
2001a97b  minusabove2                   
2001a978  minusbelow1                   
2001a979  minusbelow2                   
20018bac  mvpixel                       
20019000  old1                          
20019280  old2                          
2001a97e  outabove1                     
2001a97f  outabove2                     
2001a97c  outbelow1                     
2001a97d  outbelow2                     
2001a984  pixel_divider1                
2001a988  pixel_divider2                
20019780  pixels                        
20019500  pixels2                       
2001a050  plevel1                       
2001a054  plevel2                       
2001a085  pri                           
20018c00  pui8ControlTable              
20019f00  receive                       
20019f60  sContext                      
2001a028  sRect                         
20018b38  secpixel                      
0000dd75  setup                         
2001a970  stop                          
2001a982  stopped                       
20019a00  t1                            
2001a058  t1Avg                         
20019c80  t2                            
2001a05c  t2Avg                         
2001a060  tempMagVolDivC1               
2001a064  tempMagVolDivC2               
2001a068  tempTimVolDivC1               
2001a9a0  timVolDivC1                   
2001a080  totalA                        
2001a082  totalB                        
20018000  totalsA                       
200184fc  totalsB                       
2001a930  totalt1                       
2001a934  totalt2                       
2001a980  transfer_done                 
00013d35  uDMAChannelAssign             
000138c1  uDMAChannelAttributeDisable   
00013909  uDMAChannelAttributeEnable    
00013ea1  uDMAChannelControlSet         
00014085  uDMAChannelEnable             
00012d41  uDMAChannelTransferSet        
00014299  uDMAControlBaseSet            
000141ed  uDMAEnable                    
000142a5  uDMAIntClear                  
2001a06c  ui32SysClkFreq                
2000a000  values                        
20000000  values2                       
2001a070  x                             
2001a074  y                             


GLOBAL SYMBOLS: SORTED BY Symbol Address 

address   name                          
-------   ----                          
00000000  __TI_static_base__            
00000000  g_pfnVectors                  
00000200  g_pui9Image                   
00000400  __STACK_SIZE                  
000074b1  g_pui8Image                   
0000c054  g_sFontCm12                   
0000c11c  g_sFontCm14                   
0000c1e4  g_sFontCm16                   
0000c2ac  g_sFontCm20                   
0000c374  g_sFontCmss12                 
0000c43c  g_sFontCmss14                 
0000c758  g_sKentec320x240x16_SSD2119   
0000c780  g_pi32TouchParameters         
0000c79c  g_psDefaultCodePointMapTable  
0000c7b5  UpdateMeasurements            
0000d579  PixelsCalculation             
0000dd75  setup                         
0000e429  DWaveForm                     
0000ea85  SetupVoltageDivision          
0000f731  Kentec320x240x16_SSD2119Init  
0000f999  GrFontGlyphRender             
0000fc01  SysCtlClockFreqSet            
0000fdfd  GrCircleDraw                  
0000fff7  __aeabi_uldivmod              
000101ed  main                          
00010cbb  GrCircleFill                  
00010f45  MinusMagDivC2                 
00011089  MinusMagDivC1                 
000111c9  GPIOPadConfigSet              
000112f9  TouchScreenIntHandler         
00011429  AddMagDivC2                   
00011555  AddMagDivC1                   
0001167d  TouchScreenInit               
000118b5  CalibrateOffset               
000119c1  GrLineDraw                    
00011ac1  __aeabi_dmul                  
00011bbd  MinusTimeDiv                  
00011cb5  EPIIntHandler                 
00011da5  WidgetMessageQueueAdd         
00011e95  AddTimeDiv                    
0001206d  TriggerSelectRadioBtns        
0001214d  SetupTimeDivision             
00012229  ChannelSelectRadioBtns        
00012499  GrDefaultStringRenderer       
0001262d  ClrMyWidget                   
000127a5  WidgetMessageSendPostOrder    
00012901  __aeabi_memcpy                
00012901  __aeabi_memcpy4               
00012901  __aeabi_memcpy8               
00012901  memcpy                        
00012a29  GrRectFill                    
00012aaf  __aeabi_cdcmpeq               
00012aaf  __aeabi_cdcmple               
00012b35  __aeabi_cdrcmple              
00012bbb  GrRectIntersectGet            
00012c3f  ADCSequenceStepConfigure      
00012d41  uDMAChannelTransferSet        
00012e3d  __aeabi_memclr                
00012e3d  __aeabi_memclr4               
00012e3d  __aeabi_memclr8               
00012e3f  __aeabi_memset                
00012e3f  __aeabi_memset4               
00012e3f  __aeabi_memset8               
00012e45  memset                        
00012eb9  AddMinusFunctionC1            
00012f2d  AddMinusFunctionC2            
00012f99  AddMinusFunctionTime          
00013005  DRadioAcquire                 
00013071  DRadioChannels                
000130dd  TriggerFunction               
00013149  __TI_auto_init                
000131b5  GrStringWidthGet              
00013289  SetupDMA                      
000132f1  GrRectDraw                    
00013359  GrContextInit                 
000133bd  WidgetMessageQueueProcess     
00013421  GrContextClipRegionSet        
00013485  IntEnable                     
00013541  TimerConfigure                
0001364d  TimerControlTrigger           
000136a5  WidgetMessageSendPreOrder     
000136fd  _c_int00                      
0001374d  WidgetRemove                  
00013799  copy_in                       
00013831  GPIOPinConfigure              
000138c1  uDMAChannelAttributeDisable   
00013909  uDMAChannelAttributeEnable    
00013951  GrLineDrawH                   
00013997  GrLineDrawV                   
000139dd  OnSliderChangeC1              
00013a21  OnSliderChangeC2              
00013a65  C$$EXIT                       
00013a69  abort                         
00013a71  exit                          
00013aa9  ADCSequenceConfigure          
00013ae9  ClrScreen                     
00013b5f  GrRectOverlapCheck            
00013b97  __aeabi_f2d                   
00013c05  AcquireSelectRadioBtns        
00013c39  SysCtlPeripheralEnable        
00013c6d  SysCtlPeripheralSleepEnable   
00013ca1  TriggerModeSelect             
00013cd5  TriggerSourceSelect           
00013d09  SliderMsgProc                 
00013d35  uDMAChannelAssign             
00013d61  GPIODirModeSet                
00013d8b  GrFontBaselineGet             
00013db5  GrFontHeightGet               
00013ddf  GrStringNextCharGet           
00013e33  GrFontInfoGet                 
00013e59  RadioButtonMsgProc            
00013e7d  WidgetAdd                     
00013ea1  uDMAChannelControlSet         
00013ec5  GrFontGlyphDataGet            
00013ee7  PWMGenConfigure               
00013f09  RectangularButtonMsgProc      
00013f2b  __aeabi_ui2d                  
00013f4b  GrFontCodepageGet             
00013f69  PWMPulseWidthSet              
00013f89  SysCtlGPIOAHBEnable           
00013fa5  WidgetPointerMessage          
00013fdd  DRadioFreMagnitudeC1          
00013ff5  DRadioFreMagnitudeC2          
0001400d  DRadioVolMagnitudeC1          
00014025  DRadioVolMagnitudeC2          
0001403d  GPIOPinTypeGPIOOutput         
00014055  OnSliderChangeVertical        
0001406d  _args_main                    
00014085  uDMAChannelEnable             
000140b3  CanvasMsgProc                 
000140c7  ContainerMsgProc              
000140dd  RunStop                       
000140f1  SysCtlPWMClockSet             
00014105  WidgetMutexGet                
00014119  _register_unlock              
0001411f  _register_lock                
00014127  _nop                          
0001412d  ADCHardwareOversampleConfigure
0001413f  GPIOPinTypeEPI                
00014151  GPIOPinTypeGPIOInput          
00014163  GPIOPinTypePWM                
00014175  GrStringDraw                  
00014187  PWMOutputState                
00014199  TimerLoadSet                  
000141ab  ADCIntEnable                  
000141bd  FPUEnable                     
000141cd  FPULazyStackingEnable         
000141dd  PWMGenPeriodSet               
000141ed  uDMAEnable                    
000141fd  ADCSequenceEnable             
0001420b  EPIIntStatus                  
00014219  GrImageDraw                   
00014227  TimerEnable                   
00014235  __TI_decompress_none          
00014243  CPUcpsie                      
0001424f  EPIConfigGPModeSet            
0001425b  EPIIntEnable                  
00014269  OnSliderChangeHorizontal      
00014275  PWMGenEnable                  
00014281  TouchScreenCallbackSet        
0001428d  __TI_zero_init                
00014299  uDMAControlBaseSet            
000142a5  uDMAIntClear                  
000142b1  EPINonBlockingReadConfigure   
000142bb  IntMasterEnable               
000142c5  EPINonBlockingReadStart       
000142cd  GrMapISO8859_1_Unicode        
000142d5  EPIFIFOConfig                 
000142db  EPIIntErrorClear              
000142e1  GPIOPinWrite                  
000142e7  GrContextFontSet              
000142ed  ResetISR                      
000142f3  SysCtlDelay                   
000142f9  WidgetMutexPut                
000142ff  __TI_decompress_rle24         
00014305  EPIAddressMapSet              
00014309  EPIDividerSet                 
0001430d  EPIModeSet                    
00014311  OffSet                        
00014315  WidgetDefaultMsgProc          
00014319  _system_pre_init              
000150d4  __TI_Handler_Table_Base       
000150e0  __TI_Handler_Table_Limit      
000150e8  __TI_CINIT_Base               
000150f8  __TI_CINIT_Limit              
20000000  values2                       
2000a000  values                        
20016000  inputs2                       
20017000  inputs                        
20018000  totalsA                       
200184fc  totalsB                       
20018b38  secpixel                      
20018bac  mvpixel                       
20018bf4  FreqDisplay1                  
20018c00  pui8ControlTable              
20019000  old1                          
20019280  old2                          
20019500  pixels2                       
20019780  pixels                        
20019a00  t1                            
20019c80  t2                            
20019f00  receive                       
20019f60  sContext                      
20019f8c  Freq1                         
20019fb4  Freq2                         
20019ffc  FreqDisplay2                  
2001a008  Amp1                          
2001a010  Amp2                          
2001a018  MagDisplay1                   
2001a020  MagDisplay2                   
2001a028  sRect                         
2001a034  EPIMode                       
2001a038  EPISource                     
2001a03c  Frequency2                    
2001a040  PTriggerLevel                 
2001a048  g_pi32ParmSet                 
2001a050  plevel1                       
2001a054  plevel2                       
2001a058  t1Avg                         
2001a05c  t2Avg                         
2001a060  tempMagVolDivC1               
2001a064  tempMagVolDivC2               
2001a068  tempTimVolDivC1               
2001a06c  ui32SysClkFreq                
2001a070  x                             
2001a074  y                             
2001a078  g_i16TouchX                   
2001a07a  g_i16TouchY                   
2001a07c  midlevel1                     
2001a07e  midlevel2                     
2001a080  totalA                        
2001a082  totalB                        
2001a084  alt                           
2001a085  pri                           
2001a088  g_psBotButtons                
2001a268  g_psTopButtons                
2001a448  g_psRadioBtnTriggers          
2001a548  g_psRadioBtnChannels          
2001a608  g_psRadioBtnFreqMagC1         
2001a6c8  g_psRadioBtnFreqMagC2         
2001a788  g_psRadioBtnVolMagC1          
2001a848  g_psRadioBtnVolMagC2          
2001a908  l1                            
2001a90a  l2                            
2001a90c  measnum                       
2001a910  i                             
2001a914  j                             
2001a918  f                             
2001a91c  k                             
2001a920  m                             
2001a924  EPIDivide                     
2001a928  freqref1                      
2001a92a  freqref2                      
2001a92c  freqstart2                    
2001a92d  freqstop2                     
2001a92e  freqstart1                    
2001a92f  freqstop1                     
2001a930  totalt1                       
2001a934  totalt2                       
2001a938  NumAvgt1                      
2001a93a  NumAvgt2                      
2001a93c  Frequency1                    
2001a940  Frequency1Total               
2001a948  Frequency2Total               
2001a950  NumFreqs1                     
2001a951  NumFreqs2                     
2001a952  NumAvg                        
2001a954  TriggerLevel                  
2001a958  CountSize                     
2001a95c  TriggerStart                  
2001a95d  Trigger                       
2001a95e  GoThrough                     
2001a95f  CaptureMode                   
2001a960  TriggerMode                   
2001a961  begin                         
2001a962  TriggerSource                 
2001a964  NumSkip                       
2001a966  TriggerPosition               
2001a968  level1                        
2001a96a  level2                        
2001a96c  desiredlevel1                 
2001a96e  desiredlevel2                 
2001a970  stop                          
2001a971  Ch1on                         
2001a972  Ch2on                         
2001a973  Ch1off                        
2001a974  Ch2off                        
2001a975  Mag1                          
2001a976  Mag2                          
2001a977  Time                          
2001a978  minusbelow1                   
2001a979  minusbelow2                   
2001a97a  minusabove1                   
2001a97b  minusabove2                   
2001a97c  outbelow1                     
2001a97d  outbelow2                     
2001a97e  outabove1                     
2001a97f  outabove2                     
2001a980  transfer_done                 
2001a982  stopped                       
2001a984  pixel_divider1                
2001a988  pixel_divider2                
2001a98c  magVolDivC2                   
2001a996  magVolDivC1                   
2001a9a0  timVolDivC1                   
2001a9aa  ButtonTF                      
2001a9ac  g_psRadioBtnAcquire           
2001aa2c  g_psRadioBtnSource            
2001aaac  g_psRadioBtnTriggerMode       
2001ab2c  g_sC1Slider                   
2001ab88  g_sC2Slider                   
2001abe4  g_sTriggerSliderHorizontal    
2001ac40  g_sTriggerSliderVertical      
2001ac9c  g_sPushBtnAddC1               
2001acec  g_sPushBtnAddC2               
2001ad3c  g_sPushBtnAddTime             
2001ad8c  g_sPushBtnMinusC1             
2001addc  g_sPushBtnMinusC2             
2001ae2c  g_sPushBtnMinusTime           
2001ae7c  g_sAddMinusC1                 
2001aebc  g_sAddMinusC2                 
2001aefc  g_sAddMinusTime               
2001af3c  g_sBackground                 
2001af7c  g_sBottom                     
2001afbc  g_sTop                        
2001affc  g_sWaveform                   
2001b03c  g_sContainerAcquire           
2001b074  g_sContainerChannels          
2001b0ac  g_sContainerFreMagnitudeC1    
2001b0e4  g_sContainerFreMagnitudeC2    
2001b11c  g_sContainerTriggerMode       
2001b154  g_sContainerTriggerSource     
2001b18c  g_sContainerTriggers          
2001b1c4  g_sContainerVolMagnitudeC1    
2001b1fc  g_sContainerVolMagnitudeC2    
2001b234  g_sRoot                       
2001b264  WriteData                     
2001b268  WriteCommand                  
2001b26c  _lock                         
2001b270  _unlock                       
2001b274  __TI_cleanup_ptr              
2001b278  __TI_dtors_ptr                
2001b27c  main_func_sp                  
2001b280  g_i16TouchMin                 
2001b284  __stack                       
2001b484  __STACK_TOP                   
2001b684  __STACK_END                   
ffffffff  __binit__                     
ffffffff  __c_args__                    
ffffffff  binit                         
UNDEFED   SHT$$INIT_ARRAY$$Base         
UNDEFED   SHT$$INIT_ARRAY$$Limit        

[352 symbols]
