<?xml version="1.0"?>
<link_info>
   <banner>TI ARM Linker PC v5.1.6</banner>
   <copyright>Copyright (c) 1996-2014 Texas Instruments Incorporated</copyright>
   <link_time>0x54e5e12c</link_time>
   <link_errors>0x0</link_errors>
   <output_file>grlib_demo.out</output_file>
   <entry_point>
      <name>_c_int00</name>
      <address>0x49d9</address>
   </entry_point>
   <input_file_list>
      <input_file id="fl-2">
         <path>.\</path>
         <kind>object</kind>
         <file>MainTestV2.obj</file>
         <name>MainTestV2.obj</name>
      </input_file>
      <input_file id="fl-3">
         <path>.\</path>
         <kind>object</kind>
         <file>images.obj</file>
         <name>images.obj</name>
      </input_file>
      <input_file id="fl-4">
         <path>.\</path>
         <kind>object</kind>
         <file>rose.obj</file>
         <name>rose.obj</name>
      </input_file>
      <input_file id="fl-5">
         <path>.\</path>
         <kind>object</kind>
         <file>startup_ccs.obj</file>
         <name>startup_ccs.obj</name>
      </input_file>
      <input_file id="fl-6">
         <path>.\</path>
         <kind>object</kind>
         <file>test.obj</file>
         <name>test.obj</name>
      </input_file>
      <input_file id="fl-7">
         <path>.\</path>
         <kind>object</kind>
         <file>ti.obj</file>
         <name>ti.obj</name>
      </input_file>
      <input_file id="fl-8">
         <path>.\utils\</path>
         <kind>object</kind>
         <file>ustdlib.obj</file>
         <name>ustdlib.obj</name>
      </input_file>
      <input_file id="fl-9">
         <path>.\drivers\</path>
         <kind>object</kind>
         <file>Kentec320x240x16_ssd2119_8bit.obj</file>
         <name>Kentec320x240x16_ssd2119_8bit.obj</name>
      </input_file>
      <input_file id="fl-a">
         <path>.\drivers\</path>
         <kind>object</kind>
         <file>touch.obj</file>
         <name>touch.obj</name>
      </input_file>
      <input_file id="fl-139">
         <path>c:\ti\ccsv6\tools\compiler\arm_5.1.6\lib\</path>
         <kind>archive</kind>
         <file>rtsv7M4_T_le_v4SPD16_eabi.lib</file>
         <name>boot.obj</name>
      </input_file>
      <input_file id="fl-13a">
         <path>c:\ti\ccsv6\tools\compiler\arm_5.1.6\lib\</path>
         <kind>archive</kind>
         <file>rtsv7M4_T_le_v4SPD16_eabi.lib</file>
         <name>copy_decompress_none.obj</name>
      </input_file>
      <input_file id="fl-13b">
         <path>c:\ti\ccsv6\tools\compiler\arm_5.1.6\lib\</path>
         <kind>archive</kind>
         <file>rtsv7M4_T_le_v4SPD16_eabi.lib</file>
         <name>copy_decompress_rle.obj</name>
      </input_file>
      <input_file id="fl-13c">
         <path>c:\ti\ccsv6\tools\compiler\arm_5.1.6\lib\</path>
         <kind>archive</kind>
         <file>rtsv7M4_T_le_v4SPD16_eabi.lib</file>
         <name>copy_zero_init.obj</name>
      </input_file>
      <input_file id="fl-13d">
         <path>c:\ti\ccsv6\tools\compiler\arm_5.1.6\lib\</path>
         <kind>archive</kind>
         <file>rtsv7M4_T_le_v4SPD16_eabi.lib</file>
         <name>exit.obj</name>
      </input_file>
      <input_file id="fl-13e">
         <path>c:\ti\ccsv6\tools\compiler\arm_5.1.6\lib\</path>
         <kind>archive</kind>
         <file>rtsv7M4_T_le_v4SPD16_eabi.lib</file>
         <name>i_tofd_t2.obj</name>
      </input_file>
      <input_file id="fl-13f">
         <path>c:\ti\ccsv6\tools\compiler\arm_5.1.6\lib\</path>
         <kind>archive</kind>
         <file>rtsv7M4_T_le_v4SPD16_eabi.lib</file>
         <name>memcpy_t2.obj</name>
      </input_file>
      <input_file id="fl-140">
         <path>c:\ti\ccsv6\tools\compiler\arm_5.1.6\lib\</path>
         <kind>archive</kind>
         <file>rtsv7M4_T_le_v4SPD16_eabi.lib</file>
         <name>stkdepth_vars.obj</name>
      </input_file>
      <input_file id="fl-141">
         <path>c:\ti\ccsv6\tools\compiler\arm_5.1.6\lib\</path>
         <kind>archive</kind>
         <file>rtsv7M4_T_le_v4SPD16_eabi.lib</file>
         <name>u_divt2.obj</name>
      </input_file>
      <input_file id="fl-142">
         <path>c:\ti\ccsv6\tools\compiler\arm_5.1.6\lib\</path>
         <kind>archive</kind>
         <file>rtsv7M4_T_le_v4SPD16_eabi.lib</file>
         <name>_lock.obj</name>
      </input_file>
      <input_file id="fl-143">
         <path>c:\ti\ccsv6\tools\compiler\arm_5.1.6\lib\</path>
         <kind>archive</kind>
         <file>rtsv7M4_T_le_v4SPD16_eabi.lib</file>
         <name>args_main.obj</name>
      </input_file>
      <input_file id="fl-144">
         <path>c:\ti\ccsv6\tools\compiler\arm_5.1.6\lib\</path>
         <kind>archive</kind>
         <file>rtsv7M4_T_le_v4SPD16_eabi.lib</file>
         <name>auto_init.obj</name>
      </input_file>
      <input_file id="fl-145">
         <path>c:\ti\ccsv6\tools\compiler\arm_5.1.6\lib\</path>
         <kind>archive</kind>
         <file>rtsv7M4_T_le_v4SPD16_eabi.lib</file>
         <name>cpy_tbl.obj</name>
      </input_file>
      <input_file id="fl-146">
         <path>C:\ti\TivaWare_C_Series-2.1.0.12573\examples\boards\ek-tm4c1294xl-boostxl-kentec-l35\grlib_demo\ccs\..\..\..\..\..\driverlib\ccs\Debug\</path>
         <kind>archive</kind>
         <file>driverlib.lib</file>
         <name>udma.obj</name>
      </input_file>
      <input_file id="fl-147">
         <path>C:\ti\TivaWare_C_Series-2.1.0.12573\examples\boards\ek-tm4c1294xl-boostxl-kentec-l35\grlib_demo\ccs\..\..\..\..\..\driverlib\ccs\Debug\</path>
         <kind>archive</kind>
         <file>driverlib.lib</file>
         <name>timer.obj</name>
      </input_file>
      <input_file id="fl-148">
         <path>C:\ti\TivaWare_C_Series-2.1.0.12573\examples\boards\ek-tm4c1294xl-boostxl-kentec-l35\grlib_demo\ccs\..\..\..\..\..\driverlib\ccs\Debug\</path>
         <kind>archive</kind>
         <file>driverlib.lib</file>
         <name>sysctl.obj</name>
      </input_file>
      <input_file id="fl-149">
         <path>C:\ti\TivaWare_C_Series-2.1.0.12573\examples\boards\ek-tm4c1294xl-boostxl-kentec-l35\grlib_demo\ccs\..\..\..\..\..\driverlib\ccs\Debug\</path>
         <kind>archive</kind>
         <file>driverlib.lib</file>
         <name>pwm.obj</name>
      </input_file>
      <input_file id="fl-14a">
         <path>C:\ti\TivaWare_C_Series-2.1.0.12573\examples\boards\ek-tm4c1294xl-boostxl-kentec-l35\grlib_demo\ccs\..\..\..\..\..\driverlib\ccs\Debug\</path>
         <kind>archive</kind>
         <file>driverlib.lib</file>
         <name>interrupt.obj</name>
      </input_file>
      <input_file id="fl-14b">
         <path>C:\ti\TivaWare_C_Series-2.1.0.12573\examples\boards\ek-tm4c1294xl-boostxl-kentec-l35\grlib_demo\ccs\..\..\..\..\..\driverlib\ccs\Debug\</path>
         <kind>archive</kind>
         <file>driverlib.lib</file>
         <name>gpio.obj</name>
      </input_file>
      <input_file id="fl-14c">
         <path>C:\ti\TivaWare_C_Series-2.1.0.12573\examples\boards\ek-tm4c1294xl-boostxl-kentec-l35\grlib_demo\ccs\..\..\..\..\..\driverlib\ccs\Debug\</path>
         <kind>archive</kind>
         <file>driverlib.lib</file>
         <name>fpu.obj</name>
      </input_file>
      <input_file id="fl-14d">
         <path>C:\ti\TivaWare_C_Series-2.1.0.12573\examples\boards\ek-tm4c1294xl-boostxl-kentec-l35\grlib_demo\ccs\..\..\..\..\..\driverlib\ccs\Debug\</path>
         <kind>archive</kind>
         <file>driverlib.lib</file>
         <name>epi.obj</name>
      </input_file>
      <input_file id="fl-14e">
         <path>C:\ti\TivaWare_C_Series-2.1.0.12573\examples\boards\ek-tm4c1294xl-boostxl-kentec-l35\grlib_demo\ccs\..\..\..\..\..\driverlib\ccs\Debug\</path>
         <kind>archive</kind>
         <file>driverlib.lib</file>
         <name>cpu.obj</name>
      </input_file>
      <input_file id="fl-14f">
         <path>C:\ti\TivaWare_C_Series-2.1.0.12573\examples\boards\ek-tm4c1294xl-boostxl-kentec-l35\grlib_demo\ccs\..\..\..\..\..\driverlib\ccs\Debug\</path>
         <kind>archive</kind>
         <file>driverlib.lib</file>
         <name>adc.obj</name>
      </input_file>
      <input_file id="fl-150">
         <path>C:\ti\TivaWare_C_Series-2.1.0.12573\examples\boards\ek-tm4c1294xl-boostxl-kentec-l35\grlib_demo\ccs\..\..\..\..\..\grlib\ccs\Debug\</path>
         <kind>archive</kind>
         <file>grlib.lib</file>
         <name>fontcmss14.obj</name>
      </input_file>
      <input_file id="fl-151">
         <path>C:\ti\TivaWare_C_Series-2.1.0.12573\examples\boards\ek-tm4c1294xl-boostxl-kentec-l35\grlib_demo\ccs\..\..\..\..\..\grlib\ccs\Debug\</path>
         <kind>archive</kind>
         <file>grlib.lib</file>
         <name>fontcmss12.obj</name>
      </input_file>
      <input_file id="fl-152">
         <path>C:\ti\TivaWare_C_Series-2.1.0.12573\examples\boards\ek-tm4c1294xl-boostxl-kentec-l35\grlib_demo\ccs\..\..\..\..\..\grlib\ccs\Debug\</path>
         <kind>archive</kind>
         <file>grlib.lib</file>
         <name>fontcm16.obj</name>
      </input_file>
      <input_file id="fl-153">
         <path>C:\ti\TivaWare_C_Series-2.1.0.12573\examples\boards\ek-tm4c1294xl-boostxl-kentec-l35\grlib_demo\ccs\..\..\..\..\..\grlib\ccs\Debug\</path>
         <kind>archive</kind>
         <file>grlib.lib</file>
         <name>fontcm14.obj</name>
      </input_file>
      <input_file id="fl-154">
         <path>C:\ti\TivaWare_C_Series-2.1.0.12573\examples\boards\ek-tm4c1294xl-boostxl-kentec-l35\grlib_demo\ccs\..\..\..\..\..\grlib\ccs\Debug\</path>
         <kind>archive</kind>
         <file>grlib.lib</file>
         <name>widget.obj</name>
      </input_file>
      <input_file id="fl-155">
         <path>C:\ti\TivaWare_C_Series-2.1.0.12573\examples\boards\ek-tm4c1294xl-boostxl-kentec-l35\grlib_demo\ccs\..\..\..\..\..\grlib\ccs\Debug\</path>
         <kind>archive</kind>
         <file>grlib.lib</file>
         <name>string.obj</name>
      </input_file>
      <input_file id="fl-156">
         <path>C:\ti\TivaWare_C_Series-2.1.0.12573\examples\boards\ek-tm4c1294xl-boostxl-kentec-l35\grlib_demo\ccs\..\..\..\..\..\grlib\ccs\Debug\</path>
         <kind>archive</kind>
         <file>grlib.lib</file>
         <name>rectangle.obj</name>
      </input_file>
      <input_file id="fl-157">
         <path>C:\ti\TivaWare_C_Series-2.1.0.12573\examples\boards\ek-tm4c1294xl-boostxl-kentec-l35\grlib_demo\ccs\..\..\..\..\..\grlib\ccs\Debug\</path>
         <kind>archive</kind>
         <file>grlib.lib</file>
         <name>radiobutton.obj</name>
      </input_file>
      <input_file id="fl-158">
         <path>C:\ti\TivaWare_C_Series-2.1.0.12573\examples\boards\ek-tm4c1294xl-boostxl-kentec-l35\grlib_demo\ccs\..\..\..\..\..\grlib\ccs\Debug\</path>
         <kind>archive</kind>
         <file>grlib.lib</file>
         <name>pushbutton.obj</name>
      </input_file>
      <input_file id="fl-159">
         <path>C:\ti\TivaWare_C_Series-2.1.0.12573\examples\boards\ek-tm4c1294xl-boostxl-kentec-l35\grlib_demo\ccs\..\..\..\..\..\grlib\ccs\Debug\</path>
         <kind>archive</kind>
         <file>grlib.lib</file>
         <name>line.obj</name>
      </input_file>
      <input_file id="fl-15a">
         <path>C:\ti\TivaWare_C_Series-2.1.0.12573\examples\boards\ek-tm4c1294xl-boostxl-kentec-l35\grlib_demo\ccs\..\..\..\..\..\grlib\ccs\Debug\</path>
         <kind>archive</kind>
         <file>grlib.lib</file>
         <name>image.obj</name>
      </input_file>
      <input_file id="fl-15b">
         <path>C:\ti\TivaWare_C_Series-2.1.0.12573\examples\boards\ek-tm4c1294xl-boostxl-kentec-l35\grlib_demo\ccs\..\..\..\..\..\grlib\ccs\Debug\</path>
         <kind>archive</kind>
         <file>grlib.lib</file>
         <name>context.obj</name>
      </input_file>
      <input_file id="fl-15c">
         <path>C:\ti\TivaWare_C_Series-2.1.0.12573\examples\boards\ek-tm4c1294xl-boostxl-kentec-l35\grlib_demo\ccs\..\..\..\..\..\grlib\ccs\Debug\</path>
         <kind>archive</kind>
         <file>grlib.lib</file>
         <name>container.obj</name>
      </input_file>
      <input_file id="fl-15d">
         <path>C:\ti\TivaWare_C_Series-2.1.0.12573\examples\boards\ek-tm4c1294xl-boostxl-kentec-l35\grlib_demo\ccs\..\..\..\..\..\grlib\ccs\Debug\</path>
         <kind>archive</kind>
         <file>grlib.lib</file>
         <name>circle.obj</name>
      </input_file>
      <input_file id="fl-15e">
         <path>C:\ti\TivaWare_C_Series-2.1.0.12573\examples\boards\ek-tm4c1294xl-boostxl-kentec-l35\grlib_demo\ccs\..\..\..\..\..\grlib\ccs\Debug\</path>
         <kind>archive</kind>
         <file>grlib.lib</file>
         <name>charmap.obj</name>
      </input_file>
      <input_file id="fl-15f">
         <path>C:\ti\TivaWare_C_Series-2.1.0.12573\examples\boards\ek-tm4c1294xl-boostxl-kentec-l35\grlib_demo\ccs\..\..\..\..\..\grlib\ccs\Debug\</path>
         <kind>archive</kind>
         <file>grlib.lib</file>
         <name>canvas.obj</name>
      </input_file>
   </input_file_list>
   <object_component_list>
      <object_component id="oc-e">
         <name>.intvecs</name>
         <load_address>0x0</load_address>
         <run_address>0x0</run_address>
         <size>0x200</size>
         <input_file_ref idref="fl-5"/>
      </object_component>
      <object_component id="oc-11b">
         <name>.text:main</name>
         <load_address>0x200</load_address>
         <run_address>0x200</run_address>
         <size>0x990</size>
         <input_file_ref idref="fl-2"/>
      </object_component>
      <object_component id="oc-1e9">
         <name>.text:setup</name>
         <load_address>0xb90</load_address>
         <run_address>0xb90</run_address>
         <size>0x48c</size>
         <input_file_ref idref="fl-2"/>
      </object_component>
      <object_component id="oc-4e7">
         <name>.text:InternalImageDraw</name>
         <load_address>0x101c</load_address>
         <run_address>0x101c</run_address>
         <size>0x38c</size>
         <input_file_ref idref="fl-15a"/>
      </object_component>
      <object_component id="oc-55c">
         <name>.text:PixelTransparentDraw</name>
         <load_address>0x13a8</load_address>
         <run_address>0x13a8</run_address>
         <size>0x2ce</size>
         <input_file_ref idref="fl-15a"/>
      </object_component>
      <object_component id="oc-35">
         <name>.text:FaultISR</name>
         <load_address>0x1676</load_address>
         <run_address>0x1676</run_address>
         <size>0x2</size>
         <input_file_ref idref="fl-5"/>
      </object_component>
      <object_component id="oc-1cb">
         <name>.text:Kentec320x240x16_SSD2119Init</name>
         <load_address>0x1678</load_address>
         <run_address>0x1678</run_address>
         <size>0x268</size>
         <input_file_ref idref="fl-9"/>
      </object_component>
      <object_component id="oc-473">
         <name>.text:GrFontGlyphRender</name>
         <load_address>0x18e0</load_address>
         <run_address>0x18e0</run_address>
         <size>0x266</size>
         <input_file_ref idref="fl-155"/>
      </object_component>
      <object_component id="oc-3b">
         <name>.text:IntDefaultHandler</name>
         <load_address>0x1b46</load_address>
         <run_address>0x1b46</run_address>
         <size>0x2</size>
         <input_file_ref idref="fl-5"/>
      </object_component>
      <object_component id="oc-1c5">
         <name>.text:SysCtlClockFreqSet</name>
         <load_address>0x1b48</load_address>
         <run_address>0x1b48</run_address>
         <size>0x1fc</size>
         <input_file_ref idref="fl-148"/>
      </object_component>
      <object_component id="oc-6c8">
         <name>.text:GrCircleDraw</name>
         <load_address>0x1d44</load_address>
         <run_address>0x1d44</run_address>
         <size>0x1fa</size>
         <input_file_ref idref="fl-15d"/>
      </object_component>
      <object_component id="oc-69e">
         <name>.text:RadioButtonPaint</name>
         <load_address>0x1f3e</load_address>
         <run_address>0x1f3e</run_address>
         <size>0x1b2</size>
         <input_file_ref idref="fl-157"/>
      </object_component>
      <object_component id="oc-27e">
         <name>.text:CanvasPaint</name>
         <load_address>0x20f0</load_address>
         <run_address>0x20f0</run_address>
         <size>0x188</size>
         <input_file_ref idref="fl-15f"/>
      </object_component>
      <object_component id="oc-257">
         <name>.text:Kentec320x240x16_SSD2119PixelDrawMultiple</name>
         <load_address>0x2278</load_address>
         <run_address>0x2278</run_address>
         <size>0x17c</size>
         <input_file_ref idref="fl-9"/>
      </object_component>
      <object_component id="oc-9b">
         <name>.text:TouchScreenDebouncer</name>
         <load_address>0x23f4</load_address>
         <run_address>0x23f4</run_address>
         <size>0x17c</size>
         <input_file_ref idref="fl-a"/>
      </object_component>
      <object_component id="oc-192">
         <name>.text:DWaveForm</name>
         <load_address>0x2570</load_address>
         <run_address>0x2570</run_address>
         <size>0x178</size>
         <input_file_ref idref="fl-2"/>
      </object_component>
      <object_component id="oc-2cc">
         <name>.text:InitGPIOLCDInterface</name>
         <load_address>0x26e8</load_address>
         <run_address>0x26e8</run_address>
         <size>0x170</size>
         <input_file_ref idref="fl-9"/>
      </object_component>
      <object_component id="oc-592">
         <name>.text:RectangularButtonPaint</name>
         <load_address>0x2858</load_address>
         <run_address>0x2858</run_address>
         <size>0x16e</size>
         <input_file_ref idref="fl-158"/>
      </object_component>
      <object_component id="oc-292">
         <name>.text:GrCircleFill</name>
         <load_address>0x29c6</load_address>
         <run_address>0x29c6</run_address>
         <size>0x146</size>
         <input_file_ref idref="fl-15d"/>
      </object_component>
      <object_component id="oc-65c">
         <name>.text:ContainerPaint</name>
         <load_address>0x2b0c</load_address>
         <run_address>0x2b0c</run_address>
         <size>0x144</size>
         <input_file_ref idref="fl-15c"/>
      </object_component>
      <object_component id="oc-447">
         <name>.text:GPIOPadConfigSet</name>
         <load_address>0x2c50</load_address>
         <run_address>0x2c50</run_address>
         <size>0x130</size>
         <input_file_ref idref="fl-14b"/>
      </object_component>
      <object_component id="oc-41">
         <name>.text:TouchScreenIntHandler</name>
         <load_address>0x2d80</load_address>
         <run_address>0x2d80</run_address>
         <size>0x12c</size>
         <input_file_ref idref="fl-a"/>
      </object_component>
      <object_component id="oc-1d7">
         <name>.text:TouchScreenInit</name>
         <load_address>0x2eac</load_address>
         <run_address>0x2eac</run_address>
         <size>0x124</size>
         <input_file_ref idref="fl-a"/>
      </object_component>
      <object_component id="oc-269">
         <name>.text:Kentec320x240x16_SSD2119RectFill</name>
         <load_address>0x2fd0</load_address>
         <run_address>0x2fd0</run_address>
         <size>0x118</size>
         <input_file_ref idref="fl-9"/>
      </object_component>
      <object_component id="oc-59">
         <name>.text:EPIIntHandler</name>
         <load_address>0x30e8</load_address>
         <run_address>0x30e8</run_address>
         <size>0x100</size>
         <input_file_ref idref="fl-2"/>
      </object_component>
      <object_component id="oc-6ac">
         <name>.text:GrLineDraw</name>
         <load_address>0x31e8</load_address>
         <run_address>0x31e8</run_address>
         <size>0x100</size>
         <input_file_ref idref="fl-159"/>
      </object_component>
      <object_component id="oc-68e">
         <name>.text:MinusTimeDiv</name>
         <load_address>0x32e8</load_address>
         <run_address>0x32e8</run_address>
         <size>0xf8</size>
         <input_file_ref idref="fl-2"/>
      </object_component>
      <object_component id="oc-683">
         <name>.text:MinusMagDivC2</name>
         <load_address>0x33e0</load_address>
         <run_address>0x33e0</run_address>
         <size>0xf0</size>
         <input_file_ref idref="fl-2"/>
      </object_component>
      <object_component id="oc-ad">
         <name>.text:WidgetMessageQueueAdd</name>
         <load_address>0x34d0</load_address>
         <run_address>0x34d0</run_address>
         <size>0xf0</size>
         <input_file_ref idref="fl-154"/>
      </object_component>
      <object_component id="oc-64c">
         <name>.text:AddTimeDiv</name>
         <load_address>0x35c0</load_address>
         <run_address>0x35c0</run_address>
         <size>0xec</size>
         <input_file_ref idref="fl-2"/>
      </object_component>
      <object_component id="oc-672">
         <name>.text:MinusMagDivC1</name>
         <load_address>0x36ac</load_address>
         <run_address>0x36ac</run_address>
         <size>0xec</size>
         <input_file_ref idref="fl-2"/>
      </object_component>
      <object_component id="oc-598">
         <name>.text:RectangularButtonClick</name>
         <load_address>0x3798</load_address>
         <run_address>0x3798</run_address>
         <size>0xec</size>
         <input_file_ref idref="fl-158"/>
      </object_component>
      <object_component id="oc-641">
         <name>.text:AddMagDivC2</name>
         <load_address>0x3884</load_address>
         <run_address>0x3884</run_address>
         <size>0xdc</size>
         <input_file_ref idref="fl-2"/>
      </object_component>
      <object_component id="oc-636">
         <name>.text:AddMagDivC1</name>
         <load_address>0x3960</load_address>
         <run_address>0x3960</run_address>
         <size>0xd8</size>
         <input_file_ref idref="fl-2"/>
      </object_component>
      <object_component id="oc-44e">
         <name>.text:WriteDataGPIO</name>
         <load_address>0x3a38</load_address>
         <run_address>0x3a38</run_address>
         <size>0xd0</size>
         <input_file_ref idref="fl-9"/>
      </object_component>
      <object_component id="oc-2d7">
         <name>.text:GrDefaultStringRenderer</name>
         <load_address>0x3b08</load_address>
         <run_address>0x3b08</run_address>
         <size>0xca</size>
         <input_file_ref idref="fl-155"/>
      </object_component>
      <object_component id="oc-275">
         <name>.text:Kentec320x240x16_SSD2119Flush</name>
         <load_address>0x3bd2</load_address>
         <run_address>0x3bd2</run_address>
         <size>0x2</size>
         <input_file_ref idref="fl-9"/>
      </object_component>
      <object_component id="oc-454">
         <name>.text:WriteCommandGPIO</name>
         <load_address>0x3bd4</load_address>
         <run_address>0x3bd4</run_address>
         <size>0xc8</size>
         <input_file_ref idref="fl-9"/>
      </object_component>
      <object_component id="oc-6d7">
         <name>.text:GrLineClip</name>
         <load_address>0x3c9c</load_address>
         <run_address>0x3c9c</run_address>
         <size>0xbc</size>
         <input_file_ref idref="fl-159"/>
      </object_component>
      <object_component id="oc-182">
         <name>.text:WidgetMessageSendPostOrder</name>
         <load_address>0x3d58</load_address>
         <run_address>0x3d58</run_address>
         <size>0xb0</size>
         <input_file_ref idref="fl-154"/>
      </object_component>
      <object_component id="oc-77">
         <name>.text</name>
         <load_address>0x3e08</load_address>
         <run_address>0x3e08</run_address>
         <size>0x9c</size>
         <input_file_ref idref="fl-13f"/>
      </object_component>
      <object_component id="oc-67a">
         <name>.text:SetupVoltageDivision</name>
         <load_address>0x3ea4</load_address>
         <run_address>0x3ea4</run_address>
         <size>0x98</size>
         <input_file_ref idref="fl-2"/>
      </object_component>
      <object_component id="oc-62">
         <name>.text</name>
         <load_address>0x3f3c</load_address>
         <run_address>0x3f3c</run_address>
         <size>0x94</size>
         <input_file_ref idref="fl-144"/>
      </object_component>
      <object_component id="oc-6a4">
         <name>.text:RadioButtonClick</name>
         <load_address>0x3fd0</load_address>
         <run_address>0x3fd0</run_address>
         <size>0x8c</size>
         <input_file_ref idref="fl-157"/>
      </object_component>
      <object_component id="oc-3eb">
         <name>.text:GrRectFill</name>
         <load_address>0x405c</load_address>
         <run_address>0x405c</run_address>
         <size>0x86</size>
         <input_file_ref idref="fl-156"/>
      </object_component>
      <object_component id="oc-2f1">
         <name>.text:ADCSequenceStepConfigure</name>
         <load_address>0x40e2</load_address>
         <run_address>0x40e2</run_address>
         <size>0x80</size>
         <input_file_ref idref="fl-14f"/>
      </object_component>
      <object_component id="oc-2f">
         <name>.text:NmiSR</name>
         <load_address>0x4162</load_address>
         <run_address>0x4162</run_address>
         <size>0x2</size>
         <input_file_ref idref="fl-5"/>
      </object_component>
      <object_component id="oc-5a6">
         <name>.text:ClrMyWidget</name>
         <load_address>0x4164</load_address>
         <run_address>0x4164</run_address>
         <size>0x80</size>
         <input_file_ref idref="fl-2"/>
      </object_component>
      <object_component id="oc-25d">
         <name>.text:Kentec320x240x16_SSD2119LineDrawH</name>
         <load_address>0x41e4</load_address>
         <run_address>0x41e4</run_address>
         <size>0x80</size>
         <input_file_ref idref="fl-9"/>
      </object_component>
      <object_component id="oc-e0">
         <name>.text:uDMAChannelTransferSet</name>
         <load_address>0x4264</load_address>
         <run_address>0x4264</run_address>
         <size>0x80</size>
         <input_file_ref idref="fl-146"/>
      </object_component>
      <object_component id="oc-263">
         <name>.text:Kentec320x240x16_SSD2119LineDrawV</name>
         <load_address>0x42e4</load_address>
         <run_address>0x42e4</run_address>
         <size>0x7c</size>
         <input_file_ref idref="fl-9"/>
      </object_component>
      <object_component id="oc-403">
         <name>.text:GrStringWidthGet</name>
         <load_address>0x4360</load_address>
         <run_address>0x4360</run_address>
         <size>0x6a</size>
         <input_file_ref idref="fl-155"/>
      </object_component>
      <object_component id="oc-4d">
         <name>.text:Timer1IntHandler</name>
         <load_address>0x43ca</load_address>
         <run_address>0x43ca</run_address>
         <size>0x2</size>
         <input_file_ref idref="fl-2"/>
      </object_component>
      <object_component id="oc-34c">
         <name>.text:InitSWTransfer</name>
         <load_address>0x43cc</load_address>
         <run_address>0x43cc</run_address>
         <size>0x68</size>
         <input_file_ref idref="fl-2"/>
      </object_component>
      <object_component id="oc-696">
         <name>.text:SetupTimeDivision</name>
         <load_address>0x4434</load_address>
         <run_address>0x4434</run_address>
         <size>0x68</size>
         <input_file_ref idref="fl-2"/>
      </object_component>
      <object_component id="oc-3f1">
         <name>.text:GrRectDraw</name>
         <load_address>0x449c</load_address>
         <run_address>0x449c</run_address>
         <size>0x66</size>
         <input_file_ref idref="fl-156"/>
      </object_component>
      <object_component id="oc-1d1">
         <name>.text:GrContextInit</name>
         <load_address>0x4504</load_address>
         <run_address>0x4504</run_address>
         <size>0x64</size>
         <input_file_ref idref="fl-15b"/>
      </object_component>
      <object_component id="oc-b3">
         <name>.text:WidgetMessageQueueProcess</name>
         <load_address>0x4568</load_address>
         <run_address>0x4568</run_address>
         <size>0x64</size>
         <input_file_ref idref="fl-154"/>
      </object_component>
      <object_component id="oc-3e5">
         <name>.text:GrContextClipRegionSet</name>
         <load_address>0x45cc</load_address>
         <run_address>0x45cc</run_address>
         <size>0x62</size>
         <input_file_ref idref="fl-15b"/>
      </object_component>
      <object_component id="oc-303">
         <name>.text:IntEnable</name>
         <load_address>0x4630</load_address>
         <run_address>0x4630</run_address>
         <size>0x60</size>
         <input_file_ref idref="fl-14a"/>
      </object_component>
      <object_component id="oc-8a">
         <name>.text</name>
         <load_address>0x4690</load_address>
         <run_address>0x4690</run_address>
         <size>0x5e</size>
         <input_file_ref idref="fl-13b"/>
      </object_component>
      <object_component id="oc-505">
         <name>.text:FontWideGlyphDataGet</name>
         <load_address>0x46ee</load_address>
         <run_address>0x46ee</run_address>
         <size>0x5c</size>
         <input_file_ref idref="fl-155"/>
      </object_component>
      <object_component id="oc-315">
         <name>.text:TimerConfigure</name>
         <load_address>0x474c</load_address>
         <run_address>0x474c</run_address>
         <size>0x5c</size>
         <input_file_ref idref="fl-147"/>
      </object_component>
      <object_component id="oc-251">
         <name>.text:Kentec320x240x16_SSD2119PixelDraw</name>
         <load_address>0x47a8</load_address>
         <run_address>0x47a8</run_address>
         <size>0x58</size>
         <input_file_ref idref="fl-9"/>
      </object_component>
      <object_component id="oc-321">
         <name>.text:TimerControlTrigger</name>
         <load_address>0x4800</load_address>
         <run_address>0x4800</run_address>
         <size>0x58</size>
         <input_file_ref idref="fl-147"/>
      </object_component>
      <object_component id="oc-17c">
         <name>.text:WidgetMessageSendPreOrder</name>
         <load_address>0x4858</load_address>
         <run_address>0x4858</run_address>
         <size>0x56</size>
         <input_file_ref idref="fl-154"/>
      </object_component>
      <object_component id="oc-5ee">
         <name>.text:WidgetRemove</name>
         <load_address>0x48b0</load_address>
         <run_address>0x48b0</run_address>
         <size>0x4c</size>
         <input_file_ref idref="fl-154"/>
      </object_component>
      <object_component id="oc-4ef">
         <name>.text:UpdateContextCharMapping</name>
         <load_address>0x48fc</load_address>
         <run_address>0x48fc</run_address>
         <size>0x4a</size>
         <input_file_ref idref="fl-155"/>
      </object_component>
      <object_component id="oc-352">
         <name>.text:GPIOPinConfigure</name>
         <load_address>0x4948</load_address>
         <run_address>0x4948</run_address>
         <size>0x48</size>
         <input_file_ref idref="fl-14b"/>
      </object_component>
      <object_component id="oc-2b5">
         <name>.text:_SysCtlFrequencyGet</name>
         <load_address>0x4990</load_address>
         <run_address>0x4990</run_address>
         <size>0x48</size>
         <input_file_ref idref="fl-148"/>
      </object_component>
      <object_component id="oc-11">
         <name>.text</name>
         <load_address>0x49d8</load_address>
         <run_address>0x49d8</run_address>
         <size>0x48</size>
         <input_file_ref idref="fl-139"/>
      </object_component>
      <object_component id="oc-4a3">
         <name>.text:uDMAChannelAttributeDisable</name>
         <load_address>0x4a20</load_address>
         <run_address>0x4a20</run_address>
         <size>0x48</size>
         <input_file_ref idref="fl-146"/>
      </object_component>
      <object_component id="oc-4a9">
         <name>.text:uDMAChannelAttributeEnable</name>
         <load_address>0x4a68</load_address>
         <run_address>0x4a68</run_address>
         <size>0x48</size>
         <input_file_ref idref="fl-146"/>
      </object_component>
      <object_component id="oc-424">
         <name>.text:GrLineDrawH</name>
         <load_address>0x4ab0</load_address>
         <run_address>0x4ab0</run_address>
         <size>0x46</size>
         <input_file_ref idref="fl-159"/>
      </object_component>
      <object_component id="oc-4e0">
         <name>.text:GrLineDrawV</name>
         <load_address>0x4af6</load_address>
         <run_address>0x4af6</run_address>
         <size>0x46</size>
         <input_file_ref idref="fl-159"/>
      </object_component>
      <object_component id="oc-114">
         <name>.text</name>
         <load_address>0x4b3c</load_address>
         <run_address>0x4b3c</run_address>
         <size>0x44</size>
         <input_file_ref idref="fl-145"/>
      </object_component>
      <object_component id="oc-6d">
         <name>.text</name>
         <load_address>0x4b80</load_address>
         <run_address>0x4b80</run_address>
         <size>0x44</size>
         <input_file_ref idref="fl-13d"/>
      </object_component>
      <object_component id="oc-53c">
         <name>.text:AddMinusFunctionC1</name>
         <load_address>0x4bc4</load_address>
         <run_address>0x4bc4</run_address>
         <size>0x40</size>
         <input_file_ref idref="fl-2"/>
      </object_component>
      <object_component id="oc-542">
         <name>.text:AddMinusFunctionC2</name>
         <load_address>0x4c04</load_address>
         <run_address>0x4c04</run_address>
         <size>0x40</size>
         <input_file_ref idref="fl-2"/>
      </object_component>
      <object_component id="oc-548">
         <name>.text:AddMinusFunctionTime</name>
         <load_address>0x4c44</load_address>
         <run_address>0x4c44</run_address>
         <size>0x40</size>
         <input_file_ref idref="fl-2"/>
      </object_component>
      <object_component id="oc-575">
         <name>.text:DRadioFreMagnitudeC1</name>
         <load_address>0x4c84</load_address>
         <run_address>0x4c84</run_address>
         <size>0x40</size>
         <input_file_ref idref="fl-2"/>
      </object_component>
      <object_component id="oc-57b">
         <name>.text:DRadioFreMagnitudeC2</name>
         <load_address>0x4cc4</load_address>
         <run_address>0x4cc4</run_address>
         <size>0x40</size>
         <input_file_ref idref="fl-2"/>
      </object_component>
      <object_component id="oc-551">
         <name>.text:DRadioMenu</name>
         <load_address>0x4d04</load_address>
         <run_address>0x4d04</run_address>
         <size>0x40</size>
         <input_file_ref idref="fl-2"/>
      </object_component>
      <object_component id="oc-581">
         <name>.text:DRadioVolMagnitudeC1</name>
         <load_address>0x4d44</load_address>
         <run_address>0x4d44</run_address>
         <size>0x40</size>
         <input_file_ref idref="fl-2"/>
      </object_component>
      <object_component id="oc-587">
         <name>.text:DRadioVolMagnitudeC2</name>
         <load_address>0x4d84</load_address>
         <run_address>0x4d84</run_address>
         <size>0x40</size>
         <input_file_ref idref="fl-2"/>
      </object_component>
      <object_component id="oc-2eb">
         <name>.text:ADCSequenceConfigure</name>
         <load_address>0x4dc4</load_address>
         <run_address>0x4dc4</run_address>
         <size>0x3e</size>
         <input_file_ref idref="fl-14f"/>
      </object_component>
      <object_component id="oc-50b">
         <name>.text:FontGlyphDataGet</name>
         <load_address>0x4e02</load_address>
         <run_address>0x4e02</run_address>
         <size>0x3a</size>
         <input_file_ref idref="fl-155"/>
      </object_component>
      <object_component id="oc-6df">
         <name>.text:GrClipCodeGet</name>
         <load_address>0x4e3c</load_address>
         <run_address>0x4e3c</run_address>
         <size>0x36</size>
         <input_file_ref idref="fl-159"/>
      </object_component>
      <object_component id="oc-2c6">
         <name>.text:SysCtlPeripheralEnable</name>
         <load_address>0x4e74</load_address>
         <run_address>0x4e74</run_address>
         <size>0x34</size>
         <input_file_ref idref="fl-148"/>
      </object_component>
      <object_component id="oc-334">
         <name>.text:SysCtlPeripheralSleepEnable</name>
         <load_address>0x4ea8</load_address>
         <run_address>0x4ea8</run_address>
         <size>0x34</size>
         <input_file_ref idref="fl-148"/>
      </object_component>
      <object_component id="oc-346">
         <name>.text:uDMAChannelAssign</name>
         <load_address>0x4edc</load_address>
         <run_address>0x4edc</run_address>
         <size>0x2c</size>
         <input_file_ref idref="fl-146"/>
      </object_component>
      <object_component id="oc-492">
         <name>.text:GPIODirModeSet</name>
         <load_address>0x4f08</load_address>
         <run_address>0x4f08</run_address>
         <size>0x2a</size>
         <input_file_ref idref="fl-14b"/>
      </object_component>
      <object_component id="oc-5db">
         <name>.text:GrFontBaselineGet</name>
         <load_address>0x4f32</load_address>
         <run_address>0x4f32</run_address>
         <size>0x2a</size>
         <input_file_ref idref="fl-155"/>
      </object_component>
      <object_component id="oc-409">
         <name>.text:GrFontHeightGet</name>
         <load_address>0x4f5c</load_address>
         <run_address>0x4f5c</run_address>
         <size>0x2a</size>
         <input_file_ref idref="fl-155"/>
      </object_component>
      <object_component id="oc-467">
         <name>.text:GrStringNextCharGet</name>
         <load_address>0x4f86</load_address>
         <run_address>0x4f86</run_address>
         <size>0x2a</size>
         <input_file_ref idref="fl-155"/>
      </object_component>
      <object_component id="oc-24a">
         <name>.text:WidgetIsInTree</name>
         <load_address>0x4fb0</load_address>
         <run_address>0x4fb0</run_address>
         <size>0x2a</size>
         <input_file_ref idref="fl-154"/>
      </object_component>
      <object_component id="oc-47">
         <name>.text:Timer0IntHandler</name>
         <load_address>0x4fdc</load_address>
         <run_address>0x4fdc</run_address>
         <size>0x28</size>
         <input_file_ref idref="fl-2"/>
      </object_component>
      <object_component id="oc-461">
         <name>.text:GrFontInfoGet</name>
         <load_address>0x5004</load_address>
         <run_address>0x5004</run_address>
         <size>0x26</size>
         <input_file_ref idref="fl-155"/>
      </object_component>
      <object_component id="oc-654">
         <name>.text:RadioButtonMsgProc</name>
         <load_address>0x502a</load_address>
         <run_address>0x502a</run_address>
         <size>0x24</size>
         <input_file_ref idref="fl-157"/>
      </object_component>
      <object_component id="oc-1e3">
         <name>.text:WidgetAdd</name>
         <load_address>0x504e</load_address>
         <run_address>0x504e</run_address>
         <size>0x24</size>
         <input_file_ref idref="fl-154"/>
      </object_component>
      <object_component id="oc-4af">
         <name>.text:uDMAChannelControlSet</name>
         <load_address>0x5074</load_address>
         <run_address>0x5074</run_address>
         <size>0x24</size>
         <input_file_ref idref="fl-146"/>
      </object_component>
      <object_component id="oc-46d">
         <name>.text:GrFontGlyphDataGet</name>
         <load_address>0x5098</load_address>
         <run_address>0x5098</run_address>
         <size>0x22</size>
         <input_file_ref idref="fl-155"/>
      </object_component>
      <object_component id="oc-382">
         <name>.text:PWMGenConfigure</name>
         <load_address>0x50ba</load_address>
         <run_address>0x50ba</run_address>
         <size>0x22</size>
         <input_file_ref idref="fl-149"/>
      </object_component>
      <object_component id="oc-532">
         <name>.text:RectangularButtonMsgProc</name>
         <load_address>0x50dc</load_address>
         <run_address>0x50dc</run_address>
         <size>0x22</size>
         <input_file_ref idref="fl-158"/>
      </object_component>
      <object_component id="oc-568">
         <name>.text:GrFontCodepageGet</name>
         <load_address>0x50fe</load_address>
         <run_address>0x50fe</run_address>
         <size>0x1e</size>
         <input_file_ref idref="fl-155"/>
      </object_component>
      <object_component id="oc-38e">
         <name>.text:PWMPulseWidthSet</name>
         <load_address>0x511c</load_address>
         <run_address>0x511c</run_address>
         <size>0x1e</size>
         <input_file_ref idref="fl-149"/>
      </object_component>
      <object_component id="oc-441">
         <name>.text:SysCtlGPIOAHBEnable</name>
         <load_address>0x513c</load_address>
         <run_address>0x513c</run_address>
         <size>0x1c</size>
         <input_file_ref idref="fl-148"/>
      </object_component>
      <object_component id="oc-1f6">
         <name>.text:WidgetPointerMessage</name>
         <load_address>0x5158</load_address>
         <run_address>0x5158</run_address>
         <size>0x1c</size>
         <input_file_ref idref="fl-154"/>
      </object_component>
      <object_component id="oc-2af">
         <name>.text:_SysCtlMemTimingGet</name>
         <load_address>0x5174</load_address>
         <run_address>0x5174</run_address>
         <size>0x1c</size>
         <input_file_ref idref="fl-148"/>
      </object_component>
      <object_component id="oc-53">
         <name>.text:uDMAErrorHandler</name>
         <load_address>0x5190</load_address>
         <run_address>0x5190</run_address>
         <size>0x1c</size>
         <input_file_ref idref="fl-2"/>
      </object_component>
      <object_component id="oc-309">
         <name>.text:GPIOPinTypeGPIOOutput</name>
         <load_address>0x51ac</load_address>
         <run_address>0x51ac</run_address>
         <size>0x18</size>
         <input_file_ref idref="fl-14b"/>
      </object_component>
      <object_component id="oc-67">
         <name>.text</name>
         <load_address>0x51c4</load_address>
         <run_address>0x51c4</run_address>
         <size>0x18</size>
         <input_file_ref idref="fl-143"/>
      </object_component>
      <object_component id="oc-e6">
         <name>.text:uDMAChannelEnable</name>
         <load_address>0x51dc</load_address>
         <run_address>0x51dc</run_address>
         <size>0x18</size>
         <input_file_ref idref="fl-146"/>
      </object_component>
      <object_component id="oc-26f">
         <name>.text:Kentec320x240x16_SSD2119ColorTranslate</name>
         <load_address>0x51f4</load_address>
         <run_address>0x51f4</run_address>
         <size>0x16</size>
         <input_file_ref idref="fl-9"/>
      </object_component>
      <object_component id="oc-18c">
         <name>.text:CanvasMsgProc</name>
         <load_address>0x520a</load_address>
         <run_address>0x520a</run_address>
         <size>0x14</size>
         <input_file_ref idref="fl-15f"/>
      </object_component>
      <object_component id="oc-60b">
         <name>.text:ContainerMsgProc</name>
         <load_address>0x521e</load_address>
         <run_address>0x521e</run_address>
         <size>0x14</size>
         <input_file_ref idref="fl-15c"/>
      </object_component>
      <object_component id="oc-37c">
         <name>.text:SysCtlPWMClockSet</name>
         <load_address>0x5234</load_address>
         <run_address>0x5234</run_address>
         <size>0x14</size>
         <input_file_ref idref="fl-148"/>
      </object_component>
      <object_component id="oc-163">
         <name>.text:WidgetMutexGet</name>
         <load_address>0x5248</load_address>
         <run_address>0x5248</run_address>
         <size>0x14</size>
         <input_file_ref idref="fl-154"/>
      </object_component>
      <object_component id="oc-219">
         <name>.text</name>
         <load_address>0x525c</load_address>
         <run_address>0x525c</run_address>
         <size>0x14</size>
         <input_file_ref idref="fl-142"/>
      </object_component>
      <object_component id="oc-2e5">
         <name>.text:ADCHardwareOversampleConfigure</name>
         <load_address>0x5270</load_address>
         <run_address>0x5270</run_address>
         <size>0x12</size>
         <input_file_ref idref="fl-14f"/>
      </object_component>
      <object_component id="oc-358">
         <name>.text:GPIOPinTypeEPI</name>
         <load_address>0x5282</load_address>
         <run_address>0x5282</run_address>
         <size>0x12</size>
         <input_file_ref idref="fl-14b"/>
      </object_component>
      <object_component id="oc-35e">
         <name>.text:GPIOPinTypeGPIOInput</name>
         <load_address>0x5294</load_address>
         <run_address>0x5294</run_address>
         <size>0x12</size>
         <input_file_ref idref="fl-14b"/>
      </object_component>
      <object_component id="oc-36a">
         <name>.text:GPIOPinTypePWM</name>
         <load_address>0x52a6</load_address>
         <run_address>0x52a6</run_address>
         <size>0x12</size>
         <input_file_ref idref="fl-14b"/>
      </object_component>
      <object_component id="oc-40f">
         <name>.text:GrStringDraw</name>
         <load_address>0x52b8</load_address>
         <run_address>0x52b8</run_address>
         <size>0x12</size>
         <input_file_ref idref="fl-155"/>
      </object_component>
      <object_component id="oc-39a">
         <name>.text:PWMOutputState</name>
         <load_address>0x52ca</load_address>
         <run_address>0x52ca</run_address>
         <size>0x12</size>
         <input_file_ref idref="fl-149"/>
      </object_component>
      <object_component id="oc-31b">
         <name>.text:TimerLoadSet</name>
         <load_address>0x52dc</load_address>
         <run_address>0x52dc</run_address>
         <size>0x12</size>
         <input_file_ref idref="fl-147"/>
      </object_component>
      <object_component id="oc-1c">
         <name>.text:decompress:ZI</name>
         <load_address>0x52ee</load_address>
         <run_address>0x52ee</run_address>
         <size>0x12</size>
         <input_file_ref idref="fl-13c"/>
      </object_component>
      <object_component id="oc-2fd">
         <name>.text:ADCIntEnable</name>
         <load_address>0x5300</load_address>
         <run_address>0x5300</run_address>
         <size>0x10</size>
         <input_file_ref idref="fl-14f"/>
      </object_component>
      <object_component id="oc-28c">
         <name>.text:FPUEnable</name>
         <load_address>0x5310</load_address>
         <run_address>0x5310</run_address>
         <size>0x10</size>
         <input_file_ref idref="fl-14c"/>
      </object_component>
      <object_component id="oc-286">
         <name>.text:FPULazyStackingEnable</name>
         <load_address>0x5320</load_address>
         <run_address>0x5320</run_address>
         <size>0x10</size>
         <input_file_ref idref="fl-14c"/>
      </object_component>
      <object_component id="oc-388">
         <name>.text:PWMGenPeriodSet</name>
         <load_address>0x5330</load_address>
         <run_address>0x5330</run_address>
         <size>0x10</size>
         <input_file_ref idref="fl-149"/>
      </object_component>
      <object_component id="oc-33a">
         <name>.text:uDMAEnable</name>
         <load_address>0x5340</load_address>
         <run_address>0x5340</run_address>
         <size>0x10</size>
         <input_file_ref idref="fl-146"/>
      </object_component>
      <object_component id="oc-2f7">
         <name>.text:ADCSequenceEnable</name>
         <load_address>0x5350</load_address>
         <run_address>0x5350</run_address>
         <size>0xe</size>
         <input_file_ref idref="fl-14f"/>
      </object_component>
      <object_component id="oc-ce">
         <name>.text:EPIIntStatus</name>
         <load_address>0x535e</load_address>
         <run_address>0x535e</run_address>
         <size>0xe</size>
         <input_file_ref idref="fl-14d"/>
      </object_component>
      <object_component id="oc-3f7">
         <name>.text:GrImageDraw</name>
         <load_address>0x536c</load_address>
         <run_address>0x536c</run_address>
         <size>0xe</size>
         <input_file_ref idref="fl-15a"/>
      </object_component>
      <object_component id="oc-327">
         <name>.text:TimerEnable</name>
         <load_address>0x537a</load_address>
         <run_address>0x537a</run_address>
         <size>0xe</size>
         <input_file_ref idref="fl-147"/>
      </object_component>
      <object_component id="oc-16">
         <name>.text:decompress:none</name>
         <load_address>0x5388</load_address>
         <run_address>0x5388</run_address>
         <size>0xe</size>
         <input_file_ref idref="fl-13a"/>
      </object_component>
      <object_component id="oc-4c0">
         <name>.text:CPUcpsie</name>
         <load_address>0x5396</load_address>
         <run_address>0x5396</run_address>
         <size>0xc</size>
         <input_file_ref idref="fl-14e"/>
      </object_component>
      <object_component id="oc-3ac">
         <name>.text:EPIConfigGPModeSet</name>
         <load_address>0x53a2</load_address>
         <run_address>0x53a2</run_address>
         <size>0xc</size>
         <input_file_ref idref="fl-14d"/>
      </object_component>
      <object_component id="oc-3b8">
         <name>.text:EPIIntEnable</name>
         <load_address>0x53ae</load_address>
         <run_address>0x53ae</run_address>
         <size>0xc</size>
         <input_file_ref idref="fl-14d"/>
      </object_component>
      <object_component id="oc-394">
         <name>.text:PWMGenEnable</name>
         <load_address>0x53ba</load_address>
         <run_address>0x53ba</run_address>
         <size>0xc</size>
         <input_file_ref idref="fl-149"/>
      </object_component>
      <object_component id="oc-1dd">
         <name>.text:TouchScreenCallbackSet</name>
         <load_address>0x53c8</load_address>
         <run_address>0x53c8</run_address>
         <size>0xc</size>
         <input_file_ref idref="fl-a"/>
      </object_component>
      <object_component id="oc-340">
         <name>.text:uDMAControlBaseSet</name>
         <load_address>0x53d4</load_address>
         <run_address>0x53d4</run_address>
         <size>0xc</size>
         <input_file_ref idref="fl-146"/>
      </object_component>
      <object_component id="oc-c4">
         <name>.text:uDMAErrorStatusClear</name>
         <load_address>0x53e0</load_address>
         <run_address>0x53e0</run_address>
         <size>0xc</size>
         <input_file_ref idref="fl-146"/>
      </object_component>
      <object_component id="oc-be">
         <name>.text:uDMAErrorStatusGet</name>
         <load_address>0x53ec</load_address>
         <run_address>0x53ec</run_address>
         <size>0xc</size>
         <input_file_ref idref="fl-146"/>
      </object_component>
      <object_component id="oc-d4">
         <name>.text:uDMAIntClear</name>
         <load_address>0x53f8</load_address>
         <run_address>0x53f8</run_address>
         <size>0xc</size>
         <input_file_ref idref="fl-146"/>
      </object_component>
      <object_component id="oc-ec">
         <name>.text:EPINonBlockingReadConfigure</name>
         <load_address>0x5404</load_address>
         <run_address>0x5404</run_address>
         <size>0xa</size>
         <input_file_ref idref="fl-14d"/>
      </object_component>
      <object_component id="oc-376">
         <name>.text:IntMasterEnable</name>
         <load_address>0x540e</load_address>
         <run_address>0x540e</run_address>
         <size>0xa</size>
         <input_file_ref idref="fl-14a"/>
      </object_component>
      <object_component id="oc-f2">
         <name>.text:EPINonBlockingReadStart</name>
         <load_address>0x5418</load_address>
         <run_address>0x5418</run_address>
         <size>0x8</size>
         <input_file_ref idref="fl-14d"/>
      </object_component>
      <object_component id="oc-47b">
         <name>.text:GrMapISO8859_1_Unicode</name>
         <load_address>0x5420</load_address>
         <run_address>0x5420</run_address>
         <size>0x8</size>
         <input_file_ref idref="fl-15e"/>
      </object_component>
      <object_component id="oc-370">
         <name>.text:TimerIntEnable</name>
         <load_address>0x5428</load_address>
         <run_address>0x5428</run_address>
         <size>0x8</size>
         <input_file_ref idref="fl-147"/>
      </object_component>
      <object_component id="oc-3b2">
         <name>.text:EPIFIFOConfig</name>
         <load_address>0x5430</load_address>
         <run_address>0x5430</run_address>
         <size>0x6</size>
         <input_file_ref idref="fl-14d"/>
      </object_component>
      <object_component id="oc-da">
         <name>.text:EPIIntErrorClear</name>
         <load_address>0x5436</load_address>
         <run_address>0x5436</run_address>
         <size>0x6</size>
         <input_file_ref idref="fl-14d"/>
      </object_component>
      <object_component id="oc-30f">
         <name>.text:GPIOPinWrite</name>
         <load_address>0x543c</load_address>
         <run_address>0x543c</run_address>
         <size>0x6</size>
         <input_file_ref idref="fl-14b"/>
      </object_component>
      <object_component id="oc-3fd">
         <name>.text:GrContextFontSet</name>
         <load_address>0x5442</load_address>
         <run_address>0x5442</run_address>
         <size>0x6</size>
         <input_file_ref idref="fl-155"/>
      </object_component>
      <object_component id="oc-29">
         <name>.text:ResetISR</name>
         <load_address>0x5448</load_address>
         <run_address>0x5448</run_address>
         <size>0x6</size>
         <input_file_ref idref="fl-5"/>
      </object_component>
      <object_component id="oc-2d2">
         <name>.text:SysCtlDelay</name>
         <load_address>0x544e</load_address>
         <run_address>0x544e</run_address>
         <size>0x6</size>
         <input_file_ref idref="fl-148"/>
      </object_component>
      <object_component id="oc-164">
         <name>.text:WidgetMutexPut</name>
         <load_address>0x5454</load_address>
         <run_address>0x5454</run_address>
         <size>0x6</size>
         <input_file_ref idref="fl-154"/>
      </object_component>
      <object_component id="oc-22">
         <name>.text:decompress:rle24</name>
         <load_address>0x545a</load_address>
         <run_address>0x545a</run_address>
         <size>0x6</size>
         <input_file_ref idref="fl-13b"/>
      </object_component>
      <object_component id="oc-3a6">
         <name>.text:EPIAddressMapSet</name>
         <load_address>0x5460</load_address>
         <run_address>0x5460</run_address>
         <size>0x4</size>
         <input_file_ref idref="fl-14d"/>
      </object_component>
      <object_component id="oc-3a0">
         <name>.text:EPIDividerSet</name>
         <load_address>0x5464</load_address>
         <run_address>0x5464</run_address>
         <size>0x4</size>
         <input_file_ref idref="fl-14d"/>
      </object_component>
      <object_component id="oc-364">
         <name>.text:EPIModeSet</name>
         <load_address>0x5468</load_address>
         <run_address>0x5468</run_address>
         <size>0x4</size>
         <input_file_ref idref="fl-14d"/>
      </object_component>
      <object_component id="oc-a7">
         <name>.text:TimerIntClear</name>
         <load_address>0x546c</load_address>
         <run_address>0x546c</run_address>
         <size>0x4</size>
         <input_file_ref idref="fl-147"/>
      </object_component>
      <object_component id="oc-22e">
         <name>.text:WidgetDefaultMsgProc</name>
         <load_address>0x5470</load_address>
         <run_address>0x5470</run_address>
         <size>0x4</size>
         <input_file_ref idref="fl-154"/>
      </object_component>
      <object_component id="oc-5b8">
         <name>.const:.string:g_pui8Cm16Data</name>
         <load_address>0x5474</load_address>
         <run_address>0x5474</run_address>
         <size>0x759</size>
         <input_file_ref idref="fl-152"/>
      </object_component>
      <object_component id="oc-664">
         <name>.const:.string:g_pui8Cm14Data</name>
         <load_address>0x5bd0</load_address>
         <run_address>0x5bd0</run_address>
         <size>0x65a</size>
         <input_file_ref idref="fl-153"/>
      </object_component>
      <object_component id="oc-5d6">
         <name>.const:.string:g_pui8Cmss14Data</name>
         <load_address>0x622c</load_address>
         <run_address>0x622c</run_address>
         <size>0x609</size>
         <input_file_ref idref="fl-150"/>
      </object_component>
      <object_component id="oc-5a0">
         <name>.const:.string:g_pui8Cmss12Data</name>
         <load_address>0x6838</load_address>
         <run_address>0x6838</run_address>
         <size>0x514</size>
         <input_file_ref idref="fl-151"/>
      </object_component>
      <object_component id="oc-2be">
         <name>.const:g_pppui32XTALtoVCO</name>
         <load_address>0x6d4c</load_address>
         <run_address>0x6d4c</run_address>
         <size>0x120</size>
         <input_file_ref idref="fl-148"/>
      </object_component>
      <object_component id="oc-611">
         <name>.const:g_sFontCm14</name>
         <load_address>0x6e6c</load_address>
         <run_address>0x6e6c</run_address>
         <size>0xc8</size>
         <input_file_ref idref="fl-153"/>
      </object_component>
      <object_component id="oc-54e">
         <name>.const:g_sFontCm16</name>
         <load_address>0x6f34</load_address>
         <run_address>0x6f34</run_address>
         <size>0xc8</size>
         <input_file_ref idref="fl-152"/>
      </object_component>
      <object_component id="oc-538">
         <name>.const:g_sFontCmss12</name>
         <load_address>0x6ffc</load_address>
         <run_address>0x6ffc</run_address>
         <size>0xc8</size>
         <input_file_ref idref="fl-151"/>
      </object_component>
      <object_component id="oc-58d">
         <name>.const:g_sFontCmss14</name>
         <load_address>0x70c4</load_address>
         <run_address>0x70c4</run_address>
         <size>0xc8</size>
         <input_file_ref idref="fl-150"/>
      </object_component>
      <object_component id="oc-4b7">
         <name>.const:g_pui32GPIOBaseAddrs</name>
         <load_address>0x718c</load_address>
         <run_address>0x718c</run_address>
         <size>0x90</size>
         <input_file_ref idref="fl-14b"/>
      </object_component>
      <object_component id="oc-53b">
         <name>.const:.string</name>
         <load_address>0x721c</load_address>
         <run_address>0x721c</run_address>
         <size>0x8c</size>
         <input_file_ref idref="fl-2"/>
      </object_component>
      <object_component id="oc-48d">
         <name>.const</name>
         <load_address>0x72a8</load_address>
         <run_address>0x72a8</run_address>
         <size>0x70</size>
         <input_file_ref idref="fl-14a"/>
      </object_component>
      <object_component id="oc-2bb">
         <name>.const:g_pui32Xtals</name>
         <load_address>0x7318</load_address>
         <run_address>0x7318</run_address>
         <size>0x6c</size>
         <input_file_ref idref="fl-148"/>
      </object_component>
      <object_component id="oc-42e">
         <name>.const:g_sXTALtoMEMTIM</name>
         <load_address>0x7384</load_address>
         <run_address>0x7384</run_address>
         <size>0x30</size>
         <input_file_ref idref="fl-148"/>
      </object_component>
      <object_component id="oc-189">
         <name>.const:g_sKentec320x240x16_SSD2119</name>
         <load_address>0x73b4</load_address>
         <run_address>0x73b4</run_address>
         <size>0x28</size>
         <input_file_ref idref="fl-9"/>
      </object_component>
      <object_component id="oc-142">
         <name>.const</name>
         <load_address>0x73dc</load_address>
         <run_address>0x73dc</run_address>
         <size>0x1c</size>
         <input_file_ref idref="fl-a"/>
      </object_component>
      <object_component id="oc-2dd">
         <name>.const</name>
         <load_address>0x73f8</load_address>
         <run_address>0x73f8</run_address>
         <size>0x10</size>
         <input_file_ref idref="fl-15b"/>
      </object_component>
      <object_component id="oc-2c1">
         <name>.const</name>
         <load_address>0x7408</load_address>
         <run_address>0x7408</run_address>
         <size>0x8</size>
         <input_file_ref idref="fl-148"/>
      </object_component>
      <object_component id="oc-705">
         <name>.cinit..data.load</name>
         <load_address>0x7410</load_address>
         <run_address>0x7410</run_address>
         <size>0x9de</size>
      </object_component>
      <object_component id="oc-703">
         <name>__TI_handler_table</name>
         <load_address>0x7df0</load_address>
         <run_address>0x7df0</run_address>
         <size>0xc</size>
      </object_component>
      <object_component id="oc-706">
         <name>.cinit..bss.load</name>
         <load_address>0x7e00</load_address>
         <run_address>0x7e00</run_address>
         <size>0x8</size>
      </object_component>
      <object_component id="oc-704">
         <name>__TI_cinit_table</name>
         <load_address>0x7e08</load_address>
         <run_address>0x7e08</run_address>
         <size>0x10</size>
      </object_component>
      <object_component id="oc-73">
         <name>.data</name>
         <load_address>0x2000d8c8</load_address>
         <run_address>0x2000d8c8</run_address>
         <size>0x4</size>
         <input_file_ref idref="fl-140"/>
      </object_component>
      <object_component id="oc-b9">
         <name>.data:g_sWaveform</name>
         <load_address>0x2000d728</load_address>
         <run_address>0x2000d728</run_address>
         <size>0x40</size>
         <input_file_ref idref="fl-2"/>
      </object_component>
      <object_component id="oc-ca">
         <name>.data</name>
         <load_address>0x2000d354</load_address>
         <run_address>0x2000d354</run_address>
         <size>0x71</size>
         <input_file_ref idref="fl-2"/>
      </object_component>
      <object_component id="oc-123">
         <name>.data</name>
         <load_address>0x2000d8b8</load_address>
         <run_address>0x2000d8b8</run_address>
         <size>0x8</size>
         <input_file_ref idref="fl-142"/>
      </object_component>
      <object_component id="oc-126">
         <name>.data</name>
         <load_address>0x2000d8c0</load_address>
         <run_address>0x2000d8c0</run_address>
         <size>0x8</size>
         <input_file_ref idref="fl-13d"/>
      </object_component>
      <object_component id="oc-145">
         <name>.data</name>
         <load_address>0x2000d8cc</load_address>
         <run_address>0x2000d8cc</run_address>
         <size>0x4</size>
         <input_file_ref idref="fl-a"/>
      </object_component>
      <object_component id="oc-16a">
         <name>.data</name>
         <load_address>0x2000d880</load_address>
         <run_address>0x2000d880</run_address>
         <size>0x2d</size>
         <input_file_ref idref="fl-154"/>
      </object_component>
      <object_component id="oc-1fc">
         <name>.data:g_sBackground</name>
         <load_address>0x2000d668</load_address>
         <run_address>0x2000d668</run_address>
         <size>0x40</size>
         <input_file_ref idref="fl-2"/>
      </object_component>
      <object_component id="oc-2d3">
         <name>.data</name>
         <load_address>0x2000d8b0</load_address>
         <run_address>0x2000d8b0</run_address>
         <size>0x8</size>
         <input_file_ref idref="fl-9"/>
      </object_component>
      <object_component id="oc-3c5">
         <name>.data:g_sTop</name>
         <load_address>0x2000d6e8</load_address>
         <run_address>0x2000d6e8</run_address>
         <size>0x40</size>
         <input_file_ref idref="fl-2"/>
      </object_component>
      <object_component id="oc-4d3">
         <name>.data:g_sBottom</name>
         <load_address>0x2000d6a8</load_address>
         <run_address>0x2000d6a8</run_address>
         <size>0x40</size>
         <input_file_ref idref="fl-2"/>
      </object_component>
      <object_component id="oc-4d6">
         <name>.data:g_psTopButtons</name>
         <load_address>0x2000cd74</load_address>
         <run_address>0x2000cd74</run_address>
         <size>0x1e0</size>
         <input_file_ref idref="fl-2"/>
      </object_component>
      <object_component id="oc-52d">
         <name>.data:g_psBotButtons</name>
         <load_address>0x2000cb94</load_address>
         <run_address>0x2000cb94</run_address>
         <size>0x1e0</size>
         <input_file_ref idref="fl-2"/>
      </object_component>
      <object_component id="oc-5ac">
         <name>.data:g_sAddMinusC1</name>
         <load_address>0x2000d5a8</load_address>
         <run_address>0x2000d5a8</run_address>
         <size>0x40</size>
         <input_file_ref idref="fl-2"/>
      </object_component>
      <object_component id="oc-5b0">
         <name>.data:g_sAddMinusC2</name>
         <load_address>0x2000d5e8</load_address>
         <run_address>0x2000d5e8</run_address>
         <size>0x40</size>
         <input_file_ref idref="fl-2"/>
      </object_component>
      <object_component id="oc-5b4">
         <name>.data:g_sAddMinusTime</name>
         <load_address>0x2000d628</load_address>
         <run_address>0x2000d628</run_address>
         <size>0x40</size>
         <input_file_ref idref="fl-2"/>
      </object_component>
      <object_component id="oc-5be">
         <name>.data:g_sContainerMenu</name>
         <load_address>0x2000d7d8</load_address>
         <run_address>0x2000d7d8</run_address>
         <size>0x38</size>
         <input_file_ref idref="fl-2"/>
      </object_component>
      <object_component id="oc-5c6">
         <name>.data:g_sContainerFreMagnitudeC1</name>
         <load_address>0x2000d768</load_address>
         <run_address>0x2000d768</run_address>
         <size>0x38</size>
         <input_file_ref idref="fl-2"/>
      </object_component>
      <object_component id="oc-5ca">
         <name>.data:g_sContainerFreMagnitudeC2</name>
         <load_address>0x2000d7a0</load_address>
         <run_address>0x2000d7a0</run_address>
         <size>0x38</size>
         <input_file_ref idref="fl-2"/>
      </object_component>
      <object_component id="oc-5ce">
         <name>.data:g_sContainerVolMagnitudeC1</name>
         <load_address>0x2000d810</load_address>
         <run_address>0x2000d810</run_address>
         <size>0x38</size>
         <input_file_ref idref="fl-2"/>
      </object_component>
      <object_component id="oc-5d2">
         <name>.data:g_sContainerVolMagnitudeC2</name>
         <load_address>0x2000d848</load_address>
         <run_address>0x2000d848</run_address>
         <size>0x38</size>
         <input_file_ref idref="fl-2"/>
      </object_component>
      <object_component id="oc-5f5">
         <name>.data:g_sPushBtnAddC1</name>
         <load_address>0x2000d3c8</load_address>
         <run_address>0x2000d3c8</run_address>
         <size>0x50</size>
         <input_file_ref idref="fl-2"/>
      </object_component>
      <object_component id="oc-5fa">
         <name>.data:g_sPushBtnAddC2</name>
         <load_address>0x2000d418</load_address>
         <run_address>0x2000d418</run_address>
         <size>0x50</size>
         <input_file_ref idref="fl-2"/>
      </object_component>
      <object_component id="oc-5ff">
         <name>.data:g_sPushBtnAddTime</name>
         <load_address>0x2000d468</load_address>
         <run_address>0x2000d468</run_address>
         <size>0x50</size>
         <input_file_ref idref="fl-2"/>
      </object_component>
      <object_component id="oc-608">
         <name>.data:g_psRadioBtnMenu</name>
         <load_address>0x2000cf54</load_address>
         <run_address>0x2000cf54</run_address>
         <size>0x100</size>
         <input_file_ref idref="fl-2"/>
      </object_component>
      <object_component id="oc-61b">
         <name>.data:g_psRadioBtnFreqMagC1</name>
         <load_address>0x2000d054</load_address>
         <run_address>0x2000d054</run_address>
         <size>0xc0</size>
         <input_file_ref idref="fl-2"/>
      </object_component>
      <object_component id="oc-620">
         <name>.data:g_psRadioBtnFreqMagC2</name>
         <load_address>0x2000d114</load_address>
         <run_address>0x2000d114</run_address>
         <size>0xc0</size>
         <input_file_ref idref="fl-2"/>
      </object_component>
      <object_component id="oc-625">
         <name>.data:g_psRadioBtnVolMagC1</name>
         <load_address>0x2000d1d4</load_address>
         <run_address>0x2000d1d4</run_address>
         <size>0xc0</size>
         <input_file_ref idref="fl-2"/>
      </object_component>
      <object_component id="oc-62a">
         <name>.data:g_psRadioBtnVolMagC2</name>
         <load_address>0x2000d294</load_address>
         <run_address>0x2000d294</run_address>
         <size>0xc0</size>
         <input_file_ref idref="fl-2"/>
      </object_component>
      <object_component id="oc-633">
         <name>.data:g_sPushBtnMinusC1</name>
         <load_address>0x2000d4b8</load_address>
         <run_address>0x2000d4b8</run_address>
         <size>0x50</size>
         <input_file_ref idref="fl-2"/>
      </object_component>
      <object_component id="oc-63e">
         <name>.data:g_sPushBtnMinusC2</name>
         <load_address>0x2000d508</load_address>
         <run_address>0x2000d508</run_address>
         <size>0x50</size>
         <input_file_ref idref="fl-2"/>
      </object_component>
      <object_component id="oc-649">
         <name>.data:g_sPushBtnMinusTime</name>
         <load_address>0x2000d558</load_address>
         <run_address>0x2000d558</run_address>
         <size>0x50</size>
         <input_file_ref idref="fl-2"/>
      </object_component>
      <object_component id="oc-fb">
         <name>.bss:pui8ControlTable</name>
         <uninitialized>true</uninitialized>
         <run_address>0x2000c000</run_address>
         <size>0x400</size>
         <input_file_ref idref="fl-2"/>
      </object_component>
      <object_component id="oc-101">
         <name>.bss:g_ui32DstBuf</name>
         <uninitialized>true</uninitialized>
         <run_address>0x20009000</run_address>
         <size>0x1000</size>
         <input_file_ref idref="fl-2"/>
      </object_component>
      <object_component id="oc-104">
         <name>.bss:g_ui32DstBuf2</name>
         <uninitialized>true</uninitialized>
         <run_address>0x20008000</run_address>
         <size>0x1000</size>
         <input_file_ref idref="fl-2"/>
      </object_component>
      <object_component id="oc-16d">
         <name>.bss:g_psMQ</name>
         <uninitialized>true</uninitialized>
         <run_address>0x2000c900</run_address>
         <size>0x140</size>
         <input_file_ref idref="fl-154"/>
      </object_component>
      <object_component id="oc-1f3">
         <name>.bss:sContext</name>
         <uninitialized>true</uninitialized>
         <run_address>0x2000cb00</run_address>
         <size>0x2c</size>
         <input_file_ref idref="fl-2"/>
      </object_component>
      <object_component id="oc-1ff">
         <name>.bss:values</name>
         <uninitialized>true</uninitialized>
         <run_address>0x20000000</run_address>
         <size>0x8000</size>
         <input_file_ref idref="fl-2"/>
      </object_component>
      <object_component id="oc-202">
         <name>.bss:receive</name>
         <uninitialized>true</uninitialized>
         <run_address>0x2000caa0</run_address>
         <size>0x60</size>
         <input_file_ref idref="fl-2"/>
      </object_component>
      <object_component id="oc-205">
         <name>.bss:inputs</name>
         <uninitialized>true</uninitialized>
         <run_address>0x2000b000</run_address>
         <size>0x1000</size>
         <input_file_ref idref="fl-2"/>
      </object_component>
      <object_component id="oc-208">
         <name>.bss:oppreceive</name>
         <uninitialized>true</uninitialized>
         <run_address>0x2000ca40</run_address>
         <size>0x60</size>
         <input_file_ref idref="fl-2"/>
      </object_component>
      <object_component id="oc-20b">
         <name>.bss:pixels</name>
         <uninitialized>true</uninitialized>
         <run_address>0x2000c680</run_address>
         <size>0x280</size>
         <input_file_ref idref="fl-2"/>
      </object_component>
      <object_component id="oc-20e">
         <name>.bss:inputs2</name>
         <uninitialized>true</uninitialized>
         <run_address>0x2000a000</run_address>
         <size>0x1000</size>
         <input_file_ref idref="fl-2"/>
      </object_component>
      <object_component id="oc-299">
         <name>.bss:old</name>
         <uninitialized>true</uninitialized>
         <run_address>0x2000c400</run_address>
         <size>0x280</size>
         <input_file_ref idref="fl-2"/>
      </object_component>
      <object_component id="oc-2e0">
         <name>.bss</name>
         <uninitialized>true</uninitialized>
         <run_address>0x2000cb5c</run_address>
         <size>0x4</size>
         <input_file_ref idref="fl-15b"/>
      </object_component>
      <object_component id="oc-562">
         <name>.bss</name>
         <uninitialized>true</uninitialized>
         <run_address>0x2000cb2c</run_address>
         <size>0x20</size>
         <input_file_ref idref="fl-15a"/>
      </object_component>
      <object_component id="oc-3c0">
         <name>.common:ui32SysClkFreq</name>
         <uninitialized>true</uninitialized>
         <run_address>0x2000cb80</run_address>
         <size>0x4</size>
      </object_component>
      <object_component id="oc-fe">
         <name>.common:pri</name>
         <uninitialized>true</uninitialized>
         <run_address>0x2000cb93</run_address>
         <size>0x1</size>
      </object_component>
      <object_component id="oc-ff">
         <name>.common:alt</name>
         <uninitialized>true</uninitialized>
         <run_address>0x2000cb92</run_address>
         <size>0x1</size>
      </object_component>
      <object_component id="oc-6c2">
         <name>.common:midlevel</name>
         <uninitialized>true</uninitialized>
         <run_address>0x2000cb90</run_address>
         <size>0x2</size>
      </object_component>
      <object_component id="oc-f8">
         <name>.common:ui32Mode</name>
         <uninitialized>true</uninitialized>
         <run_address>0x2000cb7c</run_address>
         <size>0x4</size>
      </object_component>
      <object_component id="oc-4b5">
         <name>.common:EPISource</name>
         <uninitialized>true</uninitialized>
         <run_address>0x2000cb60</run_address>
         <size>0x4</size>
      </object_component>
      <object_component id="oc-298">
         <name>.common:x</name>
         <uninitialized>true</uninitialized>
         <run_address>0x2000cb84</run_address>
         <size>0x4</size>
      </object_component>
      <object_component id="oc-29d">
         <name>.common:y</name>
         <uninitialized>true</uninitialized>
         <run_address>0x2000cb88</run_address>
         <size>0x4</size>
      </object_component>
      <object_component id="oc-6c3">
         <name>.common:tempMagVolDivC2</name>
         <uninitialized>true</uninitialized>
         <run_address>0x2000cb74</run_address>
         <size>0x4</size>
      </object_component>
      <object_component id="oc-6be">
         <name>.common:tempMagVolDivC1</name>
         <uninitialized>true</uninitialized>
         <run_address>0x2000cb70</run_address>
         <size>0x4</size>
      </object_component>
      <object_component id="oc-6c5">
         <name>.common:tempTimVolDivC1</name>
         <uninitialized>true</uninitialized>
         <run_address>0x2000cb78</run_address>
         <size>0x4</size>
      </object_component>
      <object_component id="oc-32f">
         <name>.common:g_ui32TSState</name>
         <uninitialized>true</uninitialized>
         <run_address>0x2000cb6c</run_address>
         <size>0x4</size>
      </object_component>
      <object_component id="oc-331">
         <name>.common:g_pfnTSHandler</name>
         <uninitialized>true</uninitialized>
         <run_address>0x2000cb64</run_address>
         <size>0x4</size>
      </object_component>
      <object_component id="oc-148">
         <name>.common:g_pi16Samples</name>
         <uninitialized>true</uninitialized>
         <run_address>0x2000cb4c</run_address>
         <size>0x10</size>
      </object_component>
      <object_component id="oc-32d">
         <name>.common:g_pi32ParmSet</name>
         <uninitialized>true</uninitialized>
         <run_address>0x2000cb68</run_address>
         <size>0x4</size>
      </object_component>
      <object_component id="oc-140">
         <name>.common:g_i16TouchX</name>
         <uninitialized>true</uninitialized>
         <run_address>0x2000cb8c</run_address>
         <size>0x2</size>
      </object_component>
      <object_component id="oc-141">
         <name>.common:g_i16TouchY</name>
         <uninitialized>true</uninitialized>
         <run_address>0x2000cb8e</run_address>
         <size>0x2</size>
      </object_component>
      <object_component id="oc-28">
         <name>.stack</name>
         <uninitialized>true</uninitialized>
         <run_address>0x2000d8d0</run_address>
         <size>0x0</size>
         <input_file_ref idref="fl-139"/>
      </object_component>
      <object_component id="oc-707">
         <name>.stack</name>
         <uninitialized>true</uninitialized>
         <run_address>0x2000d8d0</run_address>
         <size>0x0</size>
      </object_component>
      <object_component id="oc-f">
         <name>.debug_info</name>
         <load_address>0x0</load_address>
         <run_address>0x0</run_address>
         <size>0xe1</size>
         <input_file_ref idref="fl-5"/>
      </object_component>
      <object_component id="oc-12">
         <name>.debug_info</name>
         <load_address>0xe1</load_address>
         <run_address>0xe1</run_address>
         <size>0xf3</size>
         <input_file_ref idref="fl-139"/>
      </object_component>
      <object_component id="oc-18">
         <name>.debug_info</name>
         <load_address>0x1d4</load_address>
         <run_address>0x1d4</run_address>
         <size>0x194</size>
         <input_file_ref idref="fl-13a"/>
      </object_component>
      <object_component id="oc-1d">
         <name>.debug_info</name>
         <load_address>0x368</load_address>
         <run_address>0x368</run_address>
         <size>0x16a</size>
         <input_file_ref idref="fl-13c"/>
      </object_component>
      <object_component id="oc-23">
         <name>.debug_info</name>
         <load_address>0x4d2</load_address>
         <run_address>0x4d2</run_address>
         <size>0x18e</size>
         <input_file_ref idref="fl-13b"/>
      </object_component>
      <object_component id="oc-2a">
         <name>.debug_info</name>
         <load_address>0x660</load_address>
         <run_address>0x660</run_address>
         <size>0x111</size>
         <input_file_ref idref="fl-5"/>
      </object_component>
      <object_component id="oc-30">
         <name>.debug_info</name>
         <load_address>0x771</load_address>
         <run_address>0x771</run_address>
         <size>0xff</size>
[...]
         <object_component_ref idref="oc-41"/>
      </symbol>
      <symbol id="sm-5b2">
         <name>_c_int00</name>
         <value>0x49d9</value>
         <object_component_ref idref="oc-11"/>
      </symbol>
      <symbol id="sm-5b3">
         <name>__stack</name>
         <value>0x2000d8d0</value>
         <object_component_ref idref="oc-28"/>
      </symbol>
      <symbol id="sm-5ca">
         <name>__TI_decompress_none</name>
         <value>0x5389</value>
         <object_component_ref idref="oc-16"/>
      </symbol>
      <symbol id="sm-5ee">
         <name>__TI_decompress_rle24</name>
         <value>0x545b</value>
         <object_component_ref idref="oc-22"/>
      </symbol>
      <symbol id="sm-607">
         <name>__TI_zero_init</name>
         <value>0x52ef</value>
         <object_component_ref idref="oc-1c"/>
      </symbol>
      <symbol id="sm-626">
         <name>C$$EXIT</name>
         <value>0x4b81</value>
         <object_component_ref idref="oc-6d"/>
      </symbol>
      <symbol id="sm-627">
         <name>abort</name>
         <value>0x4b85</value>
         <object_component_ref idref="oc-6d"/>
      </symbol>
      <symbol id="sm-628">
         <name>exit</name>
         <value>0x4b8d</value>
         <object_component_ref idref="oc-6d"/>
      </symbol>
      <symbol id="sm-629">
         <name>__TI_dtors_ptr</name>
         <value>0x2000d8c4</value>
         <object_component_ref idref="oc-126"/>
      </symbol>
      <symbol id="sm-62a">
         <name>__TI_cleanup_ptr</name>
         <value>0x2000d8c0</value>
         <object_component_ref idref="oc-126"/>
      </symbol>
      <symbol id="sm-646">
         <name>memcpy</name>
         <value>0x3e09</value>
         <object_component_ref idref="oc-77"/>
      </symbol>
      <symbol id="sm-647">
         <name>__aeabi_memcpy</name>
         <value>0x3e09</value>
         <object_component_ref idref="oc-77"/>
      </symbol>
      <symbol id="sm-648">
         <name>__aeabi_memcpy8</name>
         <value>0x3e09</value>
         <object_component_ref idref="oc-77"/>
      </symbol>
      <symbol id="sm-649">
         <name>__aeabi_memcpy4</name>
         <value>0x3e09</value>
         <object_component_ref idref="oc-77"/>
      </symbol>
      <symbol id="sm-651">
         <name>main_func_sp</name>
         <value>0x2000d8c8</value>
         <object_component_ref idref="oc-73"/>
      </symbol>
      <symbol id="sm-66b">
         <name>_nop</name>
         <value>0x526b</value>
         <object_component_ref idref="oc-219"/>
      </symbol>
      <symbol id="sm-66c">
         <name>_lock</name>
         <value>0x2000d8b8</value>
         <object_component_ref idref="oc-123"/>
      </symbol>
      <symbol id="sm-66d">
         <name>_unlock</name>
         <value>0x2000d8bc</value>
         <object_component_ref idref="oc-123"/>
      </symbol>
      <symbol id="sm-66e">
         <name>_register_lock</name>
         <value>0x5263</value>
         <object_component_ref idref="oc-219"/>
      </symbol>
      <symbol id="sm-66f">
         <name>_register_unlock</name>
         <value>0x525d</value>
         <object_component_ref idref="oc-219"/>
      </symbol>
      <symbol id="sm-683">
         <name>_args_main</name>
         <value>0x51c5</value>
         <object_component_ref idref="oc-67"/>
      </symbol>
      <symbol id="sm-6a0">
         <name>__TI_auto_init</name>
         <value>0x3f3d</value>
         <object_component_ref idref="oc-62"/>
      </symbol>
      <symbol id="sm-6b9">
         <name>copy_in</name>
         <value>0x4b3d</value>
         <object_component_ref idref="oc-114"/>
      </symbol>
      <symbol id="sm-749">
         <name>uDMAChannelControlSet</name>
         <value>0x5075</value>
         <object_component_ref idref="oc-4af"/>
      </symbol>
      <symbol id="sm-74a">
         <name>uDMAIntClear</name>
         <value>0x53f9</value>
         <object_component_ref idref="oc-d4"/>
      </symbol>
      <symbol id="sm-74b">
         <name>uDMAErrorStatusGet</name>
         <value>0x53ed</value>
         <object_component_ref idref="oc-be"/>
      </symbol>
      <symbol id="sm-74c">
         <name>uDMAChannelAttributeEnable</name>
         <value>0x4a69</value>
         <object_component_ref idref="oc-4a9"/>
      </symbol>
      <symbol id="sm-74d">
         <name>uDMAErrorStatusClear</name>
         <value>0x53e1</value>
         <object_component_ref idref="oc-c4"/>
      </symbol>
      <symbol id="sm-74e">
         <name>uDMAChannelTransferSet</name>
         <value>0x4265</value>
         <object_component_ref idref="oc-e0"/>
      </symbol>
      <symbol id="sm-74f">
         <name>uDMAChannelAssign</name>
         <value>0x4edd</value>
         <object_component_ref idref="oc-346"/>
      </symbol>
      <symbol id="sm-750">
         <name>uDMAEnable</name>
         <value>0x5341</value>
         <object_component_ref idref="oc-33a"/>
      </symbol>
      <symbol id="sm-751">
         <name>uDMAControlBaseSet</name>
         <value>0x53d5</value>
         <object_component_ref idref="oc-340"/>
      </symbol>
      <symbol id="sm-752">
         <name>uDMAChannelAttributeDisable</name>
         <value>0x4a21</value>
         <object_component_ref idref="oc-4a3"/>
      </symbol>
      <symbol id="sm-753">
         <name>uDMAChannelEnable</name>
         <value>0x51dd</value>
         <object_component_ref idref="oc-e6"/>
      </symbol>
      <symbol id="sm-795">
         <name>TimerLoadSet</name>
         <value>0x52dd</value>
         <object_component_ref idref="oc-31b"/>
      </symbol>
      <symbol id="sm-796">
         <name>TimerEnable</name>
         <value>0x537b</value>
         <object_component_ref idref="oc-327"/>
      </symbol>
      <symbol id="sm-797">
         <name>TimerControlTrigger</name>
         <value>0x4801</value>
         <object_component_ref idref="oc-321"/>
      </symbol>
      <symbol id="sm-798">
         <name>TimerIntEnable</name>
         <value>0x5429</value>
         <object_component_ref idref="oc-370"/>
      </symbol>
      <symbol id="sm-799">
         <name>TimerConfigure</name>
         <value>0x474d</value>
         <object_component_ref idref="oc-315"/>
      </symbol>
      <symbol id="sm-79a">
         <name>TimerIntClear</name>
         <value>0x546d</value>
         <object_component_ref idref="oc-a7"/>
      </symbol>
      <symbol id="sm-830">
         <name>SysCtlGPIOAHBEnable</name>
         <value>0x513d</value>
         <object_component_ref idref="oc-441"/>
      </symbol>
      <symbol id="sm-831">
         <name>SysCtlDelay</name>
         <value>0x544f</value>
         <object_component_ref idref="oc-2d2"/>
      </symbol>
      <symbol id="sm-832">
         <name>SysCtlPeripheralEnable</name>
         <value>0x4e75</value>
         <object_component_ref idref="oc-2c6"/>
      </symbol>
      <symbol id="sm-833">
         <name>SysCtlPWMClockSet</name>
         <value>0x5235</value>
         <object_component_ref idref="oc-37c"/>
      </symbol>
      <symbol id="sm-834">
         <name>SysCtlPeripheralSleepEnable</name>
         <value>0x4ea9</value>
         <object_component_ref idref="oc-334"/>
      </symbol>
      <symbol id="sm-835">
         <name>SysCtlClockFreqSet</name>
         <value>0x1b49</value>
         <object_component_ref idref="oc-1c5"/>
      </symbol>
      <symbol id="sm-862">
         <name>PWMGenPeriodSet</name>
         <value>0x5331</value>
         <object_component_ref idref="oc-388"/>
      </symbol>
      <symbol id="sm-863">
         <name>PWMPulseWidthSet</name>
         <value>0x511d</value>
         <object_component_ref idref="oc-38e"/>
      </symbol>
      <symbol id="sm-864">
         <name>PWMOutputState</name>
         <value>0x52cb</value>
         <object_component_ref idref="oc-39a"/>
      </symbol>
      <symbol id="sm-865">
         <name>PWMGenEnable</name>
         <value>0x53bb</value>
         <object_component_ref idref="oc-394"/>
      </symbol>
      <symbol id="sm-866">
         <name>PWMGenConfigure</name>
         <value>0x50bb</value>
         <object_component_ref idref="oc-382"/>
      </symbol>
      <symbol id="sm-894">
         <name>IntEnable</name>
         <value>0x4631</value>
         <object_component_ref idref="oc-303"/>
      </symbol>
      <symbol id="sm-895">
         <name>IntMasterEnable</name>
         <value>0x540f</value>
         <object_component_ref idref="oc-376"/>
      </symbol>
      <symbol id="sm-8ed">
         <name>GPIOPinTypePWM</name>
         <value>0x52a7</value>
         <object_component_ref idref="oc-36a"/>
      </symbol>
      <symbol id="sm-8ee">
         <name>GPIOPinConfigure</name>
         <value>0x4949</value>
         <object_component_ref idref="oc-352"/>
      </symbol>
      <symbol id="sm-8ef">
         <name>GPIOPinTypeGPIOInput</name>
         <value>0x5295</value>
         <object_component_ref idref="oc-35e"/>
      </symbol>
      <symbol id="sm-8f0">
         <name>GPIOPinTypeGPIOOutput</name>
         <value>0x51ad</value>
         <object_component_ref idref="oc-309"/>
      </symbol>
      <symbol id="sm-8f1">
         <name>GPIODirModeSet</name>
         <value>0x4f09</value>
         <object_component_ref idref="oc-492"/>
      </symbol>
      <symbol id="sm-8f2">
         <name>GPIOPinWrite</name>
         <value>0x543d</value>
         <object_component_ref idref="oc-30f"/>
      </symbol>
      <symbol id="sm-8f3">
         <name>GPIOPadConfigSet</name>
         <value>0x2c51</value>
         <object_component_ref idref="oc-447"/>
      </symbol>
      <symbol id="sm-8f4">
         <name>GPIOPinTypeEPI</name>
         <value>0x5283</value>
         <object_component_ref idref="oc-358"/>
      </symbol>
      <symbol id="sm-90a">
         <name>FPULazyStackingEnable</name>
         <value>0x5321</value>
         <object_component_ref idref="oc-286"/>
      </symbol>
      <symbol id="sm-90b">
         <name>FPUEnable</name>
         <value>0x5311</value>
         <object_component_ref idref="oc-28c"/>
      </symbol>
      <symbol id="sm-960">
         <name>EPIModeSet</name>
         <value>0x5469</value>
         <object_component_ref idref="oc-364"/>
      </symbol>
      <symbol id="sm-961">
         <name>EPIDividerSet</name>
         <value>0x5465</value>
         <object_component_ref idref="oc-3a0"/>
      </symbol>
      <symbol id="sm-962">
         <name>EPIIntEnable</name>
         <value>0x53af</value>
         <object_component_ref idref="oc-3b8"/>
      </symbol>
      <symbol id="sm-963">
         <name>EPIIntStatus</name>
         <value>0x535f</value>
         <object_component_ref idref="oc-ce"/>
      </symbol>
      <symbol id="sm-964">
         <name>EPIFIFOConfig</name>
         <value>0x5431</value>
         <object_component_ref idref="oc-3b2"/>
      </symbol>
      <symbol id="sm-965">
         <name>EPINonBlockingReadStart</name>
         <value>0x5419</value>
         <object_component_ref idref="oc-f2"/>
      </symbol>
      <symbol id="sm-966">
         <name>EPIConfigGPModeSet</name>
         <value>0x53a3</value>
         <object_component_ref idref="oc-3ac"/>
      </symbol>
      <symbol id="sm-967">
         <name>EPIAddressMapSet</name>
         <value>0x5461</value>
         <object_component_ref idref="oc-3a6"/>
      </symbol>
      <symbol id="sm-968">
         <name>EPINonBlockingReadConfigure</name>
         <value>0x5405</value>
         <object_component_ref idref="oc-ec"/>
      </symbol>
      <symbol id="sm-969">
         <name>EPIIntErrorClear</name>
         <value>0x5437</value>
         <object_component_ref idref="oc-da"/>
      </symbol>
      <symbol id="sm-973">
         <name>CPUcpsie</name>
         <value>0x5397</value>
         <object_component_ref idref="oc-4c0"/>
      </symbol>
      <symbol id="sm-9a8">
         <name>ADCSequenceEnable</name>
         <value>0x5351</value>
         <object_component_ref idref="oc-2f7"/>
      </symbol>
      <symbol id="sm-9a9">
         <name>ADCSequenceConfigure</name>
         <value>0x4dc5</value>
         <object_component_ref idref="oc-2eb"/>
      </symbol>
      <symbol id="sm-9aa">
         <name>ADCIntEnable</name>
         <value>0x5301</value>
         <object_component_ref idref="oc-2fd"/>
      </symbol>
      <symbol id="sm-9ab">
         <name>ADCSequenceStepConfigure</name>
         <value>0x40e3</value>
         <object_component_ref idref="oc-2f1"/>
      </symbol>
      <symbol id="sm-9ac">
         <name>ADCHardwareOversampleConfigure</name>
         <value>0x5271</value>
         <object_component_ref idref="oc-2e5"/>
      </symbol>
      <symbol id="sm-9cd">
         <name>g_sFontCmss14</name>
         <value>0x70c4</value>
         <object_component_ref idref="oc-58d"/>
      </symbol>
      <symbol id="sm-9df">
         <name>g_sFontCmss12</name>
         <value>0x6ffc</value>
         <object_component_ref idref="oc-538"/>
      </symbol>
      <symbol id="sm-9f1">
         <name>g_sFontCm16</name>
         <value>0x6f34</value>
         <object_component_ref idref="oc-54e"/>
      </symbol>
      <symbol id="sm-a03">
         <name>g_sFontCm14</name>
         <value>0x6e6c</value>
         <object_component_ref idref="oc-611"/>
      </symbol>
      <symbol id="sm-af5">
         <name>g_sRoot</name>
         <value>0x2000d880</value>
         <object_component_ref idref="oc-16a"/>
      </symbol>
      <symbol id="sm-af6">
         <name>WidgetMessageQueueAdd</name>
         <value>0x34d1</value>
         <object_component_ref idref="oc-ad"/>
      </symbol>
      <symbol id="sm-af7">
         <name>WidgetMessageSendPostOrder</name>
         <value>0x3d59</value>
         <object_component_ref idref="oc-182"/>
      </symbol>
      <symbol id="sm-af8">
         <name>WidgetAdd</name>
         <value>0x504f</value>
         <object_component_ref idref="oc-1e3"/>
      </symbol>
      <symbol id="sm-af9">
         <name>WidgetRemove</name>
         <value>0x48b1</value>
         <object_component_ref idref="oc-5ee"/>
      </symbol>
      <symbol id="sm-afa">
         <name>WidgetDefaultMsgProc</name>
         <value>0x5471</value>
         <object_component_ref idref="oc-22e"/>
      </symbol>
      <symbol id="sm-afb">
         <name>WidgetMutexPut</name>
         <value>0x5455</value>
         <object_component_ref idref="oc-164"/>
      </symbol>
      <symbol id="sm-afc">
         <name>WidgetMessageQueueProcess</name>
         <value>0x4569</value>
         <object_component_ref idref="oc-b3"/>
      </symbol>
      <symbol id="sm-afd">
         <name>WidgetMutexGet</name>
         <value>0x5249</value>
         <object_component_ref idref="oc-163"/>
      </symbol>
      <symbol id="sm-afe">
         <name>WidgetPointerMessage</name>
         <value>0x5159</value>
         <object_component_ref idref="oc-1f6"/>
      </symbol>
      <symbol id="sm-aff">
         <name>WidgetMessageSendPreOrder</name>
         <value>0x4859</value>
         <object_component_ref idref="oc-17c"/>
      </symbol>
      <symbol id="sm-c32">
         <name>GrFontInfoGet</name>
         <value>0x5005</value>
         <object_component_ref idref="oc-461"/>
      </symbol>
      <symbol id="sm-c33">
         <name>GrDefaultStringRenderer</name>
         <value>0x3b09</value>
         <object_component_ref idref="oc-2d7"/>
      </symbol>
      <symbol id="sm-c34">
         <name>GrFontGlyphRender</name>
         <value>0x18e1</value>
         <object_component_ref idref="oc-473"/>
      </symbol>
      <symbol id="sm-c35">
         <name>GrFontHeightGet</name>
         <value>0x4f5d</value>
         <object_component_ref idref="oc-409"/>
      </symbol>
      <symbol id="sm-c36">
         <name>GrContextFontSet</name>
         <value>0x5443</value>
         <object_component_ref idref="oc-3fd"/>
      </symbol>
      <symbol id="sm-c37">
         <name>GrFontGlyphDataGet</name>
         <value>0x5099</value>
         <object_component_ref idref="oc-46d"/>
      </symbol>
      <symbol id="sm-c38">
         <name>GrStringDraw</name>
         <value>0x52b9</value>
         <object_component_ref idref="oc-40f"/>
      </symbol>
      <symbol id="sm-c39">
         <name>GrFontCodepageGet</name>
         <value>0x50ff</value>
         <object_component_ref idref="oc-568"/>
      </symbol>
      <symbol id="sm-c3a">
         <name>GrStringNextCharGet</name>
         <value>0x4f87</value>
         <object_component_ref idref="oc-467"/>
      </symbol>
      <symbol id="sm-c3b">
         <name>GrStringWidthGet</name>
         <value>0x4361</value>
         <object_component_ref idref="oc-403"/>
      </symbol>
      <symbol id="sm-c3c">
         <name>GrFontBaselineGet</name>
         <value>0x4f33</value>
         <object_component_ref idref="oc-5db"/>
      </symbol>
      <symbol id="sm-c58">
         <name>GrRectFill</name>
         <value>0x405d</value>
         <object_component_ref idref="oc-3eb"/>
      </symbol>
      <symbol id="sm-c59">
         <name>GrRectDraw</name>
         <value>0x449d</value>
         <object_component_ref idref="oc-3f1"/>
      </symbol>
      <symbol id="sm-c9f">
         <name>RadioButtonMsgProc</name>
         <value>0x502b</value>
         <object_component_ref idref="oc-654"/>
      </symbol>
      <symbol id="sm-cd7">
         <name>RectangularButtonMsgProc</name>
         <value>0x50dd</value>
         <object_component_ref idref="oc-532"/>
      </symbol>
      <symbol id="sm-d3a">
         <name>GrLineDrawH</name>
         <value>0x4ab1</value>
         <object_component_ref idref="oc-424"/>
      </symbol>
      <symbol id="sm-d3b">
         <name>GrLineDrawV</name>
         <value>0x4af7</value>
         <object_component_ref idref="oc-4e0"/>
      </symbol>
      <symbol id="sm-d3c">
         <name>GrLineDraw</name>
         <value>0x31e9</value>
         <object_component_ref idref="oc-6ac"/>
      </symbol>
      <symbol id="sm-e2a">
         <name>GrImageDraw</name>
         <value>0x536d</value>
         <object_component_ref idref="oc-3f7"/>
      </symbol>
      <symbol id="sm-e59">
         <name>GrContextInit</name>
         <value>0x4505</value>
         <object_component_ref idref="oc-1d1"/>
      </symbol>
      <symbol id="sm-e5a">
         <name>GrContextClipRegionSet</name>
         <value>0x45cd</value>
         <object_component_ref idref="oc-3e5"/>
      </symbol>
      <symbol id="sm-e5b">
         <name>g_psDefaultCodePointMapTable</name>
         <value>0x73f8</value>
         <object_component_ref idref="oc-2dd"/>
      </symbol>
      <symbol id="sm-e7b">
         <name>ContainerMsgProc</name>
         <value>0x521f</value>
         <object_component_ref idref="oc-60b"/>
      </symbol>
      <symbol id="sm-f32">
         <name>GrCircleFill</name>
         <value>0x29c7</value>
         <object_component_ref idref="oc-292"/>
      </symbol>
      <symbol id="sm-f33">
         <name>GrCircleDraw</name>
         <value>0x1d45</value>
         <object_component_ref idref="oc-6c8"/>
      </symbol>
      <symbol id="sm-f40">
         <name>GrMapISO8859_1_Unicode</name>
         <value>0x5421</value>
         <object_component_ref idref="oc-47b"/>
      </symbol>
      <symbol id="sm-f66">
         <name>CanvasMsgProc</name>
         <value>0x520b</value>
         <object_component_ref idref="oc-18c"/>
      </symbol>
      <symbol id="sm-f67">
         <name>__TI_static_base__</name>
         <value>0x0</value>
      </symbol>
      <symbol id="sm-f68">
         <name>__TI_args_main</name>
         <value>0x1</value>
      </symbol>
      <symbol id="sm-f69">
         <name>SHT$$INIT_ARRAY$$Limit</name>
         <value>0x0</value>
      </symbol>
      <symbol id="sm-f6a">
         <name>SHT$$INIT_ARRAY$$Base</name>
         <value>0x0</value>
      </symbol>
   </symbol_table>
   <title>Link successful</title>
</link_info>
