******************************************************************************
                  TI ARM Linker PC v5.1.6                      
******************************************************************************
>> Linked Thu Feb 19 08:12:12 2015

OUTPUT FILE NAME:   <grlib_demo.out>
ENTRY POINT SYMBOL: "_c_int00"  address: 000049d9


MEMORY CONFIGURATION

         name            origin    length      used     unused   attr    fill
----------------------  --------  ---------  --------  --------  ----  --------
  FLASH                 00000000   00100000  00007e18  000f81e8  R  X
  SRAM                  20000000   00040000  0000dcd0  00032330  RW X


SEGMENT ALLOCATION MAP

run origin  load origin   length   init length attrs members
----------  ----------- ---------- ----------- ----- -------
00000000    00000000    00007e18   00007e18    r-x
  00000000    00000000    00000200   00000200    r-- .intvecs
  00000200    00000200    00005274   00005274    r-x .text
  00005474    00005474    00001f9c   00001f9c    r-- .const
  00007410    00007410    00000a08   00000a08    r-- .cinit
20000000    20000000    0000dcd0   00000000    rw-
  20000000    20000000    0000cb94   00000000    rw- .bss
  2000cb94    2000cb94    00000d3c   00000000    rw- .data
  2000d8d0    2000d8d0    00000400   00000000    rw- .stack


SECTION ALLOCATION MAP

 output                                  attributes/
section   page    origin      length       input sections
--------  ----  ----------  ----------   ----------------
.intvecs   0    00000000    00000200     
                  00000000    00000200     startup_ccs.obj (.intvecs)

.init_array 
*          0    00000000    00000000     UNINITIALIZED

.text      0    00000200    00005274     
                  00000200    00000990     MainTestV2.obj (.text:main)
                  00000b90    0000048c     MainTestV2.obj (.text:setup)
                  0000101c    0000038c     grlib.lib : image.obj (.text:InternalImageDraw)
                  000013a8    000002ce               : image.obj (.text:PixelTransparentDraw)
                  00001676    00000002     startup_ccs.obj (.text:FaultISR)
                  00001678    00000268     Kentec320x240x16_ssd2119_8bit.obj (.text:Kentec320x240x16_SSD2119Init)
                  000018e0    00000266     grlib.lib : string.obj (.text:GrFontGlyphRender)
                  00001b46    00000002     startup_ccs.obj (.text:IntDefaultHandler)
                  00001b48    000001fc     driverlib.lib : sysctl.obj (.text:SysCtlClockFreqSet)
                  00001d44    000001fa     grlib.lib : circle.obj (.text:GrCircleDraw)
                  00001f3e    000001b2               : radiobutton.obj (.text:RadioButtonPaint)
                  000020f0    00000188               : canvas.obj (.text:CanvasPaint)
                  00002278    0000017c     Kentec320x240x16_ssd2119_8bit.obj (.text:Kentec320x240x16_SSD2119PixelDrawMultiple)
                  000023f4    0000017c     touch.obj (.text:TouchScreenDebouncer)
                  00002570    00000178     MainTestV2.obj (.text:DWaveForm)
                  000026e8    00000170     Kentec320x240x16_ssd2119_8bit.obj (.text:InitGPIOLCDInterface)
                  00002858    0000016e     grlib.lib : pushbutton.obj (.text:RectangularButtonPaint)
                  000029c6    00000146               : circle.obj (.text:GrCircleFill)
                  00002b0c    00000144               : container.obj (.text:ContainerPaint)
                  00002c50    00000130     driverlib.lib : gpio.obj (.text:GPIOPadConfigSet)
                  00002d80    0000012c     touch.obj (.text:TouchScreenIntHandler)
                  00002eac    00000124     touch.obj (.text:TouchScreenInit)
                  00002fd0    00000118     Kentec320x240x16_ssd2119_8bit.obj (.text:Kentec320x240x16_SSD2119RectFill)
                  000030e8    00000100     MainTestV2.obj (.text:EPIIntHandler)
                  000031e8    00000100     grlib.lib : line.obj (.text:GrLineDraw)
                  000032e8    000000f8     MainTestV2.obj (.text:MinusTimeDiv)
                  000033e0    000000f0     MainTestV2.obj (.text:MinusMagDivC2)
                  000034d0    000000f0     grlib.lib : widget.obj (.text:WidgetMessageQueueAdd)
                  000035c0    000000ec     MainTestV2.obj (.text:AddTimeDiv)
                  000036ac    000000ec     MainTestV2.obj (.text:MinusMagDivC1)
                  00003798    000000ec     grlib.lib : pushbutton.obj (.text:RectangularButtonClick)
                  00003884    000000dc     MainTestV2.obj (.text:AddMagDivC2)
                  00003960    000000d8     MainTestV2.obj (.text:AddMagDivC1)
                  00003a38    000000d0     Kentec320x240x16_ssd2119_8bit.obj (.text:WriteDataGPIO)
                  00003b08    000000ca     grlib.lib : string.obj (.text:GrDefaultStringRenderer)
                  00003bd2    00000002     Kentec320x240x16_ssd2119_8bit.obj (.text:Kentec320x240x16_SSD2119Flush)
                  00003bd4    000000c8     Kentec320x240x16_ssd2119_8bit.obj (.text:WriteCommandGPIO)
                  00003c9c    000000bc     grlib.lib : line.obj (.text:GrLineClip)
                  00003d58    000000b0               : widget.obj (.text:WidgetMessageSendPostOrder)
                  00003e08    0000009c     rtsv7M4_T_le_v4SPD16_eabi.lib : memcpy_t2.obj (.text)
                  00003ea4    00000098     MainTestV2.obj (.text:SetupVoltageDivision)
                  00003f3c    00000094     rtsv7M4_T_le_v4SPD16_eabi.lib : auto_init.obj (.text)
                  00003fd0    0000008c     grlib.lib : radiobutton.obj (.text:RadioButtonClick)
                  0000405c    00000086               : rectangle.obj (.text:GrRectFill)
                  000040e2    00000080     driverlib.lib : adc.obj (.text:ADCSequenceStepConfigure)
                  00004162    00000002     startup_ccs.obj (.text:NmiSR)
                  00004164    00000080     MainTestV2.obj (.text:ClrMyWidget)
                  000041e4    00000080     Kentec320x240x16_ssd2119_8bit.obj (.text:Kentec320x240x16_SSD2119LineDrawH)
                  00004264    00000080     driverlib.lib : udma.obj (.text:uDMAChannelTransferSet)
                  000042e4    0000007c     Kentec320x240x16_ssd2119_8bit.obj (.text:Kentec320x240x16_SSD2119LineDrawV)
                  00004360    0000006a     grlib.lib : string.obj (.text:GrStringWidthGet)
                  000043ca    00000002     MainTestV2.obj (.text:Timer1IntHandler)
                  000043cc    00000068     MainTestV2.obj (.text:InitSWTransfer)
                  00004434    00000068     MainTestV2.obj (.text:SetupTimeDivision)
                  0000449c    00000066     grlib.lib : rectangle.obj (.text:GrRectDraw)
                  00004502    00000002     --HOLE-- [fill = 0]
                  00004504    00000064               : context.obj (.text:GrContextInit)
                  00004568    00000064               : widget.obj (.text:WidgetMessageQueueProcess)
                  000045cc    00000062               : context.obj (.text:GrContextClipRegionSet)
                  0000462e    00000002     --HOLE-- [fill = 0]
                  00004630    00000060     driverlib.lib : interrupt.obj (.text:IntEnable)
                  00004690    0000005e     rtsv7M4_T_le_v4SPD16_eabi.lib : copy_decompress_rle.obj (.text)
                  000046ee    0000005c     grlib.lib : string.obj (.text:FontWideGlyphDataGet)
                  0000474a    00000002     --HOLE-- [fill = 0]
                  0000474c    0000005c     driverlib.lib : timer.obj (.text:TimerConfigure)
                  000047a8    00000058     Kentec320x240x16_ssd2119_8bit.obj (.text:Kentec320x240x16_SSD2119PixelDraw)
                  00004800    00000058     driverlib.lib : timer.obj (.text:TimerControlTrigger)
                  00004858    00000056     grlib.lib : widget.obj (.text:WidgetMessageSendPreOrder)
                  000048ae    00000002     --HOLE-- [fill = 0]
                  000048b0    0000004c               : widget.obj (.text:WidgetRemove)
                  000048fc    0000004a               : string.obj (.text:UpdateContextCharMapping)
                  00004946    00000002     --HOLE-- [fill = 0]
                  00004948    00000048     driverlib.lib : gpio.obj (.text:GPIOPinConfigure)
                  00004990    00000048                   : sysctl.obj (.text:_SysCtlFrequencyGet)
                  000049d8    00000048     rtsv7M4_T_le_v4SPD16_eabi.lib : boot.obj (.text)
                  00004a20    00000048     driverlib.lib : udma.obj (.text:uDMAChannelAttributeDisable)
                  00004a68    00000048                   : udma.obj (.text:uDMAChannelAttributeEnable)
                  00004ab0    00000046     grlib.lib : line.obj (.text:GrLineDrawH)
                  00004af6    00000046               : line.obj (.text:GrLineDrawV)
                  00004b3c    00000044     rtsv7M4_T_le_v4SPD16_eabi.lib : cpy_tbl.obj (.text)
                  00004b80    00000044                                   : exit.obj (.text)
                  00004bc4    00000040     MainTestV2.obj (.text:AddMinusFunctionC1)
                  00004c04    00000040     MainTestV2.obj (.text:AddMinusFunctionC2)
                  00004c44    00000040     MainTestV2.obj (.text:AddMinusFunctionTime)
                  00004c84    00000040     MainTestV2.obj (.text:DRadioFreMagnitudeC1)
                  00004cc4    00000040     MainTestV2.obj (.text:DRadioFreMagnitudeC2)
                  00004d04    00000040     MainTestV2.obj (.text:DRadioMenu)
                  00004d44    00000040     MainTestV2.obj (.text:DRadioVolMagnitudeC1)
                  00004d84    00000040     MainTestV2.obj (.text:DRadioVolMagnitudeC2)
                  00004dc4    0000003e     driverlib.lib : adc.obj (.text:ADCSequenceConfigure)
                  00004e02    0000003a     grlib.lib : string.obj (.text:FontGlyphDataGet)
                  00004e3c    00000036               : line.obj (.text:GrClipCodeGet)
                  00004e72    00000002     --HOLE-- [fill = 0]
                  00004e74    00000034     driverlib.lib : sysctl.obj (.text:SysCtlPeripheralEnable)
                  00004ea8    00000034                   : sysctl.obj (.text:SysCtlPeripheralSleepEnable)
                  00004edc    0000002c                   : udma.obj (.text:uDMAChannelAssign)
                  00004f08    0000002a                   : gpio.obj (.text:GPIODirModeSet)
                  00004f32    0000002a     grlib.lib : string.obj (.text:GrFontBaselineGet)
                  00004f5c    0000002a               : string.obj (.text:GrFontHeightGet)
                  00004f86    0000002a               : string.obj (.text:GrStringNextCharGet)
                  00004fb0    0000002a               : widget.obj (.text:WidgetIsInTree)
                  00004fda    00000002     --HOLE-- [fill = 0]
                  00004fdc    00000028     MainTestV2.obj (.text:Timer0IntHandler)
                  00005004    00000026     grlib.lib : string.obj (.text:GrFontInfoGet)
                  0000502a    00000024               : radiobutton.obj (.text:RadioButtonMsgProc)
                  0000504e    00000024               : widget.obj (.text:WidgetAdd)
                  00005072    00000002     --HOLE-- [fill = 0]
                  00005074    00000024     driverlib.lib : udma.obj (.text:uDMAChannelControlSet)
                  00005098    00000022     grlib.lib : string.obj (.text:GrFontGlyphDataGet)
                  000050ba    00000022     driverlib.lib : pwm.obj (.text:PWMGenConfigure)
                  000050dc    00000022     grlib.lib : pushbutton.obj (.text:RectangularButtonMsgProc)
                  000050fe    0000001e               : string.obj (.text:GrFontCodepageGet)
                  0000511c    0000001e     driverlib.lib : pwm.obj (.text:PWMPulseWidthSet)
                  0000513a    00000002     --HOLE-- [fill = 0]
                  0000513c    0000001c                   : sysctl.obj (.text:SysCtlGPIOAHBEnable)
                  00005158    0000001c     grlib.lib : widget.obj (.text:WidgetPointerMessage)
                  00005174    0000001c     driverlib.lib : sysctl.obj (.text:_SysCtlMemTimingGet)
                  00005190    0000001c     MainTestV2.obj (.text:uDMAErrorHandler)
                  000051ac    00000018     driverlib.lib : gpio.obj (.text:GPIOPinTypeGPIOOutput)
                  000051c4    00000018     rtsv7M4_T_le_v4SPD16_eabi.lib : args_main.obj (.text)
                  000051dc    00000018     driverlib.lib : udma.obj (.text:uDMAChannelEnable)
                  000051f4    00000016     Kentec320x240x16_ssd2119_8bit.obj (.text:Kentec320x240x16_SSD2119ColorTranslate)
                  0000520a    00000014     grlib.lib : canvas.obj (.text:CanvasMsgProc)
                  0000521e    00000014               : container.obj (.text:ContainerMsgProc)
                  00005232    00000002     --HOLE-- [fill = 0]
                  00005234    00000014     driverlib.lib : sysctl.obj (.text:SysCtlPWMClockSet)
                  00005248    00000014     grlib.lib : widget.obj (.text:WidgetMutexGet)
                  0000525c    00000014     rtsv7M4_T_le_v4SPD16_eabi.lib : _lock.obj (.text)
                  00005270    00000012     driverlib.lib : adc.obj (.text:ADCHardwareOversampleConfigure)
                  00005282    00000012                   : gpio.obj (.text:GPIOPinTypeEPI)
                  00005294    00000012                   : gpio.obj (.text:GPIOPinTypeGPIOInput)
                  000052a6    00000012                   : gpio.obj (.text:GPIOPinTypePWM)
                  000052b8    00000012     grlib.lib : string.obj (.text:GrStringDraw)
                  000052ca    00000012     driverlib.lib : pwm.obj (.text:PWMOutputState)
                  000052dc    00000012                   : timer.obj (.text:TimerLoadSet)
                  000052ee    00000012     rtsv7M4_T_le_v4SPD16_eabi.lib : copy_zero_init.obj (.text:decompress:ZI)
                  00005300    00000010     driverlib.lib : adc.obj (.text:ADCIntEnable)
                  00005310    00000010                   : fpu.obj (.text:FPUEnable)
                  00005320    00000010                   : fpu.obj (.text:FPULazyStackingEnable)
                  00005330    00000010                   : pwm.obj (.text:PWMGenPeriodSet)
                  00005340    00000010                   : udma.obj (.text:uDMAEnable)
                  00005350    0000000e                   : adc.obj (.text:ADCSequenceEnable)
                  0000535e    0000000e                   : epi.obj (.text:EPIIntStatus)
                  0000536c    0000000e     grlib.lib : image.obj (.text:GrImageDraw)
                  0000537a    0000000e     driverlib.lib : timer.obj (.text:TimerEnable)
                  00005388    0000000e     rtsv7M4_T_le_v4SPD16_eabi.lib : copy_decompress_none.obj (.text:decompress:none)
                  00005396    0000000c     driverlib.lib : cpu.obj (.text:CPUcpsie)
                  000053a2    0000000c                   : epi.obj (.text:EPIConfigGPModeSet)
                  000053ae    0000000c                   : epi.obj (.text:EPIIntEnable)
                  000053ba    0000000c                   : pwm.obj (.text:PWMGenEnable)
                  000053c6    00000002     --HOLE-- [fill = 0]
                  000053c8    0000000c     touch.obj (.text:TouchScreenCallbackSet)
                  000053d4    0000000c     driverlib.lib : udma.obj (.text:uDMAControlBaseSet)
                  000053e0    0000000c                   : udma.obj (.text:uDMAErrorStatusClear)
                  000053ec    0000000c                   : udma.obj (.text:uDMAErrorStatusGet)
                  000053f8    0000000c                   : udma.obj (.text:uDMAIntClear)
                  00005404    0000000a                   : epi.obj (.text:EPINonBlockingReadConfigure)
                  0000540e    0000000a                   : interrupt.obj (.text:IntMasterEnable)
                  00005418    00000008                   : epi.obj (.text:EPINonBlockingReadStart)
                  00005420    00000008     grlib.lib : charmap.obj (.text:GrMapISO8859_1_Unicode)
                  00005428    00000008     driverlib.lib : timer.obj (.text:TimerIntEnable)
                  00005430    00000006                   : epi.obj (.text:EPIFIFOConfig)
                  00005436    00000006                   : epi.obj (.text:EPIIntErrorClear)
                  0000543c    00000006                   : gpio.obj (.text:GPIOPinWrite)
                  00005442    00000006     grlib.lib : string.obj (.text:GrContextFontSet)
                  00005448    00000006     startup_ccs.obj (.text:ResetISR)
                  0000544e    00000006     driverlib.lib : sysctl.obj (.text:SysCtlDelay)
                  00005454    00000006     grlib.lib : widget.obj (.text:WidgetMutexPut)
                  0000545a    00000006     rtsv7M4_T_le_v4SPD16_eabi.lib : copy_decompress_rle.obj (.text:decompress:rle24)
                  00005460    00000004     driverlib.lib : epi.obj (.text:EPIAddressMapSet)
                  00005464    00000004                   : epi.obj (.text:EPIDividerSet)
                  00005468    00000004                   : epi.obj (.text:EPIModeSet)
                  0000546c    00000004                   : timer.obj (.text:TimerIntClear)
                  00005470    00000004     grlib.lib : widget.obj (.text:WidgetDefaultMsgProc)

.const     0    00005474    00001f9c     
                  00005474    00000759     grlib.lib : fontcm16.obj (.const:.string:g_pui8Cm16Data)
                  00005bcd    00000003     --HOLE-- [fill = 0]
                  00005bd0    0000065a               : fontcm14.obj (.const:.string:g_pui8Cm14Data)
                  0000622a    00000002     --HOLE-- [fill = 0]
                  0000622c    00000609               : fontcmss14.obj (.const:.string:g_pui8Cmss14Data)
                  00006835    00000003     --HOLE-- [fill = 0]
                  00006838    00000514               : fontcmss12.obj (.const:.string:g_pui8Cmss12Data)
                  00006d4c    00000120     driverlib.lib : sysctl.obj (.const:g_pppui32XTALtoVCO)
                  00006e6c    000000c8     grlib.lib : fontcm14.obj (.const:g_sFontCm14)
                  00006f34    000000c8               : fontcm16.obj (.const:g_sFontCm16)
                  00006ffc    000000c8               : fontcmss12.obj (.const:g_sFontCmss12)
                  000070c4    000000c8               : fontcmss14.obj (.const:g_sFontCmss14)
                  0000718c    00000090     driverlib.lib : gpio.obj (.const:g_pui32GPIOBaseAddrs)
                  0000721c    0000008c     MainTestV2.obj (.const:.string)
                  000072a8    00000070     driverlib.lib : interrupt.obj (.const)
                  00007318    0000006c                   : sysctl.obj (.const:g_pui32Xtals)
                  00007384    00000030                   : sysctl.obj (.const:g_sXTALtoMEMTIM)
                  000073b4    00000028     Kentec320x240x16_ssd2119_8bit.obj (.const:g_sKentec320x240x16_SSD2119)
                  000073dc    0000001c     touch.obj (.const)
                  000073f8    00000010     grlib.lib : context.obj (.const)
                  00007408    00000008     driverlib.lib : sysctl.obj (.const)

.cinit     0    00007410    00000a08     
                  00007410    000009de     (.cinit..data.load) [load image, compression = rle]
                  00007dee    00000002     --HOLE-- [fill = 0]
                  00007df0    0000000c     (__TI_handler_table)
                  00007dfc    00000004     --HOLE-- [fill = 0]
                  00007e00    00000008     (.cinit..bss.load) [load image, compression = zero_init]
                  00007e08    00000010     (__TI_cinit_table)

.bss       0    20000000    0000cb94     UNINITIALIZED
                  20000000    00008000     MainTestV2.obj (.bss:values)
                  20008000    00001000     MainTestV2.obj (.bss:g_ui32DstBuf2)
                  20009000    00001000     MainTestV2.obj (.bss:g_ui32DstBuf)
                  2000a000    00001000     MainTestV2.obj (.bss:inputs2)
                  2000b000    00001000     MainTestV2.obj (.bss:inputs)
                  2000c000    00000400     MainTestV2.obj (.bss:pui8ControlTable)
                  2000c400    00000280     MainTestV2.obj (.bss:old)
                  2000c680    00000280     MainTestV2.obj (.bss:pixels)
                  2000c900    00000140     grlib.lib : widget.obj (.bss:g_psMQ)
                  2000ca40    00000060     MainTestV2.obj (.bss:oppreceive)
                  2000caa0    00000060     MainTestV2.obj (.bss:receive)
                  2000cb00    0000002c     MainTestV2.obj (.bss:sContext)
                  2000cb2c    00000020     grlib.lib : image.obj (.bss)
                  2000cb4c    00000010     (.common:g_pi16Samples)
                  2000cb5c    00000004               : context.obj (.bss)
                  2000cb60    00000004     (.common:EPISource)
                  2000cb64    00000004     (.common:g_pfnTSHandler)
                  2000cb68    00000004     (.common:g_pi32ParmSet)
                  2000cb6c    00000004     (.common:g_ui32TSState)
                  2000cb70    00000004     (.common:tempMagVolDivC1)
                  2000cb74    00000004     (.common:tempMagVolDivC2)
                  2000cb78    00000004     (.common:tempTimVolDivC1)
                  2000cb7c    00000004     (.common:ui32Mode)
                  2000cb80    00000004     (.common:ui32SysClkFreq)
                  2000cb84    00000004     (.common:x)
                  2000cb88    00000004     (.common:y)
                  2000cb8c    00000002     (.common:g_i16TouchX)
                  2000cb8e    00000002     (.common:g_i16TouchY)
                  2000cb90    00000002     (.common:midlevel)
                  2000cb92    00000001     (.common:alt)
                  2000cb93    00000001     (.common:pri)

.data      0    2000cb94    00000d3c     UNINITIALIZED
                  2000cb94    000001e0     MainTestV2.obj (.data:g_psBotButtons)
                  2000cd74    000001e0     MainTestV2.obj (.data:g_psTopButtons)
                  2000cf54    00000100     MainTestV2.obj (.data:g_psRadioBtnMenu)
                  2000d054    000000c0     MainTestV2.obj (.data:g_psRadioBtnFreqMagC1)
                  2000d114    000000c0     MainTestV2.obj (.data:g_psRadioBtnFreqMagC2)
                  2000d1d4    000000c0     MainTestV2.obj (.data:g_psRadioBtnVolMagC1)
                  2000d294    000000c0     MainTestV2.obj (.data:g_psRadioBtnVolMagC2)
                  2000d354    00000071     MainTestV2.obj (.data)
                  2000d3c5    00000003     --HOLE--
                  2000d3c8    00000050     MainTestV2.obj (.data:g_sPushBtnAddC1)
                  2000d418    00000050     MainTestV2.obj (.data:g_sPushBtnAddC2)
                  2000d468    00000050     MainTestV2.obj (.data:g_sPushBtnAddTime)
                  2000d4b8    00000050     MainTestV2.obj (.data:g_sPushBtnMinusC1)
                  2000d508    00000050     MainTestV2.obj (.data:g_sPushBtnMinusC2)
                  2000d558    00000050     MainTestV2.obj (.data:g_sPushBtnMinusTime)
                  2000d5a8    00000040     MainTestV2.obj (.data:g_sAddMinusC1)
                  2000d5e8    00000040     MainTestV2.obj (.data:g_sAddMinusC2)
                  2000d628    00000040     MainTestV2.obj (.data:g_sAddMinusTime)
                  2000d668    00000040     MainTestV2.obj (.data:g_sBackground)
                  2000d6a8    00000040     MainTestV2.obj (.data:g_sBottom)
                  2000d6e8    00000040     MainTestV2.obj (.data:g_sTop)
                  2000d728    00000040     MainTestV2.obj (.data:g_sWaveform)
                  2000d768    00000038     MainTestV2.obj (.data:g_sContainerFreMagnitudeC1)
                  2000d7a0    00000038     MainTestV2.obj (.data:g_sContainerFreMagnitudeC2)
                  2000d7d8    00000038     MainTestV2.obj (.data:g_sContainerMenu)
                  2000d810    00000038     MainTestV2.obj (.data:g_sContainerVolMagnitudeC1)
                  2000d848    00000038     MainTestV2.obj (.data:g_sContainerVolMagnitudeC2)
                  2000d880    0000002d     grlib.lib : widget.obj (.data)
                  2000d8ad    00000003     --HOLE--
                  2000d8b0    00000008     Kentec320x240x16_ssd2119_8bit.obj (.data)
                  2000d8b8    00000008     rtsv7M4_T_le_v4SPD16_eabi.lib : _lock.obj (.data)
                  2000d8c0    00000008                                   : exit.obj (.data)
                  2000d8c8    00000004                                   : stkdepth_vars.obj (.data)
                  2000d8cc    00000004     touch.obj (.data)

.stack     0    2000d8d0    00000400     UNINITIALIZED
                  2000d8d0    00000400     --HOLE--


LINKER GENERATED COPY TABLES

__TI_cinit_table @ 00007e08 records: 2, size/record: 8, table size: 16
	.data: load addr=00007410, load size=000009de bytes, run addr=2000cb94, run size=00000d3c bytes, compression=rle
	.bss: load addr=00007e00, load size=00000008 bytes, run addr=20000000, run size=0000cb94 bytes, compression=zero_init


LINKER GENERATED HANDLER TABLE

__TI_handler_table @ 00007df0 records: 3, size/record: 4, table size: 12
	index: 0, handler: __TI_decompress_rle24
	index: 1, handler: __TI_decompress_none
	index: 2, handler: __TI_zero_init


GLOBAL SYMBOLS: SORTED ALPHABETICALLY BY Name 

address    name
--------   ----
00005271   ADCHardwareOversampleConfigure
00005301   ADCIntEnable
00004dc5   ADCSequenceConfigure
00005351   ADCSequenceEnable
000040e3   ADCSequenceStepConfigure
00003961   AddMagDivC1
00003885   AddMagDivC2
00004bc5   AddMinusFunctionC1
00004c05   AddMinusFunctionC2
00004c45   AddMinusFunctionTime
000035c1   AddTimeDiv
2000d3c4   ButtonTF
00004b81   C$$EXIT
00005397   CPUcpsie
0000520b   CanvasMsgProc
2000d398   CaptureMode
00004165   ClrMyWidget
0000521f   ContainerMsgProc
2000d384   CountSize
00004c85   DRadioFreMagnitudeC1
00004cc5   DRadioFreMagnitudeC2
00004d05   DRadioMenu
00004d45   DRadioVolMagnitudeC1
00004d85   DRadioVolMagnitudeC2
00002571   DWaveForm
00005461   EPIAddressMapSet
000053a3   EPIConfigGPModeSet
2000d380   EPIDivide
00005465   EPIDividerSet
00005431   EPIFIFOConfig
000053af   EPIIntEnable
00005437   EPIIntErrorClear
000030e9   EPIIntHandler
0000535f   EPIIntStatus
00005469   EPIModeSet
00005405   EPINonBlockingReadConfigure
00005419   EPINonBlockingReadStart
2000cb60   EPISource
00005311   FPUEnable
00005321   FPULazyStackingEnable
00004f09   GPIODirModeSet
00002c51   GPIOPadConfigSet
00004949   GPIOPinConfigure
00005283   GPIOPinTypeEPI
00005295   GPIOPinTypeGPIOInput
000051ad   GPIOPinTypeGPIOOutput
000052a7   GPIOPinTypePWM
0000543d   GPIOPinWrite
2000d397   GoThrough
00001d45   GrCircleDraw
000029c7   GrCircleFill
000045cd   GrContextClipRegionSet
00005443   GrContextFontSet
00004505   GrContextInit
00003b09   GrDefaultStringRenderer
00004f33   GrFontBaselineGet
000050ff   GrFontCodepageGet
00005099   GrFontGlyphDataGet
000018e1   GrFontGlyphRender
00004f5d   GrFontHeightGet
00005005   GrFontInfoGet
0000536d   GrImageDraw
000031e9   GrLineDraw
00004ab1   GrLineDrawH
00004af7   GrLineDrawV
00005421   GrMapISO8859_1_Unicode
0000449d   GrRectDraw
0000405d   GrRectFill
000052b9   GrStringDraw
00004f87   GrStringNextCharGet
00004361   GrStringWidthGet
000043cd   InitSWTransfer
00004631   IntEnable
0000540f   IntMasterEnable
00001679   Kentec320x240x16_SSD2119Init
2000d3a1   Mag1
2000d3a2   Mag2
000036ad   MinusMagDivC1
000033e1   MinusMagDivC2
000032e9   MinusTimeDiv
2000d396   NumAvg
2000d39a   NumSkip
000050bb   PWMGenConfigure
000053bb   PWMGenEnable
00005331   PWMGenPeriodSet
000052cb   PWMOutputState
0000511d   PWMPulseWidthSet
0000502b   RadioButtonMsgProc
000050dd   RectangularButtonMsgProc
00005449   ResetISR
UNDEFED    SHT$$INIT_ARRAY$$Base
UNDEFED    SHT$$INIT_ARRAY$$Limit
00004435   SetupTimeDivision
00003ea5   SetupVoltageDivision
00001b49   SysCtlClockFreqSet
0000544f   SysCtlDelay
0000513d   SysCtlGPIOAHBEnable
00005235   SysCtlPWMClockSet
00004e75   SysCtlPeripheralEnable
00004ea9   SysCtlPeripheralSleepEnable
2000d3a3   Time
00004fdd   Timer0IntHandler
000043cb   Timer1IntHandler
0000474d   TimerConfigure
00004801   TimerControlTrigger
0000537b   TimerEnable
0000546d   TimerIntClear
00005429   TimerIntEnable
000052dd   TimerLoadSet
000053c9   TouchScreenCallbackSet
00002ead   TouchScreenInit
00002d81   TouchScreenIntHandler
2000d395   Trigger
2000d390   TriggerLevel
2000d399   TriggerMode
2000d39c   TriggerPosition
2000d394   TriggerStart
0000504f   WidgetAdd
00005471   WidgetDefaultMsgProc
000034d1   WidgetMessageQueueAdd
00004569   WidgetMessageQueueProcess
00003d59   WidgetMessageSendPostOrder
00004859   WidgetMessageSendPreOrder
00005249   WidgetMutexGet
00005455   WidgetMutexPut
00005159   WidgetPointerMessage
000048b1   WidgetRemove
2000d8b4   WriteCommand
2000d8b0   WriteData
2000dcd0   __STACK_END
00000400   __STACK_SIZE
2000dcd0   __STACK_TOP
00007e08   __TI_CINIT_Base
00007e18   __TI_CINIT_Limit
00007df0   __TI_Handler_Table_Base
00007dfc   __TI_Handler_Table_Limit
00000001   __TI_args_main
00003f3d   __TI_auto_init
2000d8c0   __TI_cleanup_ptr
00005389   __TI_decompress_none
0000545b   __TI_decompress_rle24
2000d8c4   __TI_dtors_ptr
00000000   __TI_static_base__
000052ef   __TI_zero_init
00003e09   __aeabi_memcpy
00003e09   __aeabi_memcpy4
00003e09   __aeabi_memcpy8
ffffffff   __binit__
ffffffff   __c_args__
2000d8d0   __stack
000051c5   _args_main
000049d9   _c_int00
2000d8b8   _lock
0000526b   _nop
00005263   _register_lock
0000525d   _register_unlock
2000d8bc   _unlock
00004b85   abort
2000d39f   above
2000d3a5   adone
2000cb92   alt
2000d39e   below
ffffffff   binit
2000d3a0   clockout
00004b3d   copy_in
2000d388   count
00004b8d   exit
2000d370   f
2000d8cc   g_i16TouchMin
2000cb8c   g_i16TouchX
2000cb8e   g_i16TouchY
00000000   g_pfnVectors
2000cb68   g_pi32ParmSet
000073dc   g_pi32TouchParameters
2000cb94   g_psBotButtons
000073f8   g_psDefaultCodePointMapTable
2000d054   g_psRadioBtnFreqMagC1
2000d114   g_psRadioBtnFreqMagC2
2000cf54   g_psRadioBtnMenu
2000d1d4   g_psRadioBtnVolMagC1
2000d294   g_psRadioBtnVolMagC2
2000cd74   g_psTopButtons
2000d5a8   g_sAddMinusC1
2000d5e8   g_sAddMinusC2
2000d628   g_sAddMinusTime
2000d668   g_sBackground
2000d6a8   g_sBottom
2000d768   g_sContainerFreMagnitudeC1
2000d7a0   g_sContainerFreMagnitudeC2
2000d7d8   g_sContainerMenu
2000d810   g_sContainerVolMagnitudeC1
2000d848   g_sContainerVolMagnitudeC2
00006e6c   g_sFontCm14
00006f34   g_sFontCm16
00006ffc   g_sFontCmss12
000070c4   g_sFontCmss14
000073b4   g_sKentec320x240x16_SSD2119
2000d3c8   g_sPushBtnAddC1
2000d418   g_sPushBtnAddC2
2000d468   g_sPushBtnAddTime
2000d4b8   g_sPushBtnMinusC1
2000d508   g_sPushBtnMinusC2
2000d558   g_sPushBtnMinusTime
2000d880   g_sRoot
2000d6e8   g_sTop
2000d728   g_sWaveform
2000d368   i
2000b000   inputs
2000a000   inputs2
2000d36c   j
2000d374   k
2000d37c   l
2000d378   m
2000d3b0   magVolDivC1
2000d3a6   magVolDivC2
00000201   main
2000d8c8   main_func_sp
00003e09   memcpy
2000cb90   midlevel
2000c400   old
2000ca40   oppreceive
2000d3a4   pdone
2000d364   pixel_divider
2000d38c   pixel_total
2000c680   pixels
2000cb93   pri
2000c000   pui8ControlTable
2000caa0   receive
2000cb00   sContext
00000b91   setup
2000cb70   tempMagVolDivC1
2000cb74   tempMagVolDivC2
2000cb78   tempTimVolDivC1
2000d3ba   timVolDivC1
00004edd   uDMAChannelAssign
00004a21   uDMAChannelAttributeDisable
00004a69   uDMAChannelAttributeEnable
00005075   uDMAChannelControlSet
000051dd   uDMAChannelEnable
00004265   uDMAChannelTransferSet
000053d5   uDMAControlBaseSet
00005341   uDMAEnable
00005191   uDMAErrorHandler
000053e1   uDMAErrorStatusClear
000053ed   uDMAErrorStatusGet
000053f9   uDMAIntClear
2000cb7c   ui32Mode
2000cb80   ui32SysClkFreq
20000000   values
2000cb84   x
2000cb88   y


GLOBAL SYMBOLS: SORTED BY Symbol Address 

address    name
--------   ----
00000000   __TI_static_base__
00000000   g_pfnVectors
00000001   __TI_args_main
00000201   main
00000400   __STACK_SIZE
00000b91   setup
00001679   Kentec320x240x16_SSD2119Init
000018e1   GrFontGlyphRender
00001b49   SysCtlClockFreqSet
00001d45   GrCircleDraw
00002571   DWaveForm
000029c7   GrCircleFill
00002c51   GPIOPadConfigSet
00002d81   TouchScreenIntHandler
00002ead   TouchScreenInit
000030e9   EPIIntHandler
000031e9   GrLineDraw
000032e9   MinusTimeDiv
000033e1   MinusMagDivC2
000034d1   WidgetMessageQueueAdd
000035c1   AddTimeDiv
000036ad   MinusMagDivC1
00003885   AddMagDivC2
00003961   AddMagDivC1
00003b09   GrDefaultStringRenderer
00003d59   WidgetMessageSendPostOrder
00003e09   __aeabi_memcpy
00003e09   __aeabi_memcpy4
00003e09   __aeabi_memcpy8
00003e09   memcpy
00003ea5   SetupVoltageDivision
00003f3d   __TI_auto_init
0000405d   GrRectFill
000040e3   ADCSequenceStepConfigure
00004165   ClrMyWidget
00004265   uDMAChannelTransferSet
00004361   GrStringWidthGet
000043cb   Timer1IntHandler
000043cd   InitSWTransfer
00004435   SetupTimeDivision
0000449d   GrRectDraw
00004505   GrContextInit
00004569   WidgetMessageQueueProcess
000045cd   GrContextClipRegionSet
00004631   IntEnable
0000474d   TimerConfigure
00004801   TimerControlTrigger
00004859   WidgetMessageSendPreOrder
000048b1   WidgetRemove
00004949   GPIOPinConfigure
000049d9   _c_int00
00004a21   uDMAChannelAttributeDisable
00004a69   uDMAChannelAttributeEnable
00004ab1   GrLineDrawH
00004af7   GrLineDrawV
00004b3d   copy_in
00004b81   C$$EXIT
00004b85   abort
00004b8d   exit
00004bc5   AddMinusFunctionC1
00004c05   AddMinusFunctionC2
00004c45   AddMinusFunctionTime
00004c85   DRadioFreMagnitudeC1
00004cc5   DRadioFreMagnitudeC2
00004d05   DRadioMenu
00004d45   DRadioVolMagnitudeC1
00004d85   DRadioVolMagnitudeC2
00004dc5   ADCSequenceConfigure
00004e75   SysCtlPeripheralEnable
00004ea9   SysCtlPeripheralSleepEnable
00004edd   uDMAChannelAssign
00004f09   GPIODirModeSet
00004f33   GrFontBaselineGet
00004f5d   GrFontHeightGet
00004f87   GrStringNextCharGet
00004fdd   Timer0IntHandler
00005005   GrFontInfoGet
0000502b   RadioButtonMsgProc
0000504f   WidgetAdd
00005075   uDMAChannelControlSet
00005099   GrFontGlyphDataGet
000050bb   PWMGenConfigure
000050dd   RectangularButtonMsgProc
000050ff   GrFontCodepageGet
0000511d   PWMPulseWidthSet
0000513d   SysCtlGPIOAHBEnable
00005159   WidgetPointerMessage
00005191   uDMAErrorHandler
000051ad   GPIOPinTypeGPIOOutput
000051c5   _args_main
000051dd   uDMAChannelEnable
0000520b   CanvasMsgProc
0000521f   ContainerMsgProc
00005235   SysCtlPWMClockSet
00005249   WidgetMutexGet
0000525d   _register_unlock
00005263   _register_lock
0000526b   _nop
00005271   ADCHardwareOversampleConfigure
00005283   GPIOPinTypeEPI
00005295   GPIOPinTypeGPIOInput
000052a7   GPIOPinTypePWM
000052b9   GrStringDraw
000052cb   PWMOutputState
000052dd   TimerLoadSet
000052ef   __TI_zero_init
00005301   ADCIntEnable
00005311   FPUEnable
00005321   FPULazyStackingEnable
00005331   PWMGenPeriodSet
00005341   uDMAEnable
00005351   ADCSequenceEnable
0000535f   EPIIntStatus
0000536d   GrImageDraw
0000537b   TimerEnable
00005389   __TI_decompress_none
00005397   CPUcpsie
000053a3   EPIConfigGPModeSet
000053af   EPIIntEnable
000053bb   PWMGenEnable
000053c9   TouchScreenCallbackSet
000053d5   uDMAControlBaseSet
000053e1   uDMAErrorStatusClear
000053ed   uDMAErrorStatusGet
000053f9   uDMAIntClear
00005405   EPINonBlockingReadConfigure
0000540f   IntMasterEnable
00005419   EPINonBlockingReadStart
00005421   GrMapISO8859_1_Unicode
00005429   TimerIntEnable
00005431   EPIFIFOConfig
00005437   EPIIntErrorClear
0000543d   GPIOPinWrite
00005443   GrContextFontSet
00005449   ResetISR
0000544f   SysCtlDelay
00005455   WidgetMutexPut
0000545b   __TI_decompress_rle24
00005461   EPIAddressMapSet
00005465   EPIDividerSet
00005469   EPIModeSet
0000546d   TimerIntClear
00005471   WidgetDefaultMsgProc
00006e6c   g_sFontCm14
00006f34   g_sFontCm16
00006ffc   g_sFontCmss12
000070c4   g_sFontCmss14
000073b4   g_sKentec320x240x16_SSD2119
000073dc   g_pi32TouchParameters
000073f8   g_psDefaultCodePointMapTable
00007df0   __TI_Handler_Table_Base
00007dfc   __TI_Handler_Table_Limit
00007e08   __TI_CINIT_Base
00007e18   __TI_CINIT_Limit
20000000   values
2000a000   inputs2
2000b000   inputs
2000c000   pui8ControlTable
2000c400   old
2000c680   pixels
2000ca40   oppreceive
2000caa0   receive
2000cb00   sContext
2000cb60   EPISource
2000cb68   g_pi32ParmSet
2000cb70   tempMagVolDivC1
2000cb74   tempMagVolDivC2
2000cb78   tempTimVolDivC1
2000cb7c   ui32Mode
2000cb80   ui32SysClkFreq
2000cb84   x
2000cb88   y
2000cb8c   g_i16TouchX
2000cb8e   g_i16TouchY
2000cb90   midlevel
2000cb92   alt
2000cb93   pri
2000cb94   g_psBotButtons
2000cd74   g_psTopButtons
2000cf54   g_psRadioBtnMenu
2000d054   g_psRadioBtnFreqMagC1
2000d114   g_psRadioBtnFreqMagC2
2000d1d4   g_psRadioBtnVolMagC1
2000d294   g_psRadioBtnVolMagC2
2000d364   pixel_divider
2000d368   i
2000d36c   j
2000d370   f
2000d374   k
2000d378   m
2000d37c   l
2000d380   EPIDivide
2000d384   CountSize
2000d388   count
2000d38c   pixel_total
2000d390   TriggerLevel
2000d394   TriggerStart
2000d395   Trigger
2000d396   NumAvg
2000d397   GoThrough
2000d398   CaptureMode
2000d399   TriggerMode
2000d39a   NumSkip
2000d39c   TriggerPosition
2000d39e   below
2000d39f   above
2000d3a0   clockout
2000d3a1   Mag1
2000d3a2   Mag2
2000d3a3   Time
2000d3a4   pdone
2000d3a5   adone
2000d3a6   magVolDivC2
2000d3b0   magVolDivC1
2000d3ba   timVolDivC1
2000d3c4   ButtonTF
2000d3c8   g_sPushBtnAddC1
2000d418   g_sPushBtnAddC2
2000d468   g_sPushBtnAddTime
2000d4b8   g_sPushBtnMinusC1
2000d508   g_sPushBtnMinusC2
2000d558   g_sPushBtnMinusTime
2000d5a8   g_sAddMinusC1
2000d5e8   g_sAddMinusC2
2000d628   g_sAddMinusTime
2000d668   g_sBackground
2000d6a8   g_sBottom
2000d6e8   g_sTop
2000d728   g_sWaveform
2000d768   g_sContainerFreMagnitudeC1
2000d7a0   g_sContainerFreMagnitudeC2
2000d7d8   g_sContainerMenu
2000d810   g_sContainerVolMagnitudeC1
2000d848   g_sContainerVolMagnitudeC2
2000d880   g_sRoot
2000d8b0   WriteData
2000d8b4   WriteCommand
2000d8b8   _lock
2000d8bc   _unlock
2000d8c0   __TI_cleanup_ptr
2000d8c4   __TI_dtors_ptr
2000d8c8   main_func_sp
2000d8cc   g_i16TouchMin
2000d8d0   __stack
2000dcd0   __STACK_END
2000dcd0   __STACK_TOP
ffffffff   __binit__
ffffffff   __c_args__
ffffffff   binit
UNDEFED    SHT$$INIT_ARRAY$$Base
UNDEFED    SHT$$INIT_ARRAY$$Limit

[251 symbols]
